Archive member included to satisfy reference by file (symbol)

C:/ProgramData/MATLAB/SupportPackages/R2022a/3P.instrset/cmsis.instrset/CMSIS/RTOS/RTX/LIB/GCC/libRTX_CM4.a(rt_cmsis.o)
                              RTX_Conf_CM.o (osKernelInitialize)
C:/ProgramData/MATLAB/SupportPackages/R2022a/3P.instrset/cmsis.instrset/CMSIS/RTOS/RTX/LIB/GCC/libRTX_CM4.a(hal_cm.o)
                              C:/ProgramData/MATLAB/SupportPackages/R2022a/3P.instrset/cmsis.instrset/CMSIS/RTOS/RTX/LIB/GCC/libRTX_CM4.a(rt_cmsis.o) (rt_ret_val)
C:/ProgramData/MATLAB/SupportPackages/R2022a/3P.instrset/cmsis.instrset/CMSIS/RTOS/RTX/LIB/GCC/libRTX_CM4.a(rt_memory.o)
                              C:/ProgramData/MATLAB/SupportPackages/R2022a/3P.instrset/cmsis.instrset/CMSIS/RTOS/RTX/LIB/GCC/libRTX_CM4.a(rt_cmsis.o) (rt_init_mem)
C:/ProgramData/MATLAB/SupportPackages/R2022a/3P.instrset/cmsis.instrset/CMSIS/RTOS/RTX/LIB/GCC/libRTX_CM4.a(rt_membox.o)
                              C:/ProgramData/MATLAB/SupportPackages/R2022a/3P.instrset/cmsis.instrset/CMSIS/RTOS/RTX/LIB/GCC/libRTX_CM4.a(rt_cmsis.o) (_init_box)
C:/ProgramData/MATLAB/SupportPackages/R2022a/3P.instrset/cmsis.instrset/CMSIS/RTOS/RTX/LIB/GCC/libRTX_CM4.a(rt_mutex.o)
                              C:/ProgramData/MATLAB/SupportPackages/R2022a/3P.instrset/cmsis.instrset/CMSIS/RTOS/RTX/LIB/GCC/libRTX_CM4.a(rt_cmsis.o) (rt_mut_init)
C:/ProgramData/MATLAB/SupportPackages/R2022a/3P.instrset/cmsis.instrset/CMSIS/RTOS/RTX/LIB/GCC/libRTX_CM4.a(rt_time.o)
                              C:/ProgramData/MATLAB/SupportPackages/R2022a/3P.instrset/cmsis.instrset/CMSIS/RTOS/RTX/LIB/GCC/libRTX_CM4.a(rt_cmsis.o) (os_time)
C:/ProgramData/MATLAB/SupportPackages/R2022a/3P.instrset/cmsis.instrset/CMSIS/RTOS/RTX/LIB/GCC/libRTX_CM4.a(rt_semaphore.o)
                              C:/ProgramData/MATLAB/SupportPackages/R2022a/3P.instrset/cmsis.instrset/CMSIS/RTOS/RTX/LIB/GCC/libRTX_CM4.a(rt_cmsis.o) (rt_sem_init)
C:/ProgramData/MATLAB/SupportPackages/R2022a/3P.instrset/cmsis.instrset/CMSIS/RTOS/RTX/LIB/GCC/libRTX_CM4.a(rt_mailbox.o)
                              C:/ProgramData/MATLAB/SupportPackages/R2022a/3P.instrset/cmsis.instrset/CMSIS/RTOS/RTX/LIB/GCC/libRTX_CM4.a(rt_cmsis.o) (rt_mbx_init)
C:/ProgramData/MATLAB/SupportPackages/R2022a/3P.instrset/cmsis.instrset/CMSIS/RTOS/RTX/LIB/GCC/libRTX_CM4.a(rt_list.o)
                              C:/ProgramData/MATLAB/SupportPackages/R2022a/3P.instrset/cmsis.instrset/CMSIS/RTOS/RTX/LIB/GCC/libRTX_CM4.a(rt_cmsis.o) (rt_put_prio)
C:/ProgramData/MATLAB/SupportPackages/R2022a/3P.instrset/cmsis.instrset/CMSIS/RTOS/RTX/LIB/GCC/libRTX_CM4.a(rt_event.o)
                              C:/ProgramData/MATLAB/SupportPackages/R2022a/3P.instrset/cmsis.instrset/CMSIS/RTOS/RTX/LIB/GCC/libRTX_CM4.a(rt_cmsis.o) (rt_evt_wait)
C:/ProgramData/MATLAB/SupportPackages/R2022a/3P.instrset/cmsis.instrset/CMSIS/RTOS/RTX/LIB/GCC/libRTX_CM4.a(rt_system.o)
                              C:/ProgramData/MATLAB/SupportPackages/R2022a/3P.instrset/cmsis.instrset/CMSIS/RTOS/RTX/LIB/GCC/libRTX_CM4.a(rt_cmsis.o) (rt_suspend)
C:/ProgramData/MATLAB/SupportPackages/R2022a/3P.instrset/cmsis.instrset/CMSIS/RTOS/RTX/LIB/GCC/libRTX_CM4.a(rt_task.o)
                              C:/ProgramData/MATLAB/SupportPackages/R2022a/3P.instrset/cmsis.instrset/CMSIS/RTOS/RTX/LIB/GCC/libRTX_CM4.a(rt_system.o) (rt_switch_req)
C:/ProgramData/MATLAB/SupportPackages/R2022a/3P.instrset/cmsis.instrset/CMSIS/RTOS/RTX/LIB/GCC/libRTX_CM4.a(hal_cm4.o)
                              C:/ProgramData/MATLAB/SupportPackages/R2022a/3P.instrset/cmsis.instrset/CMSIS/RTOS/RTX/LIB/GCC/libRTX_CM4.a(rt_task.o) (rt_get_PSP)
C:/ProgramData/MATLAB/SupportPackages/R2022a/3P.instrset/cmsis.instrset/CMSIS/RTOS/RTX/LIB/GCC/libRTX_CM4.a(svc_table.o)
                              C:/ProgramData/MATLAB/SupportPackages/R2022a/3P.instrset/cmsis.instrset/CMSIS/RTOS/RTX/LIB/GCC/libRTX_CM4.a(hal_cm4.o) (SVC_Table)
C:/ProgramData/MATLAB/SupportPackages/R2022a/3P.instrset/cmsis.instrset/CMSIS/RTOS/RTX/LIB/GCC/libRTX_CM4.a(rt_robin.o)
                              C:/ProgramData/MATLAB/SupportPackages/R2022a/3P.instrset/cmsis.instrset/CMSIS/RTOS/RTX/LIB/GCC/libRTX_CM4.a(rt_system.o) (os_robin)
C:/ProgramData/MATLAB/SupportPackages/R2022a/toolbox/target/supportpackages/freedomk64f/src/ksdk_armgcc_lib/bm/libksdk_platform.a(fsl_os_abstraction_bm.o)
                              MW_SCI.o (OSA_SemaPost)
C:/ProgramData/MATLAB/SupportPackages/R2022a/toolbox/target/supportpackages/freedomk64f/src/ksdk_armgcc_lib/bm/libksdk_platform.a(fsl_clock_manager.o)
                              board.o (CLOCK_SYS_OscInit)
C:/ProgramData/MATLAB/SupportPackages/R2022a/toolbox/target/supportpackages/freedomk64f/src/ksdk_armgcc_lib/bm/libksdk_platform.a(fsl_clock_manager_common.o)
                              C:/ProgramData/MATLAB/SupportPackages/R2022a/toolbox/target/supportpackages/freedomk64f/src/ksdk_armgcc_lib/bm/libksdk_platform.a(fsl_clock_manager.o) (g_oscBase)
[...]
Memory Configuration

Name             Origin             Length             Attributes
m_interrupts     0x00000000         0x00000400         xr
m_flash_config   0x00000400         0x00000010         xr
m_text           0x00000410         0x000ffbf0         xr
m_data_2         0x1fff0000         0x00010000         rw
m_data           0x20000000         0x00030000         rw
*default*        0x00000000         0xffffffff

Linker script and memory map

LOAD c:/progra~3/matlab/supportpackages/r2022a/3p.instrset/gnuarm-armcortex.instrset/win/bin/../lib/gcc/arm-none-eabi/9.3.1/thumb/v7e-m+fp/hard/crti.o
LOAD c:/progra~3/matlab/supportpackages/r2022a/3p.instrset/gnuarm-armcortex.instrset/win/bin/../lib/gcc/arm-none-eabi/9.3.1/thumb/v7e-m+fp/hard/crtbegin.o
LOAD c:/progra~3/matlab/supportpackages/r2022a/3p.instrset/gnuarm-armcortex.instrset/win/bin/../lib/gcc/arm-none-eabi/9.3.1/../../../../arm-none-eabi/lib/thumb/v7e-m+fp/hard/crt0.o
LOAD MW_SCI.o
LOAD ert_main.o
LOAD serial_test.o
LOAD serial_test_data.o
LOAD startup.o
LOAD system_MK64F12.o
LOAD startup_MK64F12.o
LOAD board.o
LOAD hardware_init.o
LOAD pin_mux.o
LOAD fsl_misc_utilities.o
LOAD fsl_edma_irq.o
LOAD fsl_uart_irq.o
LOAD irq_stub.o
LOAD sbrk.o
LOAD cmsis_rtos_init.o
LOAD RTX_Conf_CM.o
LOAD mw_thread.o
LOAD mw_semaphore.o
LOAD mw_timer.o
LOAD mw_signal.o
LOAD C:/ProgramData/MATLAB/SupportPackages/R2022a/3P.instrset/cmsis.instrset/CMSIS/DSP/Lib/GCC/libarm_cortexM4lf_math.a
LOAD C:/ProgramData/MATLAB/SupportPackages/R2022a/3P.instrset/cmsis.instrset/CMSIS/RTOS/RTX/LIB/GCC/libRTX_CM4.a
LOAD C:/ProgramData/MATLAB/SupportPackages/R2022a/toolbox/target/supportpackages/freedomk64f/src/ksdk_armgcc_lib/bm/libksdk_platform.a
LOAD c:/progra~3/matlab/supportpackages/r2022a/3p.instrset/gnuarm-armcortex.instrset/win/bin/../lib/gcc/arm-none-eabi/9.3.1/../../../../arm-none-eabi/lib/thumb/v7e-m+fp/hard\libstdc++.a
LOAD c:/progra~3/matlab/supportpackages/r2022a/3p.instrset/gnuarm-armcortex.instrset/win/bin/../lib/gcc/arm-none-eabi/9.3.1/../../../../arm-none-eabi/lib/thumb/v7e-m+fp/hard\libm.a
START GROUP
LOAD c:/progra~3/matlab/supportpackages/r2022a/3p.instrset/gnuarm-armcortex.instrset/win/bin/../lib/gcc/arm-none-eabi/9.3.1/thumb/v7e-m+fp/hard\libgcc.a
LOAD c:/progra~3/matlab/supportpackages/r2022a/3p.instrset/gnuarm-armcortex.instrset/win/bin/../lib/gcc/arm-none-eabi/9.3.1/../../../../arm-none-eabi/lib/thumb/v7e-m+fp/hard\libg.a
LOAD c:/progra~3/matlab/supportpackages/r2022a/3p.instrset/gnuarm-armcortex.instrset/win/bin/../lib/gcc/arm-none-eabi/9.3.1/../../../../arm-none-eabi/lib/thumb/v7e-m+fp/hard\libc.a
END GROUP
START GROUP
LOAD c:/progra~3/matlab/supportpackages/r2022a/3p.instrset/gnuarm-armcortex.instrset/win/bin/../lib/gcc/arm-none-eabi/9.3.1/thumb/v7e-m+fp/hard\libgcc.a
LOAD c:/progra~3/matlab/supportpackages/r2022a/3p.instrset/gnuarm-armcortex.instrset/win/bin/../lib/gcc/arm-none-eabi/9.3.1/../../../../arm-none-eabi/lib/thumb/v7e-m+fp/hard\libc.a
LOAD c:/progra~3/matlab/supportpackages/r2022a/3p.instrset/gnuarm-armcortex.instrset/win/bin/../lib/gcc/arm-none-eabi/9.3.1/../../../../arm-none-eabi/lib/thumb/v7e-m+fp/hard\libnosys.a
END GROUP
LOAD c:/progra~3/matlab/supportpackages/r2022a/3p.instrset/gnuarm-armcortex.instrset/win/bin/../lib/gcc/arm-none-eabi/9.3.1/thumb/v7e-m+fp/hard/crtend.o
LOAD c:/progra~3/matlab/supportpackages/r2022a/3p.instrset/gnuarm-armcortex.instrset/win/bin/../lib/gcc/arm-none-eabi/9.3.1/thumb/v7e-m+fp/hard/crtn.o
                0x00000400                HEAP_SIZE = DEFINED (__heap_size__)?__heap_size__:0x400
                0x00000400                STACK_SIZE = DEFINED (__stack_size__)?__stack_size__:0x400
                0x00000000                M_VECTOR_RAM_SIZE = DEFINED (__ram_vector_table__)?0x400:0x0

.interrupts     0x00000000      0x400
                0x00000000                __VECTOR_TABLE = .
                0x00000000                . = ALIGN (0x4)
 *(.isr_vector)
 .isr_vector    0x00000000      0x400 startup_MK64F12.o
                0x00000000                __isr_vector
                0x00000400                . = ALIGN (0x4)

.flash_config   0x00000400       0x10
                0x00000400                . = ALIGN (0x4)
 *(.FlashConfig)
 .FlashConfig   0x00000400       0x10 startup_MK64F12.o
                0x00000410                . = ALIGN (0x4)

.text           0x00000440     0x97b0
                0x00000440                . = ALIGN (0x4)
 *(.text)
 .text          0x00000440       0x40 c:/progra~3/matlab/supportpackages/r2022a/3p.instrset/gnuarm-armcortex.instrset/win/bin/../lib/gcc/arm-none-eabi/9.3.1/thumb/v7e-m+fp/hard/crtbegin.o
 .text          0x00000480       0x7c c:/progra~3/matlab/supportpackages/r2022a/3p.instrset/gnuarm-armcortex.instrset/win/bin/../lib/gcc/arm-none-eabi/9.3.1/../../../../arm-none-eabi/lib/thumb/v7e-m+fp/hard/crt0.o
                0x00000480                _stack_init
                0x00000488                _start
                0x00000488                _mainCRTStartup
 .text          0x000004fc       0x14 startup_MK64F12.o
                0x000004fc                Reset_Handler
                0x0000050c                ENET_Receive_IRQHandler
                0x0000050c                ENET_1588_Timer_IRQHandler
                0x0000050c                DefaultISR
                0x0000050c                PIT2_IRQHandler
                0x0000050c                PIT0_IRQHandler
                0x0000050c                ENET_Error_IRQHandler
                0x0000050c                PIT3_IRQHandler
                0x0000050c                SDHC_IRQHandler
                0x0000050c                ENET_Transmit_IRQHandler
                0x0000050c                PIT1_IRQHandler
 .text          0x00000510      0x198 C:/ProgramData/MATLAB/SupportPackages/R2022a/3P.instrset/cmsis.instrset/CMSIS/RTOS/RTX/LIB/GCC/libRTX_CM4.a(hal_cm4.o)
                0x00000510                rt_set_PSP
                0x00000516                rt_get_PSP
                0x0000051c                os_set_env
                0x00000534                _alloc_box
                0x00000550                _free_box
                0x0000056c                SVC_Handler
                0x00000612                PendSV_Handler
                0x00000618                Sys_Switch
                0x00000672                SysTick_Handler
                0x0000067c                OS_Tick_Handler
 .text          0x000006a8      0x110 c:/progra~3/matlab/supportpackages/r2022a/3p.instrset/gnuarm-armcortex.instrset/win/bin/../lib/gcc/arm-none-eabi/9.3.1/thumb/v7e-m+fp/hard\libgcc.a(_arm_cmpdf2.o)
                0x000006a8                __gtdf2
                0x000006a8                __gedf2
                0x000006b0                __ltdf2
                0x000006b0                __ledf2
                0x000006b8                __nedf2
                0x000006b8                __eqdf2
                0x000006b8                __cmpdf2
                0x00000734                __aeabi_cdrcmple
                0x00000744                __aeabi_cdcmpeq
                0x00000744                __aeabi_cdcmple
                0x00000754                __aeabi_dcmpeq
                0x00000768                __aeabi_dcmplt
                0x0000077c                __aeabi_dcmple
                0x00000790                __aeabi_dcmpge
                0x000007a4                __aeabi_dcmpgt
 .text          0x000007b8       0x30 c:/progra~3/matlab/supportpackages/r2022a/3p.instrset/gnuarm-armcortex.instrset/win/bin/../lib/gcc/arm-none-eabi/9.3.1/thumb/v7e-m+fp/hard\libgcc.a(_aeabi_uldivmod.o)
                0x000007b8                __aeabi_uldivmod
 .text          0x000007e8      0x2c4 c:/progra~3/matlab/supportpackages/r2022a/3p.instrset/gnuarm-armcortex.instrset/win/bin/../lib/gcc/arm-none-eabi/9.3.1/thumb/v7e-m+fp/hard\libgcc.a(_udivmoddi4.o)
                0x000007e8                __udivmoddi4
 .text          0x00000aac      0x9b8 c:/progra~3/matlab/supportpackages/r2022a/3p.instrset/gnuarm-armcortex.instrset/win/bin/../lib/gcc/arm-none-eabi/9.3.1/thumb/v7e-m+fp/hard\libgcc.a(unwind-arm.o)
                0x00000d54                _Unwind_GetCFA
                0x00000d58                __gnu_Unwind_RaiseException
                0x00000db8                __gnu_Unwind_ForcedUnwind
                0x00000dcc                __gnu_Unwind_Resume
                0x00000e10                __gnu_Unwind_Resume_or_Rethrow
                0x00000e20                _Unwind_Complete
                0x00000e24                _Unwind_DeleteException
                0x00000e30                _Unwind_VRS_Get
                0x00000e78                _Unwind_VRS_Set
                0x00000ec0                __gnu_Unwind_Backtrace
                0x000011e0                __aeabi_unwind_cpp_pr0
                0x000011e4                __aeabi_unwind_cpp_pr1
                0x000011e8                __aeabi_unwind_cpp_pr2
                0x000011ec                _Unwind_VRS_Pop
 .text          0x00001464      0x1ac c:/progra~3/matlab/supportpackages/r2022a/3p.instrset/gnuarm-armcortex.instrset/win/bin/../lib/gcc/arm-none-eabi/9.3.1/thumb/v7e-m+fp/hard\libgcc.a(libunwind.o)
                0x00001464                __restore_core_regs
                0x00001464                restore_core_regs
                0x0000147c                __gnu_Unwind_Restore_VFP
                0x00001484                __gnu_Unwind_Save_VFP
                0x0000148c                __gnu_Unwind_Restore_VFP_D
                0x00001494                __gnu_Unwind_Save_VFP_D
                0x0000149c                __gnu_Unwind_Restore_VFP_D_16_to_31
                0x000014a4                __gnu_Unwind_Save_VFP_D_16_to_31
                0x000014ac                __gnu_Unwind_Restore_WMMXD
                0x000014f0                __gnu_Unwind_Save_WMMXD
                0x00001534                __gnu_Unwind_Restore_WMMXC
                0x00001548                __gnu_Unwind_Save_WMMXC
                0x0000155c                ___Unwind_RaiseException
                0x0000155c                _Unwind_RaiseException
                0x00001580                _Unwind_Resume
                0x00001580                ___Unwind_Resume
                0x000015a4                _Unwind_Resume_or_Rethrow
                0x000015a4                ___Unwind_Resume_or_Rethrow
                0x000015c8                _Unwind_ForcedUnwind
                0x000015c8                ___Unwind_ForcedUnwind
                0x000015ec                ___Unwind_Backtrace
                0x000015ec                _Unwind_Backtrace
 .text          0x00001610      0x340 c:/progra~3/matlab/supportpackages/r2022a/3p.instrset/gnuarm-armcortex.instrset/win/bin/../lib/gcc/arm-none-eabi/9.3.1/thumb/v7e-m+fp/hard\libgcc.a(pr-support.o)
                0x00001668                __gnu_unwind_execute
                0x00001904                __gnu_unwind_frame
                0x00001930                _Unwind_GetRegionStart
                0x0000193c                _Unwind_GetLanguageSpecificData
 .text          0x00001950        0x4 c:/progra~3/matlab/supportpackages/r2022a/3p.instrset/gnuarm-armcortex.instrset/win/bin/../lib/gcc/arm-none-eabi/9.3.1/thumb/v7e-m+fp/hard\libgcc.a(_dvmd_tls.o)
                0x00001950                __aeabi_idiv0
                0x00001950                __aeabi_ldiv0
 .text          0x00001954      0x134 c:/progra~3/matlab/supportpackages/r2022a/3p.instrset/gnuarm-armcortex.instrset/win/bin/../lib/gcc/arm-none-eabi/9.3.1/../../../../arm-none-eabi/lib/thumb/v7e-m+fp/hard\libg.a(lib_a-memcpy.o)
                0x00001954                memcpy
 *fill*         0x00001a88        0x8 
 .text          0x00001a90       0xa0 c:/progra~3/matlab/supportpackages/r2022a/3p.instrset/gnuarm-armcortex.instrset/win/bin/../lib/gcc/arm-none-eabi/9.3.1/../../../../arm-none-eabi/lib/thumb/v7e-m+fp/hard\libg.a(lib_a-memchr.o)
                0x00001a90                memchr
 *fill*         0x00001b30       0x10 
 .text          0x00001b40       0xdc c:/progra~3/matlab/supportpackages/r2022a/3p.instrset/gnuarm-armcortex.instrset/win/bin/../lib/gcc/arm-none-eabi/9.3.1/../../../../arm-none-eabi/lib/thumb/v7e-m+fp/hard\libg.a(lib_a-strlen.o)
                0x00001b40                strlen
 *(.text*)
 .text.EDMA_HAL_HTCDSetDestAddr
                0x00001c1c       0x48 MW_SCI.o
 .text.EDMA_HAL_HTCDSetIntCmd
                0x00001c64       0x58 MW_SCI.o
 .text.MW_SCI_Open
                0x00001cbc      0x5b0 MW_SCI.o
                0x00001cbc                MW_SCI_Open
 .text.MW_SCI_SetBaudrate
                0x0000226c       0x18 MW_SCI.o
                0x0000226c                MW_SCI_SetBaudrate
 .text.MW_SCI_SetFrameFormat
                0x00002284       0x28 MW_SCI.o
                0x00002284                MW_SCI_SetFrameFormat
 .text.MW_SCI_Receive
                0x000022ac       0xa4 MW_SCI.o
                0x000022ac                MW_SCI_Receive
 .text.MW_SCI_Close
                0x00002350       0x14 MW_SCI.o
                0x00002350                MW_SCI_Close
 .text.MW_UART_DRV_EdmaStartReceiveData
                0x00002364       0xac MW_SCI.o
 .text.MW_UART_DRV_EdmaRxCallback
                0x00002410       0x1c MW_SCI.o
 .text.MW_UART_DRV_EdmaCompleteReceiveData
                0x0000242c      0x120 MW_SCI.o
 .text.baseRateTask
                0x0000254c       0x7c ert_main.o
                0x0000254c                baseRateTask
 .text.terminateTask
                0x000025c8       0x34 ert_main.o
                0x000025c8                terminateTask
 .text.main     0x000025fc       0x48 ert_main.o
                0x000025fc                main
 .text.serial_test_SystemCore_setup
                0x00002644       0x64 serial_test.o
 .text.serial_test_step
                0x000026a8       0x78 serial_test.o
                0x000026a8                serial_test_step
 .text.serial_test_initialize
                0x00002720       0x30 serial_test.o
                0x00002720                serial_test_initialize
 .text.serial_test_terminate
                0x00002750       0x34 serial_test.o
                0x00002750                serial_test_terminate
 .text.init_data_bss
                0x00002784       0xd0 startup.o
                0x00002784                init_data_bss
 .text.SystemInit
                0x00002854      0x1dc system_MK64F12.o
                0x00002854                SystemInit
 .text.SystemCoreClockUpdate
                0x00002a30      0x290 system_MK64F12.o
                0x00002a30                SystemCoreClockUpdate
 .text.PORT_HAL_SetMuxMode
                0x00002cc0       0x58 board.o
 .text.SMC_HAL_SetProtection
                0x00002d18       0x1e board.o
 *fill*         0x00002d36        0x2 
 .text.BOARD_InitOsc0
                0x00002d38       0x30 board.o
                0x00002d38                BOARD_InitOsc0
 .text.BOARD_InitRtcOsc
                0x00002d68       0x28 board.o
                0x00002d68                BOARD_InitRtcOsc
 .text.BOARD_ClockInit
                0x00002d90       0x34 board.o
                0x00002d90                BOARD_ClockInit
 .text.hardware_init
                0x00002dc4       0x30 hardware_init.o
                0x00002dc4                hardware_init
 .text.PORT_HAL_SetMuxMode
                0x00002df4       0x58 pin_mux.o
 .text.SIM_HAL_EnableClock
                0x00002e4c       0x44 pin_mux.o
 .text.configure_uart_pins
                0x00002e90      0x194 pin_mux.o
                0x00002e90                configure_uart_pins
 .text.DMA0_IRQHandler
                0x00003024        0xe fsl_edma_irq.o
                0x00003024                DMA0_IRQHandler
 .text.DMA1_IRQHandler
                0x00003032        0xe fsl_edma_irq.o
                0x00003032                DMA1_IRQHandler
 .text.DMA2_IRQHandler
                0x00003040        0xe fsl_edma_irq.o
                0x00003040                DMA2_IRQHandler
 .text.DMA3_IRQHandler
                0x0000304e        0xe fsl_edma_irq.o
                0x0000304e                DMA3_IRQHandler
 .text.DMA4_IRQHandler
                0x0000305c        0xe fsl_edma_irq.o
                0x0000305c                DMA4_IRQHandler
 .text.DMA5_IRQHandler
                0x0000306a        0xe fsl_edma_irq.o
                0x0000306a                DMA5_IRQHandler
 .text.DMA6_IRQHandler
                0x00003078        0xe fsl_edma_irq.o
                0x00003078                DMA6_IRQHandler
 .text.DMA7_IRQHandler
                0x00003086        0xe fsl_edma_irq.o
                0x00003086                DMA7_IRQHandler
 .text.DMA8_IRQHandler
                0x00003094        0xe fsl_edma_irq.o
                0x00003094                DMA8_IRQHandler
 .text.DMA9_IRQHandler
                0x000030a2        0xe fsl_edma_irq.o
                0x000030a2                DMA9_IRQHandler
 .text.DMA10_IRQHandler
                0x000030b0        0xe fsl_edma_irq.o
                0x000030b0                DMA10_IRQHandler
 .text.DMA11_IRQHandler
                0x000030be        0xe fsl_edma_irq.o
                0x000030be                DMA11_IRQHandler
 .text.DMA12_IRQHandler
                0x000030cc        0xe fsl_edma_irq.o
                0x000030cc                DMA12_IRQHandler
 .text.DMA13_IRQHandler
                0x000030da        0xe fsl_edma_irq.o
                0x000030da                DMA13_IRQHandler
 .text.DMA14_IRQHandler
                0x000030e8        0xe fsl_edma_irq.o
                0x000030e8                DMA14_IRQHandler
 .text.DMA15_IRQHandler
                0x000030f6        0xe fsl_edma_irq.o
                0x000030f6                DMA15_IRQHandler
 .text.DMA_Error_IRQHandler
                0x00003104        0xe fsl_edma_irq.o
                0x00003104                DMA_Error_IRQHandler
 .text.UART0_RX_TX_IRQHandler
                0x00003112        0xe fsl_uart_irq.o
                0x00003112                UART0_RX_TX_IRQHandler
 .text.UART1_RX_TX_IRQHandler
                0x00003120        0xe fsl_uart_irq.o
                0x00003120                UART1_RX_TX_IRQHandler
 .text.UART2_RX_TX_IRQHandler
                0x0000312e        0xe fsl_uart_irq.o
                0x0000312e                UART2_RX_TX_IRQHandler
 .text.UART3_RX_TX_IRQHandler
                0x0000313c        0xe fsl_uart_irq.o
                0x0000313c                UART3_RX_TX_IRQHandler
 .text.UART4_RX_TX_IRQHandler
                0x0000314a        0xe fsl_uart_irq.o
                0x0000314a                UART4_RX_TX_IRQHandler
 .text.UART5_RX_TX_IRQHandler
                0x00003158        0xe fsl_uart_irq.o
                0x00003158                UART5_RX_TX_IRQHandler
 .text.NMI_Handler
                0x00003166        0x6 irq_stub.o
                0x00003166                NMI_Handler
 .text.HardFault_Handler
                0x0000316c        0x6 irq_stub.o
                0x0000316c                HardFault_Handler
 .text.MemManage_Handler
                0x00003172        0x6 irq_stub.o
                0x00003172                MemManage_Handler
 .text.BusFault_Handler
                0x00003178        0x6 irq_stub.o
                0x00003178                BusFault_Handler
 .text.UsageFault_Handler
                0x0000317e        0x6 irq_stub.o
                0x0000317e                UsageFault_Handler
 .text.DebugMon_Handler
                0x00003184        0x6 irq_stub.o
                0x00003184                DebugMon_Handler
 .text.MCM_IRQHandler
                0x0000318a        0x6 irq_stub.o
                0x0000318a                MCM_IRQHandler
 .text.FTFE_IRQHandler
                0x00003190        0x6 irq_stub.o
                0x00003190                FTFE_IRQHandler
 .text.Read_Collision_IRQHandler
                0x00003196        0x6 irq_stub.o
                0x00003196                Read_Collision_IRQHandler
 .text.LVD_LVW_IRQHandler
                0x0000319c        0x6 irq_stub.o
                0x0000319c                LVD_LVW_IRQHandler
 .text.LLWU_IRQHandler
                0x000031a2        0x6 irq_stub.o
                0x000031a2                LLWU_IRQHandler
 .text.WDOG_EWM_IRQHandler
                0x000031a8        0x6 irq_stub.o
                0x000031a8                WDOG_EWM_IRQHandler
 .text.RNG_IRQHandler
                0x000031ae        0x6 irq_stub.o
                0x000031ae                RNG_IRQHandler
 .text.I2C0_IRQHandler
                0x000031b4        0x6 irq_stub.o
                0x000031b4                I2C0_IRQHandler
 .text.I2C1_IRQHandler
                0x000031ba        0x6 irq_stub.o
                0x000031ba                I2C1_IRQHandler
 .text.SPI0_IRQHandler
                0x000031c0        0x6 irq_stub.o
                0x000031c0                SPI0_IRQHandler
 .text.SPI1_IRQHandler
                0x000031c6        0x6 irq_stub.o
                0x000031c6                SPI1_IRQHandler
 .text.I2S0_Tx_IRQHandler
                0x000031cc        0x6 irq_stub.o
                0x000031cc                I2S0_Tx_IRQHandler
 .text.I2S0_Rx_IRQHandler
                0x000031d2        0x6 irq_stub.o
                0x000031d2                I2S0_Rx_IRQHandler
 .text.UART0_LON_IRQHandler
                0x000031d8        0x6 irq_stub.o
                0x000031d8                UART0_LON_IRQHandler
 .text.UART0_ERR_IRQHandler
                0x000031de        0x6 irq_stub.o
                0x000031de                UART0_ERR_IRQHandler
 .text.UART1_ERR_IRQHandler
                0x000031e4        0x6 irq_stub.o
                0x000031e4                UART1_ERR_IRQHandler
 .text.UART2_ERR_IRQHandler
                0x000031ea        0x6 irq_stub.o
                0x000031ea                UART2_ERR_IRQHandler
 .text.UART3_ERR_IRQHandler
                0x000031f0        0x6 irq_stub.o
                0x000031f0                UART3_ERR_IRQHandler
 .text.ADC0_IRQHandler
                0x000031f6        0x6 irq_stub.o
                0x000031f6                ADC0_IRQHandler
 .text.CMP0_IRQHandler
                0x000031fc        0x6 irq_stub.o
                0x000031fc                CMP0_IRQHandler
 .text.CMP1_IRQHandler
                0x00003202        0x6 irq_stub.o
                0x00003202                CMP1_IRQHandler
 .text.FTM0_IRQHandler
                0x00003208        0x6 irq_stub.o
                0x00003208                FTM0_IRQHandler
 .text.FTM1_IRQHandler
                0x0000320e        0x6 irq_stub.o
                0x0000320e                FTM1_IRQHandler
 .text.FTM2_IRQHandler
                0x00003214        0x6 irq_stub.o
                0x00003214                FTM2_IRQHandler
 .text.CMT_IRQHandler
                0x0000321a        0x6 irq_stub.o
                0x0000321a                CMT_IRQHandler
 .text.RTC_IRQHandler
                0x00003220        0x6 irq_stub.o
                0x00003220                RTC_IRQHandler
 .text.RTC_Seconds_IRQHandler
                0x00003226        0x6 irq_stub.o
                0x00003226                RTC_Seconds_IRQHandler
 .text.PDB0_IRQHandler
                0x0000322c        0x6 irq_stub.o
                0x0000322c                PDB0_IRQHandler
 .text.USB0_IRQHandler
                0x00003232        0x6 irq_stub.o
                0x00003232                USB0_IRQHandler
 .text.USBDCD_IRQHandler
                0x00003238        0x6 irq_stub.o
                0x00003238                USBDCD_IRQHandler
 .text.Reserved71_IRQHandler
                0x0000323e        0x6 irq_stub.o
                0x0000323e                Reserved71_IRQHandler
 .text.DAC0_IRQHandler
                0x00003244        0x6 irq_stub.o
                0x00003244                DAC0_IRQHandler
 .text.MCG_IRQHandler
                0x0000324a        0x6 irq_stub.o
                0x0000324a                MCG_IRQHandler
 .text.LPTMR0_IRQHandler
                0x00003250        0x6 irq_stub.o
                0x00003250                LPTMR0_IRQHandler
 .text.PORTA_IRQHandler
                0x00003256        0x6 irq_stub.o
                0x00003256                PORTA_IRQHandler
 .text.PORTB_IRQHandler
                0x0000325c        0x6 irq_stub.o
                0x0000325c                PORTB_IRQHandler
 .text.PORTC_IRQHandler
                0x00003262        0x6 irq_stub.o
                0x00003262                PORTC_IRQHandler
 .text.PORTD_IRQHandler
                0x00003268        0x6 irq_stub.o
                0x00003268                PORTD_IRQHandler
 .text.PORTE_IRQHandler
                0x0000326e        0x6 irq_stub.o
                0x0000326e                PORTE_IRQHandler
 .text.SWI_IRQHandler
                0x00003274        0x6 irq_stub.o
                0x00003274                SWI_IRQHandler
 .text.SPI2_IRQHandler
                0x0000327a        0x6 irq_stub.o
                0x0000327a                SPI2_IRQHandler
 .text.UART4_ERR_IRQHandler
                0x00003280        0x6 irq_stub.o
                0x00003280                UART4_ERR_IRQHandler
 .text.UART5_ERR_IRQHandler
                0x00003286        0x6 irq_stub.o
                0x00003286                UART5_ERR_IRQHandler
 .text.CMP2_IRQHandler
                0x0000328c        0x6 irq_stub.o
                0x0000328c                CMP2_IRQHandler
 .text.FTM3_IRQHandler
                0x00003292        0x6 irq_stub.o
                0x00003292                FTM3_IRQHandler
 .text.DAC1_IRQHandler
                0x00003298        0x6 irq_stub.o
                0x00003298                DAC1_IRQHandler
 .text.ADC1_IRQHandler
                0x0000329e        0x6 irq_stub.o
                0x0000329e                ADC1_IRQHandler
 .text.I2C2_IRQHandler
                0x000032a4        0x6 irq_stub.o
                0x000032a4                I2C2_IRQHandler
 .text.CAN0_ORed_Message_buffer_IRQHandler
                0x000032aa        0x6 irq_stub.o
                0x000032aa                CAN0_ORed_Message_buffer_IRQHandler
 .text.CAN0_Bus_Off_IRQHandler
                0x000032b0        0x6 irq_stub.o
                0x000032b0                CAN0_Bus_Off_IRQHandler
 .text.CAN0_Error_IRQHandler
                0x000032b6        0x6 irq_stub.o
                0x000032b6                CAN0_Error_IRQHandler
 .text.CAN0_Tx_Warning_IRQHandler
                0x000032bc        0x6 irq_stub.o
                0x000032bc                CAN0_Tx_Warning_IRQHandler
 .text.CAN0_Rx_Warning_IRQHandler
                0x000032c2        0x6 irq_stub.o
                0x000032c2                CAN0_Rx_Warning_IRQHandler
 .text.CAN0_Wake_Up_IRQHandler
                0x000032c8        0x6 irq_stub.o
                0x000032c8                CAN0_Wake_Up_IRQHandler
 *fill*         0x000032ce        0x2 
 .text._sbrk    0x000032d0       0x5c sbrk.o
                0x000032d0                _sbrk
 .text.schedulerTask
                0x0000332c       0x1c cmsis_rtos_init.o
                0x0000332c                schedulerTask
 .text.mw_initSignalEvents
                0x00003348       0x40 cmsis_rtos_init.o
                0x00003348                mw_initSignalEvents
 .text.mw_RTOSInit
                0x00003388       0x8c cmsis_rtos_init.o
                0x00003388                mw_RTOSInit
 .text.os_idle_demon
                0x00003414        0x8 RTX_Conf_CM.o
                0x00003414                os_idle_demon
 .text.os_error
                0x0000341c       0x2c RTX_Conf_CM.o
                0x0000341c                os_error
 .text.rt_init_robin
                0x00003448        0x4 RTX_Conf_CM.o
                0x00003448                rt_init_robin
 .text.rt_chk_robin
                0x0000344c        0x4 RTX_Conf_CM.o
                0x0000344c                rt_chk_robin
 .text.software_init_hook
                0x00003450       0x34 RTX_Conf_CM.o
                0x00003450                software_init_hook
 .text.mw_osThreadCreate
                0x00003484       0x52 mw_thread.o
                0x00003484                mw_osThreadCreate
 .text.mw_osThreadGetId
                0x000034d6        0xe mw_thread.o
                0x000034d6                mw_osThreadGetId
 .text.mw_osThreadExit
                0x000034e4       0x22 mw_thread.o
                0x000034e4                mw_osThreadExit
 .text.mw_osTimerCreate
                0x00003506       0x4e mw_timer.o
                0x00003506                mw_osTimerCreate
 .text.mw_osTimerStart
                0x00003554       0x24 mw_timer.o
                0x00003554                mw_osTimerStart
 .text.mw_osSignalSet
                0x00003578       0x2e mw_signal.o
                0x00003578                mw_osSignalSet
 .text.mw_osSignalClear
                0x000035a6       0x26 mw_signal.o
                0x000035a6                mw_osSignalClear
 .text.mw_osSignalWaitEver
                0x000035cc       0x20 mw_signal.o
                0x000035cc                mw_osSignalWaitEver
 .text.mw_osSignalEventCreate
                0x000035ec       0x20 mw_signal.o
                0x000035ec                mw_osSignalEventCreate
 .text.mw_osSignalEventRelease
                0x0000360c       0x26 mw_signal.o
                0x0000360c                mw_osSignalEventRelease
 .text.mw_osSignalEventWaitEver
                0x00003632       0x34 mw_signal.o
                0x00003632                mw_osSignalEventWaitEver
 *fill*         0x00003666        0x2 
 .text.osThreadExit
                0x00003668       0x18 C:/ProgramData/MATLAB/SupportPackages/R2022a/3P.instrset/cmsis.instrset/CMSIS/RTOS/RTX/LIB/GCC/libRTX_CM4.a(rt_cmsis.o)
                0x00003668                osThreadExit
 .text.svcKernelInitialize
                0x00003680      0x104 C:/ProgramData/MATLAB/SupportPackages/R2022a/3P.instrset/cmsis.instrset/CMSIS/RTOS/RTX/LIB/GCC/libRTX_CM4.a(rt_cmsis.o)
                0x00003680                svcKernelInitialize
 .text.svcKernelStart
                0x00003784       0x48 C:/ProgramData/MATLAB/SupportPackages/R2022a/3P.instrset/cmsis.instrset/CMSIS/RTOS/RTX/LIB/GCC/libRTX_CM4.a(rt_cmsis.o)
                0x00003784                svcKernelStart
 .text.osKernelInitialize
                0x000037cc       0x28 C:/ProgramData/MATLAB/SupportPackages/R2022a/3P.instrset/cmsis.instrset/CMSIS/RTOS/RTX/LIB/GCC/libRTX_CM4.a(rt_cmsis.o)
                0x000037cc                osKernelInitialize
 .text.osKernelStart
                0x000037f4       0x74 C:/ProgramData/MATLAB/SupportPackages/R2022a/3P.instrset/cmsis.instrset/CMSIS/RTOS/RTX/LIB/GCC/libRTX_CM4.a(rt_cmsis.o)
                0x000037f4                osKernelStart
 .text.svcThreadCreate
                0x00003868       0x7c C:/ProgramData/MATLAB/SupportPackages/R2022a/3P.instrset/cmsis.instrset/CMSIS/RTOS/RTX/LIB/GCC/libRTX_CM4.a(rt_cmsis.o)
                0x00003868                svcThreadCreate
 .text.svcThreadGetId
                0x000038e4       0x18 C:/ProgramData/MATLAB/SupportPackages/R2022a/3P.instrset/cmsis.instrset/CMSIS/RTOS/RTX/LIB/GCC/libRTX_CM4.a(rt_cmsis.o)
                0x000038e4                svcThreadGetId
 .text.svcThreadTerminate
                0x000038fc       0x48 C:/ProgramData/MATLAB/SupportPackages/R2022a/3P.instrset/cmsis.instrset/CMSIS/RTOS/RTX/LIB/GCC/libRTX_CM4.a(rt_cmsis.o)
                0x000038fc                svcThreadTerminate
 .text.osThreadCreate
                0x00003944       0xa4 C:/ProgramData/MATLAB/SupportPackages/R2022a/3P.instrset/cmsis.instrset/CMSIS/RTOS/RTX/LIB/GCC/libRTX_CM4.a(rt_cmsis.o)
                0x00003944                osThreadCreate
 .text.osThreadGetId
                0x000039e8       0x18 C:/ProgramData/MATLAB/SupportPackages/R2022a/3P.instrset/cmsis.instrset/CMSIS/RTOS/RTX/LIB/GCC/libRTX_CM4.a(rt_cmsis.o)
                0x000039e8                osThreadGetId
 .text.osThreadTerminate
                0x00003a00       0x18 C:/ProgramData/MATLAB/SupportPackages/R2022a/3P.instrset/cmsis.instrset/CMSIS/RTOS/RTX/LIB/GCC/libRTX_CM4.a(rt_cmsis.o)
                0x00003a00                osThreadTerminate
 .text.svcTimerCreate
                0x00003a18       0x40 C:/ProgramData/MATLAB/SupportPackages/R2022a/3P.instrset/cmsis.instrset/CMSIS/RTOS/RTX/LIB/GCC/libRTX_CM4.a(rt_cmsis.o)
                0x00003a18                svcTimerCreate
 .text.svcTimerStart
                0x00003a58       0xdc C:/ProgramData/MATLAB/SupportPackages/R2022a/3P.instrset/cmsis.instrset/CMSIS/RTOS/RTX/LIB/GCC/libRTX_CM4.a(rt_cmsis.o)
                0x00003a58                svcTimerStart
 .text.svcTimerCall
                0x00003b34       0x18 C:/ProgramData/MATLAB/SupportPackages/R2022a/3P.instrset/cmsis.instrset/CMSIS/RTOS/RTX/LIB/GCC/libRTX_CM4.a(rt_cmsis.o)
                0x00003b34                svcTimerCall
 .text.sysTimerTick
                0x00003b4c       0xc8 C:/ProgramData/MATLAB/SupportPackages/R2022a/3P.instrset/cmsis.instrset/CMSIS/RTOS/RTX/LIB/GCC/libRTX_CM4.a(rt_cmsis.o)
                0x00003b4c                sysTimerTick
 .text.osTimerCreate
                0x00003c14       0x68 C:/ProgramData/MATLAB/SupportPackages/R2022a/3P.instrset/cmsis.instrset/CMSIS/RTOS/RTX/LIB/GCC/libRTX_CM4.a(rt_cmsis.o)
                0x00003c14                osTimerCreate
 .text.osTimerStart
                0x00003c7c       0x18 C:/ProgramData/MATLAB/SupportPackages/R2022a/3P.instrset/cmsis.instrset/CMSIS/RTOS/RTX/LIB/GCC/libRTX_CM4.a(rt_cmsis.o)
                0x00003c7c                osTimerStart
 .text.osTimerThread
                0x00003c94       0x3c C:/ProgramData/MATLAB/SupportPackages/R2022a/3P.instrset/cmsis.instrset/CMSIS/RTOS/RTX/LIB/GCC/libRTX_CM4.a(rt_cmsis.o)
                0x00003c94                osTimerThread
 .text.svcSignalSet
                0x00003cd0       0x2c C:/ProgramData/MATLAB/SupportPackages/R2022a/3P.instrset/cmsis.instrset/CMSIS/RTOS/RTX/LIB/GCC/libRTX_CM4.a(rt_cmsis.o)
                0x00003cd0                svcSignalSet
 .text.svcSignalClear
                0x00003cfc       0x2c C:/ProgramData/MATLAB/SupportPackages/R2022a/3P.instrset/cmsis.instrset/CMSIS/RTOS/RTX/LIB/GCC/libRTX_CM4.a(rt_cmsis.o)
                0x00003cfc                svcSignalClear
 .text.svcSignalWait
                0x00003d28      0x100 C:/ProgramData/MATLAB/SupportPackages/R2022a/3P.instrset/cmsis.instrset/CMSIS/RTOS/RTX/LIB/GCC/libRTX_CM4.a(rt_cmsis.o)
                0x00003d28                svcSignalWait
 .text.osSignalSet
                0x00003e28       0x40 C:/ProgramData/MATLAB/SupportPackages/R2022a/3P.instrset/cmsis.instrset/CMSIS/RTOS/RTX/LIB/GCC/libRTX_CM4.a(rt_cmsis.o)
                0x00003e28                osSignalSet
 .text.osSignalClear
                0x00003e68       0x1c C:/ProgramData/MATLAB/SupportPackages/R2022a/3P.instrset/cmsis.instrset/CMSIS/RTOS/RTX/LIB/GCC/libRTX_CM4.a(rt_cmsis.o)
                0x00003e68                osSignalClear
 .text.osSignalWait
                0x00003e84       0x2c C:/ProgramData/MATLAB/SupportPackages/R2022a/3P.instrset/cmsis.instrset/CMSIS/RTOS/RTX/LIB/GCC/libRTX_CM4.a(rt_cmsis.o)
                0x00003e84                osSignalWait
 .text.svcMessageGet
                0x00003eb0       0xbc C:/ProgramData/MATLAB/SupportPackages/R2022a/3P.instrset/cmsis.instrset/CMSIS/RTOS/RTX/LIB/GCC/libRTX_CM4.a(rt_cmsis.o)
                0x00003eb0                svcMessageGet
 .text.rt_init_stack
                0x00003f6c       0xa8 C:/ProgramData/MATLAB/SupportPackages/R2022a/3P.instrset/cmsis.instrset/CMSIS/RTOS/RTX/LIB/GCC/libRTX_CM4.a(hal_cm.o)
                0x00003f6c                rt_init_stack
 .text.rt_ret_val
                0x00004014       0x14 C:/ProgramData/MATLAB/SupportPackages/R2022a/3P.instrset/cmsis.instrset/CMSIS/RTOS/RTX/LIB/GCC/libRTX_CM4.a(hal_cm.o)
                0x00004014                rt_ret_val
 .text.rt_ret_val2
                0x00004028       0x24 C:/ProgramData/MATLAB/SupportPackages/R2022a/3P.instrset/cmsis.instrset/CMSIS/RTOS/RTX/LIB/GCC/libRTX_CM4.a(hal_cm.o)
                0x00004028                rt_ret_val2
 .text.dbg_init
                0x0000404c       0x34 C:/ProgramData/MATLAB/SupportPackages/R2022a/3P.instrset/cmsis.instrset/CMSIS/RTOS/RTX/LIB/GCC/libRTX_CM4.a(hal_cm.o)
                0x0000404c                dbg_init
 .text.dbg_task_notify
                0x00004080       0x2c C:/ProgramData/MATLAB/SupportPackages/R2022a/3P.instrset/cmsis.instrset/CMSIS/RTOS/RTX/LIB/GCC/libRTX_CM4.a(hal_cm.o)
                0x00004080                dbg_task_notify
 .text.dbg_task_switch
                0x000040ac       0x14 C:/ProgramData/MATLAB/SupportPackages/R2022a/3P.instrset/cmsis.instrset/CMSIS/RTOS/RTX/LIB/GCC/libRTX_CM4.a(hal_cm.o)
                0x000040ac                dbg_task_switch
 .text.rt_init_mem
                0x000040c0       0x1c C:/ProgramData/MATLAB/SupportPackages/R2022a/3P.instrset/cmsis.instrset/CMSIS/RTOS/RTX/LIB/GCC/libRTX_CM4.a(rt_memory.o)
                0x000040c0                rt_init_mem
 .text.rt_alloc_mem
                0x000040dc       0x48 C:/ProgramData/MATLAB/SupportPackages/R2022a/3P.instrset/cmsis.instrset/CMSIS/RTOS/RTX/LIB/GCC/libRTX_CM4.a(rt_memory.o)
                0x000040dc                rt_alloc_mem
 .text.rt_free_mem
                0x00004124       0x54 C:/ProgramData/MATLAB/SupportPackages/R2022a/3P.instrset/cmsis.instrset/CMSIS/RTOS/RTX/LIB/GCC/libRTX_CM4.a(rt_memory.o)
                0x00004124                rt_free_mem
 .text._init_box
                0x00004178       0x58 C:/ProgramData/MATLAB/SupportPackages/R2022a/3P.instrset/cmsis.instrset/CMSIS/RTOS/RTX/LIB/GCC/libRTX_CM4.a(rt_membox.o)
                0x00004178                _init_box
 .text.rt_alloc_box
                0x000041d0       0x1c C:/ProgramData/MATLAB/SupportPackages/R2022a/3P.instrset/cmsis.instrset/CMSIS/RTOS/RTX/LIB/GCC/libRTX_CM4.a(rt_membox.o)
                0x000041d0                rt_alloc_box
 .text.rt_free_box
                0x000041ec       0x28 C:/ProgramData/MATLAB/SupportPackages/R2022a/3P.instrset/cmsis.instrset/CMSIS/RTOS/RTX/LIB/GCC/libRTX_CM4.a(rt_membox.o)
                0x000041ec                rt_free_box
 .text.rt_sem_psh
                0x00004214       0x34 C:/ProgramData/MATLAB/SupportPackages/R2022a/3P.instrset/cmsis.instrset/CMSIS/RTOS/RTX/LIB/GCC/libRTX_CM4.a(rt_semaphore.o)
                0x00004214                rt_sem_psh
 .text.rt_mbx_init
                0x00004248       0x18 C:/ProgramData/MATLAB/SupportPackages/R2022a/3P.instrset/cmsis.instrset/CMSIS/RTOS/RTX/LIB/GCC/libRTX_CM4.a(rt_mailbox.o)
                0x00004248                rt_mbx_init
 .text.rt_mbx_wait
                0x00004260       0xa8 C:/ProgramData/MATLAB/SupportPackages/R2022a/3P.instrset/cmsis.instrset/CMSIS/RTOS/RTX/LIB/GCC/libRTX_CM4.a(rt_mailbox.o)
                0x00004260                rt_mbx_wait
 .text.rt_mbx_check
                0x00004308        0x8 C:/ProgramData/MATLAB/SupportPackages/R2022a/3P.instrset/cmsis.instrset/CMSIS/RTOS/RTX/LIB/GCC/libRTX_CM4.a(rt_mailbox.o)
                0x00004308                rt_mbx_check
 .text.isr_mbx_send
                0x00004310       0x10 C:/ProgramData/MATLAB/SupportPackages/R2022a/3P.instrset/cmsis.instrset/CMSIS/RTOS/RTX/LIB/GCC/libRTX_CM4.a(rt_mailbox.o)
                0x00004310                isr_mbx_send
 .text.rt_mbx_psh
                0x00004320       0xe8 C:/ProgramData/MATLAB/SupportPackages/R2022a/3P.instrset/cmsis.instrset/CMSIS/RTOS/RTX/LIB/GCC/libRTX_CM4.a(rt_mailbox.o)
                0x00004320                rt_mbx_psh
 .text.rt_put_prio
                0x00004408       0x50 C:/ProgramData/MATLAB/SupportPackages/R2022a/3P.instrset/cmsis.instrset/CMSIS/RTOS/RTX/LIB/GCC/libRTX_CM4.a(rt_list.o)
                0x00004408                rt_put_prio
 .text.rt_get_first
                0x00004458       0x28 C:/ProgramData/MATLAB/SupportPackages/R2022a/3P.instrset/cmsis.instrset/CMSIS/RTOS/RTX/LIB/GCC/libRTX_CM4.a(rt_list.o)
                0x00004458                rt_get_first
 .text.rt_put_rdy_first
                0x00004480       0x14 C:/ProgramData/MATLAB/SupportPackages/R2022a/3P.instrset/cmsis.instrset/CMSIS/RTOS/RTX/LIB/GCC/libRTX_CM4.a(rt_list.o)
                0x00004480                rt_put_rdy_first
 .text.rt_resort_prio
                0x00004494       0xac C:/ProgramData/MATLAB/SupportPackages/R2022a/3P.instrset/cmsis.instrset/CMSIS/RTOS/RTX/LIB/GCC/libRTX_CM4.a(rt_list.o)
                0x00004494                rt_resort_prio
 .text.rt_put_dly
                0x00004540       0x60 C:/ProgramData/MATLAB/SupportPackages/R2022a/3P.instrset/cmsis.instrset/CMSIS/RTOS/RTX/LIB/GCC/libRTX_CM4.a(rt_list.o)
                0x00004540                rt_put_dly
 .text.rt_dec_dly
                0x000045a0       0xbc C:/ProgramData/MATLAB/SupportPackages/R2022a/3P.instrset/cmsis.instrset/CMSIS/RTOS/RTX/LIB/GCC/libRTX_CM4.a(rt_list.o)
                0x000045a0                rt_dec_dly
 .text.rt_rmv_list
                0x0000465c       0x2c C:/ProgramData/MATLAB/SupportPackages/R2022a/3P.instrset/cmsis.instrset/CMSIS/RTOS/RTX/LIB/GCC/libRTX_CM4.a(rt_list.o)
                0x0000465c                rt_rmv_list
 .text.rt_rmv_dly
                0x00004688       0x30 C:/ProgramData/MATLAB/SupportPackages/R2022a/3P.instrset/cmsis.instrset/CMSIS/RTOS/RTX/LIB/GCC/libRTX_CM4.a(rt_list.o)
                0x00004688                rt_rmv_dly
 .text.rt_psq_enq
                0x000046b8       0x44 C:/ProgramData/MATLAB/SupportPackages/R2022a/3P.instrset/cmsis.instrset/CMSIS/RTOS/RTX/LIB/GCC/libRTX_CM4.a(rt_list.o)
                0x000046b8                rt_psq_enq
 .text.rt_evt_wait
                0x000046fc       0x44 C:/ProgramData/MATLAB/SupportPackages/R2022a/3P.instrset/cmsis.instrset/CMSIS/RTOS/RTX/LIB/GCC/libRTX_CM4.a(rt_event.o)
                0x000046fc                rt_evt_wait
 .text.rt_evt_set
                0x00004740       0x58 C:/ProgramData/MATLAB/SupportPackages/R2022a/3P.instrset/cmsis.instrset/CMSIS/RTOS/RTX/LIB/GCC/libRTX_CM4.a(rt_event.o)
                0x00004740                rt_evt_set
 .text.rt_evt_clr
                0x00004798       0x18 C:/ProgramData/MATLAB/SupportPackages/R2022a/3P.instrset/cmsis.instrset/CMSIS/RTOS/RTX/LIB/GCC/libRTX_CM4.a(rt_event.o)
                0x00004798                rt_evt_clr
 .text.isr_evt_set
                0x000047b0       0x24 C:/ProgramData/MATLAB/SupportPackages/R2022a/3P.instrset/cmsis.instrset/CMSIS/RTOS/RTX/LIB/GCC/libRTX_CM4.a(rt_event.o)
                0x000047b0                isr_evt_set
 .text.rt_evt_psh
                0x000047d4       0x50 C:/ProgramData/MATLAB/SupportPackages/R2022a/3P.instrset/cmsis.instrset/CMSIS/RTOS/RTX/LIB/GCC/libRTX_CM4.a(rt_event.o)
                0x000047d4                rt_evt_psh
 .text.rt_psh_req
                0x00004824       0x20 C:/ProgramData/MATLAB/SupportPackages/R2022a/3P.instrset/cmsis.instrset/CMSIS/RTOS/RTX/LIB/GCC/libRTX_CM4.a(rt_system.o)
                0x00004824                rt_psh_req
 .text.rt_pop_req
                0x00004844       0x9c C:/ProgramData/MATLAB/SupportPackages/R2022a/3P.instrset/cmsis.instrset/CMSIS/RTOS/RTX/LIB/GCC/libRTX_CM4.a(rt_system.o)
                0x00004844                rt_pop_req
 .text.os_tick_init
                0x000048e0       0x40 C:/ProgramData/MATLAB/SupportPackages/R2022a/3P.instrset/cmsis.instrset/CMSIS/RTOS/RTX/LIB/GCC/libRTX_CM4.a(rt_system.o)
                0x000048e0                os_tick_init
 .text.os_tick_irqack
                0x00004920        0x4 C:/ProgramData/MATLAB/SupportPackages/R2022a/3P.instrset/cmsis.instrset/CMSIS/RTOS/RTX/LIB/GCC/libRTX_CM4.a(rt_system.o)
                0x00004920                os_tick_irqack
 .text.rt_systick
                0x00004924       0x3c C:/ProgramData/MATLAB/SupportPackages/R2022a/3P.instrset/cmsis.instrset/CMSIS/RTOS/RTX/LIB/GCC/libRTX_CM4.a(rt_system.o)
                0x00004924                rt_systick
 .text.rt_stk_check
                0x00004960       0x24 C:/ProgramData/MATLAB/SupportPackages/R2022a/3P.instrset/cmsis.instrset/CMSIS/RTOS/RTX/LIB/GCC/libRTX_CM4.a(rt_system.o)
                0x00004960                rt_stk_check
 .text.rt_switch_req
                0x00004984       0x24 C:/ProgramData/MATLAB/SupportPackages/R2022a/3P.instrset/cmsis.instrset/CMSIS/RTOS/RTX/LIB/GCC/libRTX_CM4.a(rt_task.o)
                0x00004984                rt_switch_req
 .text.rt_dispatch
                0x000049a8       0x78 C:/ProgramData/MATLAB/SupportPackages/R2022a/3P.instrset/cmsis.instrset/CMSIS/RTOS/RTX/LIB/GCC/libRTX_CM4.a(rt_task.o)
                0x000049a8                rt_dispatch
 .text.rt_block
                0x00004a20       0x50 C:/ProgramData/MATLAB/SupportPackages/R2022a/3P.instrset/cmsis.instrset/CMSIS/RTOS/RTX/LIB/GCC/libRTX_CM4.a(rt_task.o)
                0x00004a20                rt_block
 .text.rt_tsk_self
                0x00004a70       0x10 C:/ProgramData/MATLAB/SupportPackages/R2022a/3P.instrset/cmsis.instrset/CMSIS/RTOS/RTX/LIB/GCC/libRTX_CM4.a(rt_task.o)
                0x00004a70                rt_tsk_self
 .text.rt_tsk_prio
                0x00004a80       0xa0 C:/ProgramData/MATLAB/SupportPackages/R2022a/3P.instrset/cmsis.instrset/CMSIS/RTOS/RTX/LIB/GCC/libRTX_CM4.a(rt_task.o)
                0x00004a80                rt_tsk_prio
 .text.rt_tsk_create
                0x00004b20       0xc8 C:/ProgramData/MATLAB/SupportPackages/R2022a/3P.instrset/cmsis.instrset/CMSIS/RTOS/RTX/LIB/GCC/libRTX_CM4.a(rt_task.o)
                0x00004b20                rt_tsk_create
 .text.rt_tsk_delete
                0x00004be8      0x1bc C:/ProgramData/MATLAB/SupportPackages/R2022a/3P.instrset/cmsis.instrset/CMSIS/RTOS/RTX/LIB/GCC/libRTX_CM4.a(rt_task.o)
                0x00004be8                rt_tsk_delete
 .text.rt_sys_init
                0x00004da4       0xdc C:/ProgramData/MATLAB/SupportPackages/R2022a/3P.instrset/cmsis.instrset/CMSIS/RTOS/RTX/LIB/GCC/libRTX_CM4.a(rt_task.o)
                0x00004da4                rt_sys_init
 .text.rt_sys_start
                0x00004e80       0x8c C:/ProgramData/MATLAB/SupportPackages/R2022a/3P.instrset/cmsis.instrset/CMSIS/RTOS/RTX/LIB/GCC/libRTX_CM4.a(rt_task.o)
                0x00004e80                rt_sys_start
 .text.OSA_TimeInit
                0x00004f0c       0x40 C:/ProgramData/MATLAB/SupportPackages/R2022a/toolbox/target/supportpackages/freedomk64f/src/ksdk_armgcc_lib/bm/libksdk_platform.a(fsl_os_abstraction_bm.o)
                0x00004f0c                OSA_TimeInit
 .text.OSA_SemaCreate
                0x00004f4c       0x2c C:/ProgramData/MATLAB/SupportPackages/R2022a/toolbox/target/supportpackages/freedomk64f/src/ksdk_armgcc_lib/bm/libksdk_platform.a(fsl_os_abstraction_bm.o)
                0x00004f4c                OSA_SemaCreate
 .text.OSA_SemaPost
                0x00004f78       0x3c C:/ProgramData/MATLAB/SupportPackages/R2022a/toolbox/target/supportpackages/freedomk64f/src/ksdk_armgcc_lib/bm/libksdk_platform.a(fsl_os_abstraction_bm.o)
                0x00004f78                OSA_SemaPost
 .text.task_init
                0x00004fb4       0x38 C:/ProgramData/MATLAB/SupportPackages/R2022a/toolbox/target/supportpackages/freedomk64f/src/ksdk_armgcc_lib/bm/libksdk_platform.a(fsl_os_abstraction_bm.o)
                0x00004fb4                task_init
 .text.OSA_Init
                0x00004fec        0xe C:/ProgramData/MATLAB/SupportPackages/R2022a/toolbox/target/supportpackages/freedomk64f/src/ksdk_armgcc_lib/bm/libksdk_platform.a(fsl_os_abstraction_bm.o)
                0x00004fec                OSA_Init
 *fill*         0x00004ffa        0x2 
 .text.CLOCK_SYS_SetMcgPeeToFbe
                0x00004ffc       0x34 C:/ProgramData/MATLAB/SupportPackages/R2022a/toolbox/target/supportpackages/freedomk64f/src/ksdk_armgcc_lib/bm/libksdk_platform.a(fsl_clock_manager.o)
 .text.CLOCK_SYS_SetMcgMode
                0x00005030      0x124 C:/ProgramData/MATLAB/SupportPackages/R2022a/toolbox/target/supportpackages/freedomk64f/src/ksdk_armgcc_lib/bm/libksdk_platform.a(fsl_clock_manager.o)
                0x00005030                CLOCK_SYS_SetMcgMode
 .text.CLOCK_SYS_SetOscerConfigration
                0x00005154       0x20 C:/ProgramData/MATLAB/SupportPackages/R2022a/toolbox/target/supportpackages/freedomk64f/src/ksdk_armgcc_lib/bm/libksdk_platform.a(fsl_clock_manager.o)
                0x00005154                CLOCK_SYS_SetOscerConfigration
 .text.CLOCK_SYS_OscInit
                0x00005174       0x98 C:/ProgramData/MATLAB/SupportPackages/R2022a/toolbox/target/supportpackages/freedomk64f/src/ksdk_armgcc_lib/bm/libksdk_platform.a(fsl_clock_manager.o)
                0x00005174                CLOCK_SYS_OscInit
 .text.CLOCK_SYS_RtcOscInit
                0x0000520c       0x6c C:/ProgramData/MATLAB/SupportPackages/R2022a/toolbox/target/supportpackages/freedomk64f/src/ksdk_armgcc_lib/bm/libksdk_platform.a(fsl_clock_manager.o)
                0x0000520c                CLOCK_SYS_RtcOscInit
 .text.SIM_HAL_EnableClock.constprop.0
                0x00005278       0x1c C:/ProgramData/MATLAB/SupportPackages/R2022a/toolbox/target/supportpackages/freedomk64f/src/ksdk_armgcc_lib/bm/libksdk_platform.a(fsl_clock_MK64F12.o)
 .text.CLOCK_SYS_GetCoreClockFreq
                0x00005294       0x24 C:/ProgramData/MATLAB/SupportPackages/R2022a/toolbox/target/supportpackages/freedomk64f/src/ksdk_armgcc_lib/bm/libksdk_platform.a(fsl_clock_MK64F12.o)
                0x00005294                CLOCK_SYS_GetCoreClockFreq
 .text.CLOCK_SYS_SetConfiguration
                0x000052b8       0x94 C:/ProgramData/MATLAB/SupportPackages/R2022a/toolbox/target/supportpackages/freedomk64f/src/ksdk_armgcc_lib/bm/libksdk_platform.a(fsl_clock_MK64F12.o)
                0x000052b8                CLOCK_SYS_SetConfiguration
 .text.CLOCK_SYS_FllStableDelay
                0x0000534c       0x18 C:/ProgramData/MATLAB/SupportPackages/R2022a/toolbox/target/supportpackages/freedomk64f/src/ksdk_armgcc_lib/bm/libksdk_platform.a(fsl_clock_MK64F12.o)
 .text.CLOCK_SYS_GetBusClockFreq
                0x00005364       0x24 C:/ProgramData/MATLAB/SupportPackages/R2022a/toolbox/target/supportpackages/freedomk64f/src/ksdk_armgcc_lib/bm/libksdk_platform.a(fsl_clock_MK64F12.o)
                0x00005364                CLOCK_SYS_GetBusClockFreq
 .text.CLOCK_SYS_GetUartFreq
                0x00005388       0x16 C:/ProgramData/MATLAB/SupportPackages/R2022a/toolbox/target/supportpackages/freedomk64f/src/ksdk_armgcc_lib/bm/libksdk_platform.a(fsl_clock_MK64F12.o)
                0x00005388                CLOCK_SYS_GetUartFreq
 *fill*         0x0000539e        0x2 
 .text.CLOCK_SYS_EnablePortClock
                0x000053a0       0x30 C:/ProgramData/MATLAB/SupportPackages/R2022a/toolbox/target/supportpackages/freedomk64f/src/ksdk_armgcc_lib/bm/libksdk_platform.a(fsl_clock_MK64F12.o)
                0x000053a0                CLOCK_SYS_EnablePortClock
 .text.CLOCK_SYS_EnableUartClock
                0x000053d0       0x30 C:/ProgramData/MATLAB/SupportPackages/R2022a/toolbox/target/supportpackages/freedomk64f/src/ksdk_armgcc_lib/bm/libksdk_platform.a(fsl_clock_MK64F12.o)
                0x000053d0                CLOCK_SYS_EnableUartClock
 .text.INT_SYS_EnableIRQGlobal
                0x00005400       0x14 C:/ProgramData/MATLAB/SupportPackages/R2022a/toolbox/target/supportpackages/freedomk64f/src/ksdk_armgcc_lib/bm/libksdk_platform.a(fsl_interrupt_manager.o)
                0x00005400                INT_SYS_EnableIRQGlobal
 .text.INT_SYS_DisableIRQGlobal
                0x00005414       0x10 C:/ProgramData/MATLAB/SupportPackages/R2022a/toolbox/target/supportpackages/freedomk64f/src/ksdk_armgcc_lib/bm/libksdk_platform.a(fsl_interrupt_manager.o)
                0x00005414                INT_SYS_DisableIRQGlobal
 .text.EDMA_HAL_SetErrorIntCmd
                0x00005424        0xa C:/ProgramData/MATLAB/SupportPackages/R2022a/toolbox/target/supportpackages/freedomk64f/src/ksdk_armgcc_lib/bm/libksdk_platform.a(fsl_edma_hal.o)
                0x00005424                EDMA_HAL_SetErrorIntCmd
 .text.EDMA_HAL_SetDmaRequestCmd
                0x0000542e        0xa C:/ProgramData/MATLAB/SupportPackages/R2022a/toolbox/target/supportpackages/freedomk64f/src/ksdk_armgcc_lib/bm/libksdk_platform.a(fsl_edma_hal.o)
                0x0000542e                EDMA_HAL_SetDmaRequestCmd
 .text.EDMA_HAL_HTCDClearReg
                0x00005438       0x4a C:/ProgramData/MATLAB/SupportPackages/R2022a/toolbox/target/supportpackages/freedomk64f/src/ksdk_armgcc_lib/bm/libksdk_platform.a(fsl_edma_hal.o)
                0x00005438                EDMA_HAL_HTCDClearReg
 .text.EDMA_HAL_Init
                0x00005482       0x28 C:/ProgramData/MATLAB/SupportPackages/R2022a/toolbox/target/supportpackages/freedomk64f/src/ksdk_armgcc_lib/bm/libksdk_platform.a(fsl_edma_hal.o)
                0x00005482                EDMA_HAL_Init
 *fill*         0x000054aa        0x2 
 .text.EDMA_HAL_HTCDSetAttribute
                0x000054ac       0x48 C:/ProgramData/MATLAB/SupportPackages/R2022a/toolbox/target/supportpackages/freedomk64f/src/ksdk_armgcc_lib/bm/libksdk_platform.a(fsl_edma_hal.o)
                0x000054ac                EDMA_HAL_HTCDSetAttribute
 .text.EDMA_HAL_HTCDSetNbytes
                0x000054f4       0x7c C:/ProgramData/MATLAB/SupportPackages/R2022a/toolbox/target/supportpackages/freedomk64f/src/ksdk_armgcc_lib/bm/libksdk_platform.a(fsl_edma_hal.o)
                0x000054f4                EDMA_HAL_HTCDSetNbytes
 .text.EDMA_HAL_HTCDSetChannelMinorLink
                0x00005570       0x80 C:/ProgramData/MATLAB/SupportPackages/R2022a/toolbox/target/supportpackages/freedomk64f/src/ksdk_armgcc_lib/bm/libksdk_platform.a(fsl_edma_hal.o)
                0x00005570                EDMA_HAL_HTCDSetChannelMinorLink
 .text.EDMA_HAL_HTCDSetMajorCount
                0x000055f0       0x78 C:/ProgramData/MATLAB/SupportPackages/R2022a/toolbox/target/supportpackages/freedomk64f/src/ksdk_armgcc_lib/bm/libksdk_platform.a(fsl_edma_hal.o)
                0x000055f0                EDMA_HAL_HTCDSetMajorCount
 .text.INT_SYS_EnableIRQ
                0x00005668       0x48 C:/ProgramData/MATLAB/SupportPackages/R2022a/toolbox/target/supportpackages/freedomk64f/src/ksdk_armgcc_lib/bm/libksdk_platform.a(fsl_edma_driver.o)
 .text.EDMA_DRV_ClaimChannel
                0x000056b0       0x70 C:/ProgramData/MATLAB/SupportPackages/R2022a/toolbox/target/supportpackages/freedomk64f/src/ksdk_armgcc_lib/bm/libksdk_platform.a(fsl_edma_driver.o)
 .text.EDMA_DRV_Init
                0x00005720       0x84 C:/ProgramData/MATLAB/SupportPackages/R2022a/toolbox/target/supportpackages/freedomk64f/src/ksdk_armgcc_lib/bm/libksdk_platform.a(fsl_edma_driver.o)
                0x00005720                EDMA_DRV_Init
 .text.EDMA_DRV_InstallCallback
                0x000057a4        0x8 C:/ProgramData/MATLAB/SupportPackages/R2022a/toolbox/target/supportpackages/freedomk64f/src/ksdk_armgcc_lib/bm/libksdk_platform.a(fsl_edma_driver.o)
                0x000057a4                EDMA_DRV_InstallCallback
 .text.EDMA_DRV_RequestChannel
                0x000057ac       0x70 C:/ProgramData/MATLAB/SupportPackages/R2022a/toolbox/target/supportpackages/freedomk64f/src/ksdk_armgcc_lib/bm/libksdk_platform.a(fsl_edma_driver.o)
                0x000057ac                EDMA_DRV_RequestChannel
 .text.EDMA_DRV_IRQHandler
                0x0000581c       0x30 C:/ProgramData/MATLAB/SupportPackages/R2022a/toolbox/target/supportpackages/freedomk64f/src/ksdk_armgcc_lib/bm/libksdk_platform.a(fsl_edma_driver.o)
                0x0000581c                EDMA_DRV_IRQHandler
 .text.EDMA_DRV_ErrorIRQHandler
                0x0000584c       0x8c C:/ProgramData/MATLAB/SupportPackages/R2022a/toolbox/target/supportpackages/freedomk64f/src/ksdk_armgcc_lib/bm/libksdk_platform.a(fsl_edma_driver.o)
                0x0000584c                EDMA_DRV_ErrorIRQHandler
 .text.LPTMR_HAL_SetTimerWorkingMode
                0x000058d8       0x3c C:/ProgramData/MATLAB/SupportPackages/R2022a/toolbox/target/supportpackages/freedomk64f/src/ksdk_armgcc_lib/bm/libksdk_platform.a(fsl_lptmr_hal.o)
                0x000058d8                LPTMR_HAL_SetTimerWorkingMode
 .text.LPTMR_HAL_SetPrescalerMode
                0x00005914       0x1c C:/ProgramData/MATLAB/SupportPackages/R2022a/toolbox/target/supportpackages/freedomk64f/src/ksdk_armgcc_lib/bm/libksdk_platform.a(fsl_lptmr_hal.o)
                0x00005914                LPTMR_HAL_SetPrescalerMode
 .text.CLOCK_HAL_TestOscFreq
                0x00005930       0x28 C:/ProgramData/MATLAB/SupportPackages/R2022a/toolbox/target/supportpackages/freedomk64f/src/ksdk_armgcc_lib/bm/libksdk_platform.a(fsl_mcg_hal.o)
                0x00005930                CLOCK_HAL_TestOscFreq
 .text.CLOCK_HAL_GetMcgExternalClkFreq
                0x00005958        0xa C:/ProgramData/MATLAB/SupportPackages/R2022a/toolbox/target/supportpackages/freedomk64f/src/ksdk_armgcc_lib/bm/libksdk_platform.a(fsl_mcg_hal.o)
 .text.CLOCK_HAL_TestFllExternalRefFreq
                0x00005962       0x2c C:/ProgramData/MATLAB/SupportPackages/R2022a/toolbox/target/supportpackages/freedomk64f/src/ksdk_armgcc_lib/bm/libksdk_platform.a(fsl_mcg_hal.o)
                0x00005962                CLOCK_HAL_TestFllExternalRefFreq
 *fill*         0x0000598e        0x2 
 .text.CLOCK_HAL_GetFllRefClk
                0x00005990       0x40 C:/ProgramData/MATLAB/SupportPackages/R2022a/toolbox/target/supportpackages/freedomk64f/src/ksdk_armgcc_lib/bm/libksdk_platform.a(fsl_mcg_hal.o)
                0x00005990                CLOCK_HAL_GetFllRefClk
 .text.CLOCK_HAL_TestFllFreq
                0x000059d0       0x34 C:/ProgramData/MATLAB/SupportPackages/R2022a/toolbox/target/supportpackages/freedomk64f/src/ksdk_armgcc_lib/bm/libksdk_platform.a(fsl_mcg_hal.o)
                0x000059d0                CLOCK_HAL_TestFllFreq
 .text.CLOCK_HAL_GetFllClk
                0x00005a04       0x3c C:/ProgramData/MATLAB/SupportPackages/R2022a/toolbox/target/supportpackages/freedomk64f/src/ksdk_armgcc_lib/bm/libksdk_platform.a(fsl_mcg_hal.o)
                0x00005a04                CLOCK_HAL_GetFllClk
 .text.CLOCK_HAL_UpdateFastClkInternalRefDiv
                0x00005a40       0x58 C:/ProgramData/MATLAB/SupportPackages/R2022a/toolbox/target/supportpackages/freedomk64f/src/ksdk_armgcc_lib/bm/libksdk_platform.a(fsl_mcg_hal.o)
                0x00005a40                CLOCK_HAL_UpdateFastClkInternalRefDiv
 .text.CLOCK_HAL_GetPll0Clk
                0x00005a98       0x48 C:/ProgramData/MATLAB/SupportPackages/R2022a/toolbox/target/supportpackages/freedomk64f/src/ksdk_armgcc_lib/bm/libksdk_platform.a(fsl_mcg_hal.o)
                0x00005a98                CLOCK_HAL_GetPll0Clk
 .text.CLOCK_HAL_EnablePll0InFllMode
                0x00005ae0       0x38 C:/ProgramData/MATLAB/SupportPackages/R2022a/toolbox/target/supportpackages/freedomk64f/src/ksdk_armgcc_lib/bm/libksdk_platform.a(fsl_mcg_hal.o)
                0x00005ae0                CLOCK_HAL_EnablePll0InFllMode
 .text.CLOCK_HAL_GetInternalRefClk
                0x00005b18       0x40 C:/ProgramData/MATLAB/SupportPackages/R2022a/toolbox/target/supportpackages/freedomk64f/src/ksdk_armgcc_lib/bm/libksdk_platform.a(fsl_mcg_hal.o)
                0x00005b18                CLOCK_HAL_GetInternalRefClk
 .text.CLOCK_HAL_GetOutClk
                0x00005b58       0x22 C:/ProgramData/MATLAB/SupportPackages/R2022a/toolbox/target/supportpackages/freedomk64f/src/ksdk_armgcc_lib/bm/libksdk_platform.a(fsl_mcg_hal.o)
                0x00005b58                CLOCK_HAL_GetOutClk
 .text.CLOCK_HAL_SetOsc0Mode
                0x00005b7a       0x24 C:/ProgramData/MATLAB/SupportPackages/R2022a/toolbox/target/supportpackages/freedomk64f/src/ksdk_armgcc_lib/bm/libksdk_platform.a(fsl_mcg_hal.o)
                0x00005b7a                CLOCK_HAL_SetOsc0Mode
 *fill*         0x00005b9e        0x2 
 .text.CLOCK_HAL_PrepareOsc
                0x00005ba0       0x30 C:/ProgramData/MATLAB/SupportPackages/R2022a/toolbox/target/supportpackages/freedomk64f/src/ksdk_armgcc_lib/bm/libksdk_platform.a(fsl_mcg_hal_modes.o)
 .text.CLOCK_HAL_GetMcgMode
                0x00005bd0       0x7c C:/ProgramData/MATLAB/SupportPackages/R2022a/toolbox/target/supportpackages/freedomk64f/src/ksdk_armgcc_lib/bm/libksdk_platform.a(fsl_mcg_hal_modes.o)
                0x00005bd0                CLOCK_HAL_GetMcgMode
 .text.CLOCK_HAL_SetFbiMode
                0x00005c4c       0xc0 C:/ProgramData/MATLAB/SupportPackages/R2022a/toolbox/target/supportpackages/freedomk64f/src/ksdk_armgcc_lib/bm/libksdk_platform.a(fsl_mcg_hal_modes.o)
                0x00005c4c                CLOCK_HAL_SetFbiMode
 .text.CLOCK_HAL_SetFbeMode
                0x00005d0c       0xf0 C:/ProgramData/MATLAB/SupportPackages/R2022a/toolbox/target/supportpackages/freedomk64f/src/ksdk_armgcc_lib/bm/libksdk_platform.a(fsl_mcg_hal_modes.o)
                0x00005d0c                CLOCK_HAL_SetFbeMode
 .text.CLOCK_HAL_SetPbeMode
                0x00005dfc       0xd8 C:/ProgramData/MATLAB/SupportPackages/R2022a/toolbox/target/supportpackages/freedomk64f/src/ksdk_armgcc_lib/bm/libksdk_platform.a(fsl_mcg_hal_modes.o)
                0x00005dfc                CLOCK_HAL_SetPbeMode
 .text.OSC_HAL_SetCapacitor
                0x00005ed4        0xe C:/ProgramData/MATLAB/SupportPackages/R2022a/toolbox/target/supportpackages/freedomk64f/src/ksdk_armgcc_lib/bm/libksdk_platform.a(fsl_osc_hal.o)
                0x00005ed4                OSC_HAL_SetCapacitor
 .text.CLOCK_HAL_SetOutDiv
                0x00005ee2       0x28 C:/ProgramData/MATLAB/SupportPackages/R2022a/toolbox/target/supportpackages/freedomk64f/src/ksdk_armgcc_lib/bm/libksdk_platform.a(fsl_sim_hal_MK64F12.o)
                0x00005ee2                CLOCK_HAL_SetOutDiv
 *fill*         0x00005f0a        0x2 
 .text.UART_DRV_CompleteSendData
                0x00005f0c       0x54 C:/ProgramData/MATLAB/SupportPackages/R2022a/toolbox/target/supportpackages/freedomk64f/src/ksdk_armgcc_lib/bm/libksdk_platform.a(fsl_uart_driver.o)
 .text.UART_DRV_CompleteReceiveData
                0x00005f60       0x5c C:/ProgramData/MATLAB/SupportPackages/R2022a/toolbox/target/supportpackages/freedomk64f/src/ksdk_armgcc_lib/bm/libksdk_platform.a(fsl_uart_driver.o)
 .text.UART_DRV_IRQHandler
                0x00005fbc       0xdc C:/ProgramData/MATLAB/SupportPackages/R2022a/toolbox/target/supportpackages/freedomk64f/src/ksdk_armgcc_lib/bm/libksdk_platform.a(fsl_uart_driver.o)
                0x00005fbc                UART_DRV_IRQHandler
 .text.EDMA_HAL_HTCDSetIntCmd
                0x00006098       0x14 C:/ProgramData/MATLAB/SupportPackages/R2022a/toolbox/target/supportpackages/freedomk64f/src/ksdk_armgcc_lib/bm/libksdk_platform.a(fsl_uart_edma_driver.o)
 .text.UART_DRV_EdmaCompleteSendData
                0x000060ac       0x60 C:/ProgramData/MATLAB/SupportPackages/R2022a/toolbox/target/supportpackages/freedomk64f/src/ksdk_armgcc_lib/bm/libksdk_platform.a(fsl_uart_edma_driver.o)
 .text.UART_DRV_EdmaTxCallback
                0x0000610c        0x4 C:/ProgramData/MATLAB/SupportPackages/R2022a/toolbox/target/supportpackages/freedomk64f/src/ksdk_armgcc_lib/bm/libksdk_platform.a(fsl_uart_edma_driver.o)
 .text.UART_DRV_EdmaCompleteReceiveData
                0x00006110       0x64 C:/ProgramData/MATLAB/SupportPackages/R2022a/toolbox/target/supportpackages/freedomk64f/src/ksdk_armgcc_lib/bm/libksdk_platform.a(fsl_uart_edma_driver.o)
 .text.UART_DRV_EdmaRxCallback
                0x00006174        0x4 C:/ProgramData/MATLAB/SupportPackages/R2022a/toolbox/target/supportpackages/freedomk64f/src/ksdk_armgcc_lib/bm/libksdk_platform.a(fsl_uart_edma_driver.o)
 .text.UART_DRV_EdmaInit
                0x00006178      0x260 C:/ProgramData/MATLAB/SupportPackages/R2022a/toolbox/target/supportpackages/freedomk64f/src/ksdk_armgcc_lib/bm/libksdk_platform.a(fsl_uart_edma_driver.o)
                0x00006178                UART_DRV_EdmaInit
 .text.DMAMUX_HAL_Init
                0x000063d8       0x22 C:/ProgramData/MATLAB/SupportPackages/R2022a/toolbox/target/supportpackages/freedomk64f/src/ksdk_armgcc_lib/bm/libksdk_platform.a(fsl_dmamux_hal.o)
                0x000063d8                DMAMUX_HAL_Init
 .text.UART_HAL_Init
                0x000063fa       0x2a C:/ProgramData/MATLAB/SupportPackages/R2022a/toolbox/target/supportpackages/freedomk64f/src/ksdk_armgcc_lib/bm/libksdk_platform.a(fsl_uart_hal.o)
                0x000063fa                UART_HAL_Init
 .text.UART_HAL_SetBaudRate
                0x00006424       0x42 C:/ProgramData/MATLAB/SupportPackages/R2022a/toolbox/target/supportpackages/freedomk64f/src/ksdk_armgcc_lib/bm/libksdk_platform.a(fsl_uart_hal.o)
                0x00006424                UART_HAL_SetBaudRate
 *fill*         0x00006466        0x2 
 .text.UART_HAL_SetParityMode
                0x00006468       0x18 C:/ProgramData/MATLAB/SupportPackages/R2022a/toolbox/target/supportpackages/freedomk64f/src/ksdk_armgcc_lib/bm/libksdk_platform.a(fsl_uart_hal.o)
                0x00006468                UART_HAL_SetParityMode
 .text.UART_HAL_Putchar
                0x00006480        0x6 C:/ProgramData/MATLAB/SupportPackages/R2022a/toolbox/target/supportpackages/freedomk64f/src/ksdk_armgcc_lib/bm/libksdk_platform.a(fsl_uart_hal.o)
                0x00006480                UART_HAL_Putchar
 .text.UART_HAL_Getchar
                0x00006486        0x8 C:/ProgramData/MATLAB/SupportPackages/R2022a/toolbox/target/supportpackages/freedomk64f/src/ksdk_armgcc_lib/bm/libksdk_platform.a(fsl_uart_hal.o)
                0x00006486                UART_HAL_Getchar
 .text.UART_HAL_SetIntMode
                0x0000648e       0x66 C:/ProgramData/MATLAB/SupportPackages/R2022a/toolbox/target/supportpackages/freedomk64f/src/ksdk_armgcc_lib/bm/libksdk_platform.a(fsl_uart_hal.o)
                0x0000648e                UART_HAL_SetIntMode
 .text.UART_HAL_SetTxDmaCmd
                0x000064f4       0x28 C:/ProgramData/MATLAB/SupportPackages/R2022a/toolbox/target/supportpackages/freedomk64f/src/ksdk_armgcc_lib/bm/libksdk_platform.a(fsl_uart_hal.o)
                0x000064f4                UART_HAL_SetTxDmaCmd
 .text.UART_HAL_SetRxDmaCmd
                0x0000651c       0x1c C:/ProgramData/MATLAB/SupportPackages/R2022a/toolbox/target/supportpackages/freedomk64f/src/ksdk_armgcc_lib/bm/libksdk_platform.a(fsl_uart_hal.o)
                0x0000651c                UART_HAL_SetRxDmaCmd
 .text.UART_HAL_GetStatusFlag
                0x00006538       0x30 C:/ProgramData/MATLAB/SupportPackages/R2022a/toolbox/target/supportpackages/freedomk64f/src/ksdk_armgcc_lib/bm/libksdk_platform.a(fsl_uart_hal.o)
                0x00006538                UART_HAL_GetStatusFlag
 .text.UART_HAL_ClearStatusFlag
                0x00006568       0x7a C:/ProgramData/MATLAB/SupportPackages/R2022a/toolbox/target/supportpackages/freedomk64f/src/ksdk_armgcc_lib/bm/libksdk_platform.a(fsl_uart_hal.o)
                0x00006568                UART_HAL_ClearStatusFlag
 *fill*         0x000065e2        0x2 
 .text.abort    0x000065e4       0x10 c:/progra~3/matlab/supportpackages/r2022a/3p.instrset/gnuarm-armcortex.instrset/win/bin/../lib/gcc/arm-none-eabi/9.3.1/../../../../arm-none-eabi/lib/thumb/v7e-m+fp/hard\libg.a(lib_a-abort.o)
                0x000065e4                abort
 .text.__assert_func
                0x000065f4       0x3c c:/progra~3/matlab/supportpackages/r2022a/3p.instrset/gnuarm-armcortex.instrset/win/bin/../lib/gcc/arm-none-eabi/9.3.1/../../../../arm-none-eabi/lib/thumb/v7e-m+fp/hard\libg.a(lib_a-assert.o)
                0x000065f4                __assert_func
 .text.atexit   0x00006630        0xc c:/progra~3/matlab/supportpackages/r2022a/3p.instrset/gnuarm-armcortex.instrset/win/bin/../lib/gcc/arm-none-eabi/9.3.1/../../../../arm-none-eabi/lib/thumb/v7e-m+fp/hard\libg.a(lib_a-atexit.o)
                0x00006630                atexit
 .text.__errno  0x0000663c        0xc c:/progra~3/matlab/supportpackages/r2022a/3p.instrset/gnuarm-armcortex.instrset/win/bin/../lib/gcc/arm-none-eabi/9.3.1/../../../../arm-none-eabi/lib/thumb/v7e-m+fp/hard\libg.a(lib_a-errno.o)
                0x0000663c                __errno
 .text.exit     0x00006648       0x20 c:/progra~3/matlab/supportpackages/r2022a/3p.instrset/gnuarm-armcortex.instrset/win/bin/../lib/gcc/arm-none-eabi/9.3.1/../../../../arm-none-eabi/lib/thumb/v7e-m+fp/hard\libg.a(lib_a-exit.o)
                0x00006648                exit
 .text.__libc_fini_array
                0x00006668       0x2c c:/progra~3/matlab/supportpackages/r2022a/3p.instrset/gnuarm-armcortex.instrset/win/bin/../lib/gcc/arm-none-eabi/9.3.1/../../../../arm-none-eabi/lib/thumb/v7e-m+fp/hard\libg.a(lib_a-fini.o)
                0x00006668                __libc_fini_array
 .text.fiprintf
                0x00006694       0x28 c:/progra~3/matlab/supportpackages/r2022a/3p.instrset/gnuarm-armcortex.instrset/win/bin/../lib/gcc/arm-none-eabi/9.3.1/../../../../arm-none-eabi/lib/thumb/v7e-m+fp/hard\libg.a(lib_a-fiprintf.o)
                0x00006694                fiprintf
 .text.__libc_init_array
                0x000066bc       0x48 c:/progra~3/matlab/supportpackages/r2022a/3p.instrset/gnuarm-armcortex.instrset/win/bin/../lib/gcc/arm-none-eabi/9.3.1/../../../../arm-none-eabi/lib/thumb/v7e-m+fp/hard\libg.a(lib_a-init.o)
                0x000066bc                __libc_init_array
 .text._malloc_r
                0x00006704      0x574 c:/progra~3/matlab/supportpackages/r2022a/3p.instrset/gnuarm-armcortex.instrset/win/bin/../lib/gcc/arm-none-eabi/9.3.1/../../../../arm-none-eabi/lib/thumb/v7e-m+fp/hard\libg.a(lib_a-mallocr.o)
                0x00006704                _malloc_r
 .text.memset   0x00006c78       0xa0 c:/progra~3/matlab/supportpackages/r2022a/3p.instrset/gnuarm-armcortex.instrset/win/bin/../lib/gcc/arm-none-eabi/9.3.1/../../../../arm-none-eabi/lib/thumb/v7e-m+fp/hard\libg.a(lib_a-memset.o)
                0x00006c78                memset
 .text.__malloc_lock
                0x00006d18        0xc c:/progra~3/matlab/supportpackages/r2022a/3p.instrset/gnuarm-armcortex.instrset/win/bin/../lib/gcc/arm-none-eabi/9.3.1/../../../../arm-none-eabi/lib/thumb/v7e-m+fp/hard\libg.a(lib_a-mlock.o)
                0x00006d18                __malloc_lock
 .text.__malloc_unlock
                0x00006d24        0xc c:/progra~3/matlab/supportpackages/r2022a/3p.instrset/gnuarm-armcortex.instrset/win/bin/../lib/gcc/arm-none-eabi/9.3.1/../../../../arm-none-eabi/lib/thumb/v7e-m+fp/hard\libg.a(lib_a-mlock.o)
                0x00006d24                __malloc_unlock
 .text._sbrk_r  0x00006d30       0x24 c:/progra~3/matlab/supportpackages/r2022a/3p.instrset/gnuarm-armcortex.instrset/win/bin/../lib/gcc/arm-none-eabi/9.3.1/../../../../arm-none-eabi/lib/thumb/v7e-m+fp/hard\libg.a(lib_a-sbrkr.o)
                0x00006d30                _sbrk_r
 .text._raise_r
                0x00006d54       0x58 c:/progra~3/matlab/supportpackages/r2022a/3p.instrset/gnuarm-armcortex.instrset/win/bin/../lib/gcc/arm-none-eabi/9.3.1/../../../../arm-none-eabi/lib/thumb/v7e-m+fp/hard\libg.a(lib_a-signal.o)
                0x00006d54                _raise_r
 .text.raise    0x00006dac       0x10 c:/progra~3/matlab/supportpackages/r2022a/3p.instrset/gnuarm-armcortex.instrset/win/bin/../lib/gcc/arm-none-eabi/9.3.1/../../../../arm-none-eabi/lib/thumb/v7e-m+fp/hard\libg.a(lib_a-signal.o)
                0x00006dac                raise
 .text._kill_r  0x00006dbc       0x2c c:/progra~3/matlab/supportpackages/r2022a/3p.instrset/gnuarm-armcortex.instrset/win/bin/../lib/gcc/arm-none-eabi/9.3.1/../../../../arm-none-eabi/lib/thumb/v7e-m+fp/hard\libg.a(lib_a-signalr.o)
                0x00006dbc                _kill_r
 .text._getpid_r
                0x00006de8        0x4 c:/progra~3/matlab/supportpackages/r2022a/3p.instrset/gnuarm-armcortex.instrset/win/bin/../lib/gcc/arm-none-eabi/9.3.1/../../../../arm-none-eabi/lib/thumb/v7e-m+fp/hard\libg.a(lib_a-signalr.o)
                0x00006de8                _getpid_r
 .text.__sprint_r.part.0
                0x00006dec       0x78 c:/progra~3/matlab/supportpackages/r2022a/3p.instrset/gnuarm-armcortex.instrset/win/bin/../lib/gcc/arm-none-eabi/9.3.1/../../../../arm-none-eabi/lib/thumb/v7e-m+fp/hard\libg.a(lib_a-vfiprintf.o)
 .text._vfiprintf_r
                0x00006e64      0xd4c c:/progra~3/matlab/supportpackages/r2022a/3p.instrset/gnuarm-armcortex.instrset/win/bin/../lib/gcc/arm-none-eabi/9.3.1/../../../../arm-none-eabi/lib/thumb/v7e-m+fp/hard\libg.a(lib_a-vfiprintf.o)
                0x00006e64                _vfiprintf_r
 .text.__sbprintf
                0x00007bb0       0x84 c:/progra~3/matlab/supportpackages/r2022a/3p.instrset/gnuarm-armcortex.instrset/win/bin/../lib/gcc/arm-none-eabi/9.3.1/../../../../arm-none-eabi/lib/thumb/v7e-m+fp/hard\libg.a(lib_a-vfiprintf.o)
 .text.__swsetup_r
                0x00007c34       0xd0 c:/progra~3/matlab/supportpackages/r2022a/3p.instrset/gnuarm-armcortex.instrset/win/bin/../lib/gcc/arm-none-eabi/9.3.1/../../../../arm-none-eabi/lib/thumb/v7e-m+fp/hard\libg.a(lib_a-wsetup.o)
                0x00007c34                __swsetup_r
 .text.__register_exitproc
                0x00007d04       0x8c c:/progra~3/matlab/supportpackages/r2022a/3p.instrset/gnuarm-armcortex.instrset/win/bin/../lib/gcc/arm-none-eabi/9.3.1/../../../../arm-none-eabi/lib/thumb/v7e-m+fp/hard\libg.a(lib_a-__atexit.o)
                0x00007d04                __register_exitproc
 .text.startup.register_fini
                0x00007d90       0x14 c:/progra~3/matlab/supportpackages/r2022a/3p.instrset/gnuarm-armcortex.instrset/win/bin/../lib/gcc/arm-none-eabi/9.3.1/../../../../arm-none-eabi/lib/thumb/v7e-m+fp/hard\libg.a(lib_a-__call_atexit.o)
 .text.__call_exitprocs
                0x00007da4       0xcc c:/progra~3/matlab/supportpackages/r2022a/3p.instrset/gnuarm-armcortex.instrset/win/bin/../lib/gcc/arm-none-eabi/9.3.1/../../../../arm-none-eabi/lib/thumb/v7e-m+fp/hard\libg.a(lib_a-__call_atexit.o)
                0x00007da4                __call_exitprocs
 .text.__sflush_r
                0x00007e70      0x130 c:/progra~3/matlab/supportpackages/r2022a/3p.instrset/gnuarm-armcortex.instrset/win/bin/../lib/gcc/arm-none-eabi/9.3.1/../../../../arm-none-eabi/lib/thumb/v7e-m+fp/hard\libg.a(lib_a-fflush.o)
                0x00007e70                __sflush_r
 .text._fflush_r
                0x00007fa0       0x5c c:/progra~3/matlab/supportpackages/r2022a/3p.instrset/gnuarm-armcortex.instrset/win/bin/../lib/gcc/arm-none-eabi/9.3.1/../../../../arm-none-eabi/lib/thumb/v7e-m+fp/hard\libg.a(lib_a-fflush.o)
                0x00007fa0                _fflush_r
 .text.std      0x00007ffc       0x50 c:/progra~3/matlab/supportpackages/r2022a/3p.instrset/gnuarm-armcortex.instrset/win/bin/../lib/gcc/arm-none-eabi/9.3.1/../../../../arm-none-eabi/lib/thumb/v7e-m+fp/hard\libg.a(lib_a-findfp.o)
 .text._cleanup_r
                0x0000804c        0xc c:/progra~3/matlab/supportpackages/r2022a/3p.instrset/gnuarm-armcortex.instrset/win/bin/../lib/gcc/arm-none-eabi/9.3.1/../../../../arm-none-eabi/lib/thumb/v7e-m+fp/hard\libg.a(lib_a-findfp.o)
                0x0000804c                _cleanup_r
 .text.__sinit  0x00008058       0x54 c:/progra~3/matlab/supportpackages/r2022a/3p.instrset/gnuarm-armcortex.instrset/win/bin/../lib/gcc/arm-none-eabi/9.3.1/../../../../arm-none-eabi/lib/thumb/v7e-m+fp/hard\libg.a(lib_a-findfp.o)
                0x00008058                __sinit
 .text.__sfp_lock_acquire
                0x000080ac        0xc c:/progra~3/matlab/supportpackages/r2022a/3p.instrset/gnuarm-armcortex.instrset/win/bin/../lib/gcc/arm-none-eabi/9.3.1/../../../../arm-none-eabi/lib/thumb/v7e-m+fp/hard\libg.a(lib_a-findfp.o)
                0x000080ac                __sfp_lock_acquire
 .text.__sfp_lock_release
                0x000080b8        0xc c:/progra~3/matlab/supportpackages/r2022a/3p.instrset/gnuarm-armcortex.instrset/win/bin/../lib/gcc/arm-none-eabi/9.3.1/../../../../arm-none-eabi/lib/thumb/v7e-m+fp/hard\libg.a(lib_a-findfp.o)
                0x000080b8                __sfp_lock_release
 .text.__fputwc
                0x000080c4       0xa8 c:/progra~3/matlab/supportpackages/r2022a/3p.instrset/gnuarm-armcortex.instrset/win/bin/../lib/gcc/arm-none-eabi/9.3.1/../../../../arm-none-eabi/lib/thumb/v7e-m+fp/hard\libg.a(lib_a-fputwc.o)
                0x000080c4                __fputwc
 .text._fputwc_r
                0x0000816c       0x68 c:/progra~3/matlab/supportpackages/r2022a/3p.instrset/gnuarm-armcortex.instrset/win/bin/../lib/gcc/arm-none-eabi/9.3.1/../../../../arm-none-eabi/lib/thumb/v7e-m+fp/hard\libg.a(lib_a-fputwc.o)
                0x0000816c                _fputwc_r
 .text._malloc_trim_r
                0x000081d4       0xa0 c:/progra~3/matlab/supportpackages/r2022a/3p.instrset/gnuarm-armcortex.instrset/win/bin/../lib/gcc/arm-none-eabi/9.3.1/../../../../arm-none-eabi/lib/thumb/v7e-m+fp/hard\libg.a(lib_a-freer.o)
                0x000081d4                _malloc_trim_r
 .text._free_r  0x00008274      0x208 c:/progra~3/matlab/supportpackages/r2022a/3p.instrset/gnuarm-armcortex.instrset/win/bin/../lib/gcc/arm-none-eabi/9.3.1/../../../../arm-none-eabi/lib/thumb/v7e-m+fp/hard\libg.a(lib_a-freer.o)
                0x00008274                _free_r
 .text.__sfvwrite_r
                0x0000847c      0x2e0 c:/progra~3/matlab/supportpackages/r2022a/3p.instrset/gnuarm-armcortex.instrset/win/bin/../lib/gcc/arm-none-eabi/9.3.1/../../../../arm-none-eabi/lib/thumb/v7e-m+fp/hard\libg.a(lib_a-fvwrite.o)
                0x0000847c                __sfvwrite_r
 .text._fwalk_reent
                0x0000875c       0x48 c:/progra~3/matlab/supportpackages/r2022a/3p.instrset/gnuarm-armcortex.instrset/win/bin/../lib/gcc/arm-none-eabi/9.3.1/../../../../arm-none-eabi/lib/thumb/v7e-m+fp/hard\libg.a(lib_a-fwalk.o)
                0x0000875c                _fwalk_reent
 .text.__locale_mb_cur_max
                0x000087a4        0xc c:/progra~3/matlab/supportpackages/r2022a/3p.instrset/gnuarm-armcortex.instrset/win/bin/../lib/gcc/arm-none-eabi/9.3.1/../../../../arm-none-eabi/lib/thumb/v7e-m+fp/hard\libg.a(lib_a-locale.o)
                0x000087a4                __locale_mb_cur_max
 .text._localeconv_r
                0x000087b0        0x8 c:/progra~3/matlab/supportpackages/r2022a/3p.instrset/gnuarm-armcortex.instrset/win/bin/../lib/gcc/arm-none-eabi/9.3.1/../../../../arm-none-eabi/lib/thumb/v7e-m+fp/hard\libg.a(lib_a-localeconv.o)
                0x000087b0                _localeconv_r
 .text.__retarget_lock_init_recursive
                0x000087b8        0x4 c:/progra~3/matlab/supportpackages/r2022a/3p.instrset/gnuarm-armcortex.instrset/win/bin/../lib/gcc/arm-none-eabi/9.3.1/../../../../arm-none-eabi/lib/thumb/v7e-m+fp/hard\libg.a(lib_a-lock.o)
                0x000087b8                __retarget_lock_init_recursive
 .text.__retarget_lock_close_recursive
                0x000087bc        0x4 c:/progra~3/matlab/supportpackages/r2022a/3p.instrset/gnuarm-armcortex.instrset/win/bin/../lib/gcc/arm-none-eabi/9.3.1/../../../../arm-none-eabi/lib/thumb/v7e-m+fp/hard\libg.a(lib_a-lock.o)
                0x000087bc                __retarget_lock_close_recursive
 .text.__retarget_lock_acquire_recursive
                0x000087c0        0x4 c:/progra~3/matlab/supportpackages/r2022a/3p.instrset/gnuarm-armcortex.instrset/win/bin/../lib/gcc/arm-none-eabi/9.3.1/../../../../arm-none-eabi/lib/thumb/v7e-m+fp/hard\libg.a(lib_a-lock.o)
                0x000087c0                __retarget_lock_acquire_recursive
 .text.__retarget_lock_release_recursive
                0x000087c4        0x4 c:/progra~3/matlab/supportpackages/r2022a/3p.instrset/gnuarm-armcortex.instrset/win/bin/../lib/gcc/arm-none-eabi/9.3.1/../../../../arm-none-eabi/lib/thumb/v7e-m+fp/hard\libg.a(lib_a-lock.o)
                0x000087c4                __retarget_lock_release_recursive
 .text.__swhatbuf_r
                0x000087c8       0x5c c:/progra~3/matlab/supportpackages/r2022a/3p.instrset/gnuarm-armcortex.instrset/win/bin/../lib/gcc/arm-none-eabi/9.3.1/../../../../arm-none-eabi/lib/thumb/v7e-m+fp/hard\libg.a(lib_a-makebuf.o)
                0x000087c8                __swhatbuf_r
 .text.__smakebuf_r
                0x00008824       0x98 c:/progra~3/matlab/supportpackages/r2022a/3p.instrset/gnuarm-armcortex.instrset/win/bin/../lib/gcc/arm-none-eabi/9.3.1/../../../../arm-none-eabi/lib/thumb/v7e-m+fp/hard\libg.a(lib_a-makebuf.o)
                0x00008824                __smakebuf_r
 .text.__ascii_mbtowc
                0x000088bc       0x2c c:/progra~3/matlab/supportpackages/r2022a/3p.instrset/gnuarm-armcortex.instrset/win/bin/../lib/gcc/arm-none-eabi/9.3.1/../../../../arm-none-eabi/lib/thumb/v7e-m+fp/hard\libg.a(lib_a-mbtowc_r.o)
                0x000088bc                __ascii_mbtowc
 .text.memmove  0x000088e8       0xd8 c:/progra~3/matlab/supportpackages/r2022a/3p.instrset/gnuarm-armcortex.instrset/win/bin/../lib/gcc/arm-none-eabi/9.3.1/../../../../arm-none-eabi/lib/thumb/v7e-m+fp/hard\libg.a(lib_a-memmove.o)
                0x000088e8                memmove
 .text._realloc_r
                0x000089c0      0x3e0 c:/progra~3/matlab/supportpackages/r2022a/3p.instrset/gnuarm-armcortex.instrset/win/bin/../lib/gcc/arm-none-eabi/9.3.1/../../../../arm-none-eabi/lib/thumb/v7e-m+fp/hard\libg.a(lib_a-reallocr.o)
                0x000089c0                _realloc_r
 .text.__sread  0x00008da0       0x24 c:/progra~3/matlab/supportpackages/r2022a/3p.instrset/gnuarm-armcortex.instrset/win/bin/../lib/gcc/arm-none-eabi/9.3.1/../../../../arm-none-eabi/lib/thumb/v7e-m+fp/hard\libg.a(lib_a-stdio.o)
                0x00008da0                __sread
 .text.__swrite
                0x00008dc4       0x40 c:/progra~3/matlab/supportpackages/r2022a/3p.instrset/gnuarm-armcortex.instrset/win/bin/../lib/gcc/arm-none-eabi/9.3.1/../../../../arm-none-eabi/lib/thumb/v7e-m+fp/hard\libg.a(lib_a-stdio.o)
                0x00008dc4                __swrite
 .text.__sseek  0x00008e04       0x20 c:/progra~3/matlab/supportpackages/r2022a/3p.instrset/gnuarm-armcortex.instrset/win/bin/../lib/gcc/arm-none-eabi/9.3.1/../../../../arm-none-eabi/lib/thumb/v7e-m+fp/hard\libg.a(lib_a-stdio.o)
                0x00008e04                __sseek
 .text.__sclose
                0x00008e24        0x8 c:/progra~3/matlab/supportpackages/r2022a/3p.instrset/gnuarm-armcortex.instrset/win/bin/../lib/gcc/arm-none-eabi/9.3.1/../../../../arm-none-eabi/lib/thumb/v7e-m+fp/hard\libg.a(lib_a-stdio.o)
                0x00008e24                __sclose
 .text.strncpy  0x00008e2c       0x68 c:/progra~3/matlab/supportpackages/r2022a/3p.instrset/gnuarm-armcortex.instrset/win/bin/../lib/gcc/arm-none-eabi/9.3.1/../../../../arm-none-eabi/lib/thumb/v7e-m+fp/hard\libg.a(lib_a-strncpy.o)
                0x00008e2c                strncpy
 .text.__swbuf_r
                0x00008e94       0xb0 c:/progra~3/matlab/supportpackages/r2022a/3p.instrset/gnuarm-armcortex.instrset/win/bin/../lib/gcc/arm-none-eabi/9.3.1/../../../../arm-none-eabi/lib/thumb/v7e-m+fp/hard\libg.a(lib_a-wbuf.o)
                0x00008e94                __swbuf_r
 .text._wcrtomb_r
                0x00008f44       0x3c c:/progra~3/matlab/supportpackages/r2022a/3p.instrset/gnuarm-armcortex.instrset/win/bin/../lib/gcc/arm-none-eabi/9.3.1/../../../../arm-none-eabi/lib/thumb/v7e-m+fp/hard\libg.a(lib_a-wcrtomb.o)
                0x00008f44                _wcrtomb_r
 .text.__ascii_wctomb
                0x00008f80       0x1c c:/progra~3/matlab/supportpackages/r2022a/3p.instrset/gnuarm-armcortex.instrset/win/bin/../lib/gcc/arm-none-eabi/9.3.1/../../../../arm-none-eabi/lib/thumb/v7e-m+fp/hard\libg.a(lib_a-wctomb_r.o)
                0x00008f80                __ascii_wctomb
 .text._write_r
                0x00008f9c       0x2c c:/progra~3/matlab/supportpackages/r2022a/3p.instrset/gnuarm-armcortex.instrset/win/bin/../lib/gcc/arm-none-eabi/9.3.1/../../../../arm-none-eabi/lib/thumb/v7e-m+fp/hard\libg.a(lib_a-writer.o)
                0x00008f9c                _write_r
 .text._close_r
                0x00008fc8       0x24 c:/progra~3/matlab/supportpackages/r2022a/3p.instrset/gnuarm-armcortex.instrset/win/bin/../lib/gcc/arm-none-eabi/9.3.1/../../../../arm-none-eabi/lib/thumb/v7e-m+fp/hard\libg.a(lib_a-closer.o)
                0x00008fc8                _close_r
 .text._fclose_r
                0x00008fec       0xcc c:/progra~3/matlab/supportpackages/r2022a/3p.instrset/gnuarm-armcortex.instrset/win/bin/../lib/gcc/arm-none-eabi/9.3.1/../../../../arm-none-eabi/lib/thumb/v7e-m+fp/hard\libg.a(lib_a-fclose.o)
                0x00008fec                _fclose_r
 .text._fstat_r
                0x000090b8       0x2c c:/progra~3/matlab/supportpackages/r2022a/3p.instrset/gnuarm-armcortex.instrset/win/bin/../lib/gcc/arm-none-eabi/9.3.1/../../../../arm-none-eabi/lib/thumb/v7e-m+fp/hard\libg.a(lib_a-fstatr.o)
                0x000090b8                _fstat_r
 .text._isatty_r
                0x000090e4       0x24 c:/progra~3/matlab/supportpackages/r2022a/3p.instrset/gnuarm-armcortex.instrset/win/bin/../lib/gcc/arm-none-eabi/9.3.1/../../../../arm-none-eabi/lib/thumb/v7e-m+fp/hard\libg.a(lib_a-isattyr.o)
                0x000090e4                _isatty_r
 .text._lseek_r
                0x00009108       0x2c c:/progra~3/matlab/supportpackages/r2022a/3p.instrset/gnuarm-armcortex.instrset/win/bin/../lib/gcc/arm-none-eabi/9.3.1/../../../../arm-none-eabi/lib/thumb/v7e-m+fp/hard\libg.a(lib_a-lseekr.o)
                0x00009108                _lseek_r
 .text._read_r  0x00009134       0x2c c:/progra~3/matlab/supportpackages/r2022a/3p.instrset/gnuarm-armcortex.instrset/win/bin/../lib/gcc/arm-none-eabi/9.3.1/../../../../arm-none-eabi/lib/thumb/v7e-m+fp/hard\libg.a(lib_a-readr.o)
                0x00009134                _read_r
 .text._close   0x00009160       0x10 c:/progra~3/matlab/supportpackages/r2022a/3p.instrset/gnuarm-armcortex.instrset/win/bin/../lib/gcc/arm-none-eabi/9.3.1/../../../../arm-none-eabi/lib/thumb/v7e-m+fp/hard\libnosys.a(close.o)
                0x00009160                _close
 .text._fstat   0x00009170       0x10 c:/progra~3/matlab/supportpackages/r2022a/3p.instrset/gnuarm-armcortex.instrset/win/bin/../lib/gcc/arm-none-eabi/9.3.1/../../../../arm-none-eabi/lib/thumb/v7e-m+fp/hard\libnosys.a(fstat.o)
                0x00009170                _fstat
 .text._getpid  0x00009180       0x10 c:/progra~3/matlab/supportpackages/r2022a/3p.instrset/gnuarm-armcortex.instrset/win/bin/../lib/gcc/arm-none-eabi/9.3.1/../../../../arm-none-eabi/lib/thumb/v7e-m+fp/hard\libnosys.a(getpid.o)
                0x00009180                _getpid
 .text._isatty  0x00009190       0x10 c:/progra~3/matlab/supportpackages/r2022a/3p.instrset/gnuarm-armcortex.instrset/win/bin/../lib/gcc/arm-none-eabi/9.3.1/../../../../arm-none-eabi/lib/thumb/v7e-m+fp/hard\libnosys.a(isatty.o)
                0x00009190                _isatty
 .text._kill    0x000091a0       0x10 c:/progra~3/matlab/supportpackages/r2022a/3p.instrset/gnuarm-armcortex.instrset/win/bin/../lib/gcc/arm-none-eabi/9.3.1/../../../../arm-none-eabi/lib/thumb/v7e-m+fp/hard\libnosys.a(kill.o)
                0x000091a0                _kill
 .text._lseek   0x000091b0       0x10 c:/progra~3/matlab/supportpackages/r2022a/3p.instrset/gnuarm-armcortex.instrset/win/bin/../lib/gcc/arm-none-eabi/9.3.1/../../../../arm-none-eabi/lib/thumb/v7e-m+fp/hard\libnosys.a(lseek.o)
                0x000091b0                _lseek
 .text._read    0x000091c0       0x10 c:/progra~3/matlab/supportpackages/r2022a/3p.instrset/gnuarm-armcortex.instrset/win/bin/../lib/gcc/arm-none-eabi/9.3.1/../../../../arm-none-eabi/lib/thumb/v7e-m+fp/hard\libnosys.a(read.o)
                0x000091c0                _read
 .text._write   0x000091d0       0x10 c:/progra~3/matlab/supportpackages/r2022a/3p.instrset/gnuarm-armcortex.instrset/win/bin/../lib/gcc/arm-none-eabi/9.3.1/../../../../arm-none-eabi/lib/thumb/v7e-m+fp/hard\libnosys.a(write.o)
                0x000091d0                _write
 .text._exit    0x000091e0        0x4 c:/progra~3/matlab/supportpackages/r2022a/3p.instrset/gnuarm-armcortex.instrset/win/bin/../lib/gcc/arm-none-eabi/9.3.1/../../../../arm-none-eabi/lib/thumb/v7e-m+fp/hard\libnosys.a(_exit.o)
                0x000091e0                _exit
 *(.rodata)
 .rodata        0x000091e4       0xe9 MW_SCI.o
 *fill*         0x000092cd        0x3 
 .rodata        0x000092d0       0x50 board.o
 .rodata        0x00009320       0x44 pin_mux.o
 *(.rodata*)
 .rodata.__func__.11218
                0x00009364       0x21 MW_SCI.o
 *fill*         0x00009385        0x3 
 .rodata.__func__.9972
                0x00009388       0x19 MW_SCI.o
 *fill*         0x000093a1        0x3 
 .rodata.__func__.10025
                0x000093a4       0x17 MW_SCI.o
 *fill*         0x000093bb        0x1 
 .rodata.__func__.11229
                0x000093bc       0x24 MW_SCI.o
 .rodata.serial_test_M
                0x000093e0        0x4 serial_test.o
                0x000093e0                serial_test_M
 .rodata.g_defaultClockConfigRun
                0x000093e4       0x16 board.o
                0x000093e4                g_defaultClockConfigRun
 *fill*         0x000093fa        0x2 
 .rodata.__func__.7550
                0x000093fc       0x14 board.o
 .rodata.__func__.7544
                0x00009410       0x14 pin_mux.o
 .rodata.os_maxtaskrun
                0x00009424        0x2 RTX_Conf_CM.o
                0x00009424                os_maxtaskrun
 *fill*         0x00009426        0x2 
 .rodata.os_stackinfo
                0x00009428        0x4 RTX_Conf_CM.o
                0x00009428                os_stackinfo
 .rodata.os_trv
                0x0000942c        0x4 RTX_Conf_CM.o
                0x0000942c                os_trv
 .rodata.os_flags
                0x00009430        0x1 RTX_Conf_CM.o
                0x00009430                os_flags
 *fill*         0x00009431        0x3 
 .rodata.os_clockrate
                0x00009434        0x4 RTX_Conf_CM.o
                0x00009434                os_clockrate
 .rodata.mp_tcb_size
                0x00009438        0x2 RTX_Conf_CM.o
                0x00009438                mp_tcb_size
 *fill*         0x0000943a        0x2 
 .rodata.mp_stk_size
                0x0000943c        0x4 RTX_Conf_CM.o
                0x0000943c                mp_stk_size
 .rodata.os_stack_sz
                0x00009440        0x4 RTX_Conf_CM.o
                0x00009440                os_stack_sz
 .rodata.os_fifo_size
                0x00009444        0x1 RTX_Conf_CM.o
                0x00009444                os_fifo_size
 *fill*         0x00009445        0x3 
 .rodata.os_thread_def_osTimerThread
                0x00009448       0x10 RTX_Conf_CM.o
                0x00009448                os_thread_def_osTimerThread
 .rodata.os_messageQ_def_osTimerMessageQ
                0x00009458        0x8 RTX_Conf_CM.o
                0x00009458                os_messageQ_def_osTimerMessageQ
 .rodata.mp_tmr_size
                0x00009460        0x2 RTX_Conf_CM.o
                0x00009460                mp_tmr_size
 *fill*         0x00009462        0x2 
 .rodata.os_thread_def_main
                0x00009464       0x10 RTX_Conf_CM.o
                0x00009464                os_thread_def_main
 .rodata.OSA_SemaCreate.str1.1
                0x00009474       0x46 C:/ProgramData/MATLAB/SupportPackages/R2022a/toolbox/target/supportpackages/freedomk64f/src/ksdk_armgcc_lib/bm/libksdk_platform.a(fsl_os_abstraction_bm.o)
 .rodata.__func__.9367
                0x000094ba        0xf C:/ProgramData/MATLAB/SupportPackages/R2022a/toolbox/target/supportpackages/freedomk64f/src/ksdk_armgcc_lib/bm/libksdk_platform.a(fsl_os_abstraction_bm.o)
 .rodata.__func__.9377
                0x000094c9        0xd C:/ProgramData/MATLAB/SupportPackages/R2022a/toolbox/target/supportpackages/freedomk64f/src/ksdk_armgcc_lib/bm/libksdk_platform.a(fsl_os_abstraction_bm.o)
 .rodata.CLOCK_SYS_Init.str1.1
                0x000094d6       0x73 C:/ProgramData/MATLAB/SupportPackages/R2022a/toolbox/target/supportpackages/freedomk64f/src/ksdk_armgcc_lib/bm/libksdk_platform.a(fsl_clock_manager.o)
 .rodata.CLOCK_SYS_OscDeinit.str1.1
                0x00009549       0x1e C:/ProgramData/MATLAB/SupportPackages/R2022a/toolbox/target/supportpackages/freedomk64f/src/ksdk_armgcc_lib/bm/libksdk_platform.a(fsl_clock_manager.o)
 .rodata.CLOCK_SYS_RtcOscInit.str1.1
                0x00009567       0x1e C:/ProgramData/MATLAB/SupportPackages/R2022a/toolbox/target/supportpackages/freedomk64f/src/ksdk_armgcc_lib/bm/libksdk_platform.a(fsl_clock_manager.o)
 .rodata.__func__.9466
                0x00009585       0x12 C:/ProgramData/MATLAB/SupportPackages/R2022a/toolbox/target/supportpackages/freedomk64f/src/ksdk_armgcc_lib/bm/libksdk_platform.a(fsl_clock_manager.o)
 .rodata.__func__.9483
                0x00009597       0x15 C:/ProgramData/MATLAB/SupportPackages/R2022a/toolbox/target/supportpackages/freedomk64f/src/ksdk_armgcc_lib/bm/libksdk_platform.a(fsl_clock_manager.o)
 .rodata.g_oscBase
                0x000095ac        0x4 C:/ProgramData/MATLAB/SupportPackages/R2022a/toolbox/target/supportpackages/freedomk64f/src/ksdk_armgcc_lib/bm/libksdk_platform.a(fsl_clock_manager_common.o)
                0x000095ac                g_oscBase
 .rodata.CLOCK_SYS_SetConfiguration.str1.1
                0x000095b0       0x5d C:/ProgramData/MATLAB/SupportPackages/R2022a/toolbox/target/supportpackages/freedomk64f/src/ksdk_armgcc_lib/bm/libksdk_platform.a(fsl_clock_MK64F12.o)
 .rodata.CLOCK_SYS_EnablePortClock.str1.1
                0x0000960d       0x3a C:/ProgramData/MATLAB/SupportPackages/R2022a/toolbox/target/supportpackages/freedomk64f/src/ksdk_armgcc_lib/bm/libksdk_platform.a(fsl_clock_MK64F12.o)
 .rodata.CLOCK_SYS_EnableUartClock.str1.1
                0x00009647       0x3a C:/ProgramData/MATLAB/SupportPackages/R2022a/toolbox/target/supportpackages/freedomk64f/src/ksdk_armgcc_lib/bm/libksdk_platform.a(fsl_clock_MK64F12.o)
 .rodata.__func__.9073
                0x00009681       0x1b C:/ProgramData/MATLAB/SupportPackages/R2022a/toolbox/target/supportpackages/freedomk64f/src/ksdk_armgcc_lib/bm/libksdk_platform.a(fsl_clock_MK64F12.o)
 .rodata.__func__.9228
                0x0000969c       0x1a C:/ProgramData/MATLAB/SupportPackages/R2022a/toolbox/target/supportpackages/freedomk64f/src/ksdk_armgcc_lib/bm/libksdk_platform.a(fsl_clock_MK64F12.o)
 .rodata.__func__.9306
                0x000096b6       0x1a C:/ProgramData/MATLAB/SupportPackages/R2022a/toolbox/target/supportpackages/freedomk64f/src/ksdk_armgcc_lib/bm/libksdk_platform.a(fsl_clock_MK64F12.o)
 .rodata.portGateTable