Archive member included to satisfy reference by file (symbol)

C:/ProgramData/MATLAB/SupportPackages/R2022a/3P.instrset/cmsis.instrset/CMSIS/RTOS/RTX/LIB/GCC/libRTX_CM4.a(rt_cmsis.o)
                              RTX_Conf_CM.o (osKernelInitialize)
C:/ProgramData/MATLAB/SupportPackages/R2022a/3P.instrset/cmsis.instrset/CMSIS/RTOS/RTX/LIB/GCC/libRTX_CM4.a(hal_cm.o)
                              C:/ProgramData/MATLAB/SupportPackages/R2022a/3P.instrset/cmsis.instrset/CMSIS/RTOS/RTX/LIB/GCC/libRTX_CM4.a(rt_cmsis.o) (rt_ret_val)
C:/ProgramData/MATLAB/SupportPackages/R2022a/3P.instrset/cmsis.instrset/CMSIS/RTOS/RTX/LIB/GCC/libRTX_CM4.a(rt_memory.o)
                              C:/ProgramData/MATLAB/SupportPackages/R2022a/3P.instrset/cmsis.instrset/CMSIS/RTOS/RTX/LIB/GCC/libRTX_CM4.a(rt_cmsis.o) (rt_init_mem)
C:/ProgramData/MATLAB/SupportPackages/R2022a/3P.instrset/cmsis.instrset/CMSIS/RTOS/RTX/LIB/GCC/libRTX_CM4.a(rt_membox.o)
                              C:/ProgramData/MATLAB/SupportPackages/R2022a/3P.instrset/cmsis.instrset/CMSIS/RTOS/RTX/LIB/GCC/libRTX_CM4.a(rt_cmsis.o) (_init_box)
C:/ProgramData/MATLAB/SupportPackages/R2022a/3P.instrset/cmsis.instrset/CMSIS/RTOS/RTX/LIB/GCC/libRTX_CM4.a(rt_mutex.o)
                              C:/ProgramData/MATLAB/SupportPackages/R2022a/3P.instrset/cmsis.instrset/CMSIS/RTOS/RTX/LIB/GCC/libRTX_CM4.a(rt_cmsis.o) (rt_mut_init)
C:/ProgramData/MATLAB/SupportPackages/R2022a/3P.instrset/cmsis.instrset/CMSIS/RTOS/RTX/LIB/GCC/libRTX_CM4.a(rt_time.o)
                              C:/ProgramData/MATLAB/SupportPackages/R2022a/3P.instrset/cmsis.instrset/CMSIS/RTOS/RTX/LIB/GCC/libRTX_CM4.a(rt_cmsis.o) (os_time)
C:/ProgramData/MATLAB/SupportPackages/R2022a/3P.instrset/cmsis.instrset/CMSIS/RTOS/RTX/LIB/GCC/libRTX_CM4.a(rt_semaphore.o)
                              C:/ProgramData/MATLAB/SupportPackages/R2022a/3P.instrset/cmsis.instrset/CMSIS/RTOS/RTX/LIB/GCC/libRTX_CM4.a(rt_cmsis.o) (rt_sem_init)
C:/ProgramData/MATLAB/SupportPackages/R2022a/3P.instrset/cmsis.instrset/CMSIS/RTOS/RTX/LIB/GCC/libRTX_CM4.a(rt_mailbox.o)
                              C:/ProgramData/MATLAB/SupportPackages/R2022a/3P.instrset/cmsis.instrset/CMSIS/RTOS/RTX/LIB/GCC/libRTX_CM4.a(rt_cmsis.o) (rt_mbx_init)
C:/ProgramData/MATLAB/SupportPackages/R2022a/3P.instrset/cmsis.instrset/CMSIS/RTOS/RTX/LIB/GCC/libRTX_CM4.a(rt_list.o)
                              C:/ProgramData/MATLAB/SupportPackages/R2022a/3P.instrset/cmsis.instrset/CMSIS/RTOS/RTX/LIB/GCC/libRTX_CM4.a(rt_cmsis.o) (rt_put_prio)
C:/ProgramData/MATLAB/SupportPackages/R2022a/3P.instrset/cmsis.instrset/CMSIS/RTOS/RTX/LIB/GCC/libRTX_CM4.a(rt_event.o)
                              C:/ProgramData/MATLAB/SupportPackages/R2022a/3P.instrset/cmsis.instrset/CMSIS/RTOS/RTX/LIB/GCC/libRTX_CM4.a(rt_cmsis.o) (rt_evt_wait)
C:/ProgramData/MATLAB/SupportPackages/R2022a/3P.instrset/cmsis.instrset/CMSIS/RTOS/RTX/LIB/GCC/libRTX_CM4.a(rt_system.o)
                              C:/ProgramData/MATLAB/SupportPackages/R2022a/3P.instrset/cmsis.instrset/CMSIS/RTOS/RTX/LIB/GCC/libRTX_CM4.a(rt_cmsis.o) (rt_suspend)
C:/ProgramData/MATLAB/SupportPackages/R2022a/3P.instrset/cmsis.instrset/CMSIS/RTOS/RTX/LIB/GCC/libRTX_CM4.a(rt_task.o)
                              C:/ProgramData/MATLAB/SupportPackages/R2022a/3P.instrset/cmsis.instrset/CMSIS/RTOS/RTX/LIB/GCC/libRTX_CM4.a(rt_system.o) (rt_switch_req)
C:/ProgramData/MATLAB/SupportPackages/R2022a/3P.instrset/cmsis.instrset/CMSIS/RTOS/RTX/LIB/GCC/libRTX_CM4.a(hal_cm4.o)
                              C:/ProgramData/MATLAB/SupportPackages/R2022a/3P.instrset/cmsis.instrset/CMSIS/RTOS/RTX/LIB/GCC/libRTX_CM4.a(rt_task.o) (rt_get_PSP)
C:/ProgramData/MATLAB/SupportPackages/R2022a/3P.instrset/cmsis.instrset/CMSIS/RTOS/RTX/LIB/GCC/libRTX_CM4.a(svc_table.o)
                              C:/ProgramData/MATLAB/SupportPackages/R2022a/3P.instrset/cmsis.instrset/CMSIS/RTOS/RTX/LIB/GCC/libRTX_CM4.a(hal_cm4.o) (SVC_Table)
C:/ProgramData/MATLAB/SupportPackages/R2022a/3P.instrset/cmsis.instrset/CMSIS/RTOS/RTX/LIB/GCC/libRTX_CM4.a(rt_robin.o)
                              C:/ProgramData/MATLAB/SupportPackages/R2022a/3P.instrset/cmsis.instrset/CMSIS/RTOS/RTX/LIB/GCC/libRTX_CM4.a(rt_system.o) (os_robin)
C:/ProgramData/MATLAB/SupportPackages/R2022a/toolbox/target/supportpackages/freedomk64f/src/ksdk_armgcc_lib/bm/libksdk_platform.a(fsl_os_abstraction_bm.o)
                              MW_SCI.o (OSA_SemaPost)
C:/ProgramData/MATLAB/SupportPackages/R2022a/toolbox/target/supportpackages/freedomk64f/src/ksdk_armgcc_lib/bm/libksdk_platform.a(fsl_clock_manager.o)
                              board.o (CLOCK_SYS_OscInit)
C:/ProgramData/MATLAB/SupportPackages/R2022a/toolbox/target/supportpackages/freedomk64f/src/ksdk_armgcc_lib/bm/libksdk_platform.a(fsl_clock_manager_common.o)
                              C:/ProgramData/MATLAB/SupportPackages/R2022a/toolbox/target/supportpackages/freedomk64f/src/ksdk_armgcc_lib/bm/libksdk_platform.a(fsl_clock_manager.o) (g_oscBase)
[...]
Memory Configuration

Name             Origin             Length             Attributes
m_interrupts     0x00000000         0x00000400         xr
m_flash_config   0x00000400         0x00000010         xr
m_text           0x00000410         0x000ffbf0         xr
m_data_2         0x1fff0000         0x00010000         rw
m_data           0x20000000         0x00030000         rw
*default*        0x00000000         0xffffffff

Linker script and memory map

LOAD c:/progra~3/matlab/supportpackages/r2022a/3p.instrset/gnuarm-armcortex.instrset/win/bin/../lib/gcc/arm-none-eabi/9.3.1/thumb/v7e-m+fp/hard/crti.o
LOAD c:/progra~3/matlab/supportpackages/r2022a/3p.instrset/gnuarm-armcortex.instrset/win/bin/../lib/gcc/arm-none-eabi/9.3.1/thumb/v7e-m+fp/hard/crtbegin.o
LOAD c:/progra~3/matlab/supportpackages/r2022a/3p.instrset/gnuarm-armcortex.instrset/win/bin/../lib/gcc/arm-none-eabi/9.3.1/../../../../arm-none-eabi/lib/thumb/v7e-m+fp/hard/crt0.o
LOAD MW_digitalIO.o
LOAD mw_sdk_interface.o
LOAD MW_SCI.o
LOAD MW_PWM.o
LOAD ert_main.o
LOAD Pacemaker.o
LOAD Pacemaker_data.o
LOAD echo_params.o
LOAD startup.o
LOAD system_MK64F12.o
LOAD startup_MK64F12.o
LOAD board.o
LOAD hardware_init.o
LOAD pin_mux.o
LOAD fsl_misc_utilities.o
LOAD fsl_edma_irq.o
LOAD fsl_uart_irq.o
LOAD irq_stub.o
LOAD sbrk.o
LOAD cmsis_rtos_init.o
LOAD RTX_Conf_CM.o
LOAD mw_thread.o
LOAD mw_semaphore.o
LOAD mw_timer.o
LOAD mw_signal.o
LOAD C:/ProgramData/MATLAB/SupportPackages/R2022a/3P.instrset/cmsis.instrset/CMSIS/DSP/Lib/GCC/libarm_cortexM4lf_math.a
LOAD C:/ProgramData/MATLAB/SupportPackages/R2022a/3P.instrset/cmsis.instrset/CMSIS/RTOS/RTX/LIB/GCC/libRTX_CM4.a
LOAD C:/ProgramData/MATLAB/SupportPackages/R2022a/toolbox/target/supportpackages/freedomk64f/src/ksdk_armgcc_lib/bm/libksdk_platform.a
LOAD c:/progra~3/matlab/supportpackages/r2022a/3p.instrset/gnuarm-armcortex.instrset/win/bin/../lib/gcc/arm-none-eabi/9.3.1/../../../../arm-none-eabi/lib/thumb/v7e-m+fp/hard\libstdc++.a
LOAD c:/progra~3/matlab/supportpackages/r2022a/3p.instrset/gnuarm-armcortex.instrset/win/bin/../lib/gcc/arm-none-eabi/9.3.1/../../../../arm-none-eabi/lib/thumb/v7e-m+fp/hard\libm.a
START GROUP
LOAD c:/progra~3/matlab/supportpackages/r2022a/3p.instrset/gnuarm-armcortex.instrset/win/bin/../lib/gcc/arm-none-eabi/9.3.1/thumb/v7e-m+fp/hard\libgcc.a
LOAD c:/progra~3/matlab/supportpackages/r2022a/3p.instrset/gnuarm-armcortex.instrset/win/bin/../lib/gcc/arm-none-eabi/9.3.1/../../../../arm-none-eabi/lib/thumb/v7e-m+fp/hard\libg.a
LOAD c:/progra~3/matlab/supportpackages/r2022a/3p.instrset/gnuarm-armcortex.instrset/win/bin/../lib/gcc/arm-none-eabi/9.3.1/../../../../arm-none-eabi/lib/thumb/v7e-m+fp/hard\libc.a
END GROUP
START GROUP
LOAD c:/progra~3/matlab/supportpackages/r2022a/3p.instrset/gnuarm-armcortex.instrset/win/bin/../lib/gcc/arm-none-eabi/9.3.1/thumb/v7e-m+fp/hard\libgcc.a
LOAD c:/progra~3/matlab/supportpackages/r2022a/3p.instrset/gnuarm-armcortex.instrset/win/bin/../lib/gcc/arm-none-eabi/9.3.1/../../../../arm-none-eabi/lib/thumb/v7e-m+fp/hard\libc.a
LOAD c:/progra~3/matlab/supportpackages/r2022a/3p.instrset/gnuarm-armcortex.instrset/win/bin/../lib/gcc/arm-none-eabi/9.3.1/../../../../arm-none-eabi/lib/thumb/v7e-m+fp/hard\libnosys.a
END GROUP
LOAD c:/progra~3/matlab/supportpackages/r2022a/3p.instrset/gnuarm-armcortex.instrset/win/bin/../lib/gcc/arm-none-eabi/9.3.1/thumb/v7e-m+fp/hard/crtend.o
LOAD c:/progra~3/matlab/supportpackages/r2022a/3p.instrset/gnuarm-armcortex.instrset/win/bin/../lib/gcc/arm-none-eabi/9.3.1/thumb/v7e-m+fp/hard/crtn.o
                0x00000400                HEAP_SIZE = DEFINED (__heap_size__)?__heap_size__:0x400
                0x00000400                STACK_SIZE = DEFINED (__stack_size__)?__stack_size__:0x400
                0x00000000                M_VECTOR_RAM_SIZE = DEFINED (__ram_vector_table__)?0x400:0x0

.interrupts     0x00000000      0x400
                0x00000000                __VECTOR_TABLE = .
                0x00000000                . = ALIGN (0x4)
 *(.isr_vector)
 .isr_vector    0x00000000      0x400 startup_MK64F12.o
                0x00000000                __isr_vector
                0x00000400                . = ALIGN (0x4)

.flash_config   0x00000400       0x10
                0x00000400                . = ALIGN (0x4)
 *(.FlashConfig)
 .FlashConfig   0x00000400       0x10 startup_MK64F12.o
                0x00000410                . = ALIGN (0x4)

.text           0x00000440     0xd2c0
                0x00000440                . = ALIGN (0x4)
 *(.text)
 .text          0x00000440       0x40 c:/progra~3/matlab/supportpackages/r2022a/3p.instrset/gnuarm-armcortex.instrset/win/bin/../lib/gcc/arm-none-eabi/9.3.1/thumb/v7e-m+fp/hard/crtbegin.o
 .text          0x00000480       0x7c c:/progra~3/matlab/supportpackages/r2022a/3p.instrset/gnuarm-armcortex.instrset/win/bin/../lib/gcc/arm-none-eabi/9.3.1/../../../../arm-none-eabi/lib/thumb/v7e-m+fp/hard/crt0.o
                0x00000480                _stack_init
                0x00000488                _start
                0x00000488                _mainCRTStartup
 .text          0x000004fc       0x14 startup_MK64F12.o
                0x000004fc                Reset_Handler
                0x0000050c                ENET_Receive_IRQHandler
                0x0000050c                ENET_1588_Timer_IRQHandler
                0x0000050c                DefaultISR
                0x0000050c                PIT2_IRQHandler
                0x0000050c                PIT0_IRQHandler
                0x0000050c                ENET_Error_IRQHandler
                0x0000050c                PIT3_IRQHandler
                0x0000050c                SDHC_IRQHandler
                0x0000050c                ENET_Transmit_IRQHandler
                0x0000050c                PIT1_IRQHandler
 .text          0x00000510      0x198 C:/ProgramData/MATLAB/SupportPackages/R2022a/3P.instrset/cmsis.instrset/CMSIS/RTOS/RTX/LIB/GCC/libRTX_CM4.a(hal_cm4.o)
                0x00000510                rt_set_PSP
                0x00000516                rt_get_PSP
                0x0000051c                os_set_env
                0x00000534                _alloc_box
                0x00000550                _free_box
                0x0000056c                SVC_Handler
                0x00000612                PendSV_Handler
                0x00000618                Sys_Switch
                0x00000672                SysTick_Handler
                0x0000067c                OS_Tick_Handler
 .text          0x000006a8      0x378 c:/progra~3/matlab/supportpackages/r2022a/3p.instrset/gnuarm-armcortex.instrset/win/bin/../lib/gcc/arm-none-eabi/9.3.1/thumb/v7e-m+fp/hard\libgcc.a(_arm_addsubdf3.o)
                0x000006a8                __aeabi_drsub
                0x000006b0                __aeabi_dsub
                0x000006b0                __subdf3
                0x000006b4                __aeabi_dadd
                0x000006b4                __adddf3
                0x0000092c                __floatunsidf
                0x0000092c                __aeabi_ui2d
                0x0000094c                __floatsidf
                0x0000094c                __aeabi_i2d
                0x00000970                __aeabi_f2d
                0x00000970                __extendsfdf2
                0x000009b4                __floatundidf
                0x000009b4                __aeabi_ul2d
                0x000009c4                __floatdidf
                0x000009c4                __aeabi_l2d
 .text          0x00000a20      0x424 c:/progra~3/matlab/supportpackages/r2022a/3p.instrset/gnuarm-armcortex.instrset/win/bin/../lib/gcc/arm-none-eabi/9.3.1/thumb/v7e-m+fp/hard\libgcc.a(_arm_muldivdf3.o)
                0x00000a20                __aeabi_dmul
                0x00000a20                __muldf3
                0x00000c74                __divdf3
                0x00000c74                __aeabi_ddiv
 .text          0x00000e44      0x110 c:/progra~3/matlab/supportpackages/r2022a/3p.instrset/gnuarm-armcortex.instrset/win/bin/../lib/gcc/arm-none-eabi/9.3.1/thumb/v7e-m+fp/hard\libgcc.a(_arm_cmpdf2.o)
                0x00000e44                __gtdf2
                0x00000e44                __gedf2
                0x00000e4c                __ltdf2
                0x00000e4c                __ledf2
                0x00000e54                __nedf2
                0x00000e54                __eqdf2
                0x00000e54                __cmpdf2
                0x00000ed0                __aeabi_cdrcmple
                0x00000ee0                __aeabi_cdcmpeq
                0x00000ee0                __aeabi_cdcmple
                0x00000ef0                __aeabi_dcmpeq
                0x00000f04                __aeabi_dcmplt
                0x00000f18                __aeabi_dcmple
                0x00000f2c                __aeabi_dcmpge
                0x00000f40                __aeabi_dcmpgt
 .text          0x00000f54       0x40 c:/progra~3/matlab/supportpackages/r2022a/3p.instrset/gnuarm-armcortex.instrset/win/bin/../lib/gcc/arm-none-eabi/9.3.1/thumb/v7e-m+fp/hard\libgcc.a(_arm_fixunsdfsi.o)
                0x00000f54                __aeabi_d2uiz
                0x00000f54                __fixunsdfsi
 .text          0x00000f94       0x30 c:/progra~3/matlab/supportpackages/r2022a/3p.instrset/gnuarm-armcortex.instrset/win/bin/../lib/gcc/arm-none-eabi/9.3.1/thumb/v7e-m+fp/hard\libgcc.a(_aeabi_uldivmod.o)
                0x00000f94                __aeabi_uldivmod
 .text          0x00000fc4      0x2c4 c:/progra~3/matlab/supportpackages/r2022a/3p.instrset/gnuarm-armcortex.instrset/win/bin/../lib/gcc/arm-none-eabi/9.3.1/thumb/v7e-m+fp/hard\libgcc.a(_udivmoddi4.o)
                0x00000fc4                __udivmoddi4
 .text          0x00001288      0x9b8 c:/progra~3/matlab/supportpackages/r2022a/3p.instrset/gnuarm-armcortex.instrset/win/bin/../lib/gcc/arm-none-eabi/9.3.1/thumb/v7e-m+fp/hard\libgcc.a(unwind-arm.o)
                0x00001530                _Unwind_GetCFA
                0x00001534                __gnu_Unwind_RaiseException
                0x00001594                __gnu_Unwind_ForcedUnwind
                0x000015a8                __gnu_Unwind_Resume
                0x000015ec                __gnu_Unwind_Resume_or_Rethrow
                0x000015fc                _Unwind_Complete
                0x00001600                _Unwind_DeleteException
                0x0000160c                _Unwind_VRS_Get
                0x00001654                _Unwind_VRS_Set
                0x0000169c                __gnu_Unwind_Backtrace
                0x000019bc                __aeabi_unwind_cpp_pr0
                0x000019c0                __aeabi_unwind_cpp_pr1
                0x000019c4                __aeabi_unwind_cpp_pr2
                0x000019c8                _Unwind_VRS_Pop
 .text          0x00001c40      0x1ac c:/progra~3/matlab/supportpackages/r2022a/3p.instrset/gnuarm-armcortex.instrset/win/bin/../lib/gcc/arm-none-eabi/9.3.1/thumb/v7e-m+fp/hard\libgcc.a(libunwind.o)
                0x00001c40                __restore_core_regs
                0x00001c40                restore_core_regs
                0x00001c58                __gnu_Unwind_Restore_VFP
                0x00001c60                __gnu_Unwind_Save_VFP
                0x00001c68                __gnu_Unwind_Restore_VFP_D
                0x00001c70                __gnu_Unwind_Save_VFP_D
                0x00001c78                __gnu_Unwind_Restore_VFP_D_16_to_31
                0x00001c80                __gnu_Unwind_Save_VFP_D_16_to_31
                0x00001c88                __gnu_Unwind_Restore_WMMXD
                0x00001ccc                __gnu_Unwind_Save_WMMXD
                0x00001d10                __gnu_Unwind_Restore_WMMXC
                0x00001d24                __gnu_Unwind_Save_WMMXC
                0x00001d38                ___Unwind_RaiseException
                0x00001d38                _Unwind_RaiseException
                0x00001d5c                _Unwind_Resume
                0x00001d5c                ___Unwind_Resume
                0x00001d80                _Unwind_Resume_or_Rethrow
                0x00001d80                ___Unwind_Resume_or_Rethrow
                0x00001da4                _Unwind_ForcedUnwind
                0x00001da4                ___Unwind_ForcedUnwind
                0x00001dc8                ___Unwind_Backtrace
                0x00001dc8                _Unwind_Backtrace
 .text          0x00001dec      0x340 c:/progra~3/matlab/supportpackages/r2022a/3p.instrset/gnuarm-armcortex.instrset/win/bin/../lib/gcc/arm-none-eabi/9.3.1/thumb/v7e-m+fp/hard\libgcc.a(pr-support.o)
                0x00001e44                __gnu_unwind_execute
                0x000020e0                __gnu_unwind_frame
                0x0000210c                _Unwind_GetRegionStart
                0x00002118                _Unwind_GetLanguageSpecificData
 .text          0x0000212c        0x4 c:/progra~3/matlab/supportpackages/r2022a/3p.instrset/gnuarm-armcortex.instrset/win/bin/../lib/gcc/arm-none-eabi/9.3.1/thumb/v7e-m+fp/hard\libgcc.a(_dvmd_tls.o)
                0x0000212c                __aeabi_idiv0
                0x0000212c                __aeabi_ldiv0
 .text          0x00002130      0x134 c:/progra~3/matlab/supportpackages/r2022a/3p.instrset/gnuarm-armcortex.instrset/win/bin/../lib/gcc/arm-none-eabi/9.3.1/../../../../arm-none-eabi/lib/thumb/v7e-m+fp/hard\libg.a(lib_a-memcpy.o)
                0x00002130                memcpy
 *fill*         0x00002264        0xc 
 .text          0x00002270       0xa0 c:/progra~3/matlab/supportpackages/r2022a/3p.instrset/gnuarm-armcortex.instrset/win/bin/../lib/gcc/arm-none-eabi/9.3.1/../../../../arm-none-eabi/lib/thumb/v7e-m+fp/hard\libg.a(lib_a-memchr.o)
                0x00002270                memchr
 *fill*         0x00002310       0x30 
 .text          0x00002340       0xdc c:/progra~3/matlab/supportpackages/r2022a/3p.instrset/gnuarm-armcortex.instrset/win/bin/../lib/gcc/arm-none-eabi/9.3.1/../../../../arm-none-eabi/lib/thumb/v7e-m+fp/hard\libg.a(lib_a-strlen.o)
                0x00002340                strlen
 *(.text*)
 .text.MW_digitalIO_open
                0x0000241c       0xe0 MW_digitalIO.o
                0x0000241c                MW_digitalIO_open
 .text.MW_digitalIO_read
                0x000024fc       0x70 MW_digitalIO.o
                0x000024fc                MW_digitalIO_read
 .text.MW_digitalIO_write
                0x0000256c       0x7e MW_digitalIO.o
                0x0000256c                MW_digitalIO_write
 .text.MW_digitalIO_close
                0x000025ea       0x3c MW_digitalIO.o
                0x000025ea                MW_digitalIO_close
 *fill*         0x00002626        0x2 
 .text.EDMA_HAL_HTCDSetDestAddr
                0x00002628       0x48 MW_SCI.o
 .text.EDMA_HAL_HTCDSetIntCmd
                0x00002670       0x58 MW_SCI.o
 .text.MW_SCI_Open
                0x000026c8      0x5b0 MW_SCI.o
                0x000026c8                MW_SCI_Open
 .text.MW_SCI_SetBaudrate
                0x00002c78       0x18 MW_SCI.o
                0x00002c78                MW_SCI_SetBaudrate
 .text.MW_SCI_SetFrameFormat
                0x00002c90       0x28 MW_SCI.o
                0x00002c90                MW_SCI_SetFrameFormat
 .text.MW_SCI_Receive
                0x00002cb8       0xa4 MW_SCI.o
                0x00002cb8                MW_SCI_Receive
 .text.MW_SCI_Transmit
                0x00002d5c       0x80 MW_SCI.o
                0x00002d5c                MW_SCI_Transmit
 .text.MW_SCI_Close
                0x00002ddc       0x14 MW_SCI.o
                0x00002ddc                MW_SCI_Close
 .text.MW_UART_DRV_EdmaStartReceiveData
                0x00002df0       0xac MW_SCI.o
 .text.MW_UART_DRV_EdmaRxCallback
                0x00002e9c       0x1c MW_SCI.o
 .text.MW_UART_DRV_EdmaCompleteReceiveData
                0x00002eb8      0x120 MW_SCI.o
 .text.PORT_HAL_SetMuxMode
                0x00002fd8       0x58 MW_PWM.o
 .text.FTM_HAL_SetClockSource
                0x00003030       0x2e MW_PWM.o
 *fill*         0x0000305e        0x2 
 .text.MW_PWM_Open
                0x00003060      0x164 MW_PWM.o
                0x00003060                MW_PWM_Open
 .text.MW_PWM_Start
                0x000031c4       0x14 MW_PWM.o
                0x000031c4                MW_PWM_Start
 .text.MW_PWM_SetDutyCycle
                0x000031d8       0x7c MW_PWM.o
                0x000031d8                MW_PWM_SetDutyCycle
 .text.MW_PWM_Stop
                0x00003254       0x2c MW_PWM.o
                0x00003254                MW_PWM_Stop
 .text.MW_PWM_Close
                0x00003280       0x14 MW_PWM.o
                0x00003280                MW_PWM_Close
 .text.subrateTask
                0x00003294       0x60 ert_main.o
                0x00003294                subrateTask
 .text.baseRateTask
                0x000032f4       0x8c ert_main.o
                0x000032f4                baseRateTask
 .text.terminateTask
                0x00003380       0x9c ert_main.o
                0x00003380                terminateTask
 .text.main     0x0000341c       0x54 ert_main.o
                0x0000341c                main
 .text.rate_monotonic_scheduler
                0x00003470       0x2c Pacemaker.o
 .text.Pacemaker_SystemCore_setup_j
                0x0000349c       0x78 Pacemaker.o
 .text.Pacemaker_step0
                0x00003514        0xc Pacemaker.o
                0x00003514                Pacemaker_step0
 .text.Pacemaker_step1
                0x00003520      0xf74 Pacemaker.o
                0x00003520                Pacemaker_step1
 .text.Pacemaker_step
                0x00004494       0x2a Pacemaker.o
                0x00004494                Pacemaker_step
 *fill*         0x000044be        0x2 
 .text.Pacemaker_initialize
                0x000044c0      0x458 Pacemaker.o
                0x000044c0                Pacemaker_initialize
 .text.Pacemaker_terminate
                0x00004918      0x2ac Pacemaker.o
                0x00004918                Pacemaker_terminate
 .text.Pacemaker_SystemCore_setup
                0x00004bc4       0x64 echo_params.o
 .text.echo_params_Init
                0x00004c28       0x24 echo_params.o
                0x00004c28                echo_params_Init
 .text.echo_params
                0x00004c4c      0x26c echo_params.o
                0x00004c4c                echo_params
 .text.echo_params_Term
                0x00004eb8       0x3c echo_params.o
                0x00004eb8                echo_params_Term
 .text.init_data_bss
                0x00004ef4       0xd0 startup.o
                0x00004ef4                init_data_bss
 .text.SystemInit
                0x00004fc4      0x1dc system_MK64F12.o
                0x00004fc4                SystemInit
 .text.SystemCoreClockUpdate
                0x000051a0      0x290 system_MK64F12.o
                0x000051a0                SystemCoreClockUpdate
 .text.PORT_HAL_SetMuxMode
                0x00005430       0x58 board.o
 .text.SMC_HAL_SetProtection
                0x00005488       0x1e board.o
 *fill*         0x000054a6        0x2 
 .text.BOARD_InitOsc0
                0x000054a8       0x30 board.o
                0x000054a8                BOARD_InitOsc0
 .text.BOARD_InitRtcOsc
                0x000054d8       0x28 board.o
                0x000054d8                BOARD_InitRtcOsc
 .text.BOARD_ClockInit
                0x00005500       0x34 board.o
                0x00005500                BOARD_ClockInit
 .text.hardware_init
                0x00005534       0x30 hardware_init.o
                0x00005534                hardware_init
 .text.PORT_HAL_SetMuxMode
                0x00005564       0x58 pin_mux.o
 .text.SIM_HAL_EnableClock
                0x000055bc       0x44 pin_mux.o
 .text.configure_uart_pins
                0x00005600      0x194 pin_mux.o
                0x00005600                configure_uart_pins
 .text.DMA0_IRQHandler
                0x00005794        0xe fsl_edma_irq.o
                0x00005794                DMA0_IRQHandler
 .text.DMA1_IRQHandler
                0x000057a2        0xe fsl_edma_irq.o
                0x000057a2                DMA1_IRQHandler
 .text.DMA2_IRQHandler
                0x000057b0        0xe fsl_edma_irq.o
                0x000057b0                DMA2_IRQHandler
 .text.DMA3_IRQHandler
                0x000057be        0xe fsl_edma_irq.o
                0x000057be                DMA3_IRQHandler
 .text.DMA4_IRQHandler
                0x000057cc        0xe fsl_edma_irq.o
                0x000057cc                DMA4_IRQHandler
 .text.DMA5_IRQHandler
                0x000057da        0xe fsl_edma_irq.o
                0x000057da                DMA5_IRQHandler
 .text.DMA6_IRQHandler
                0x000057e8        0xe fsl_edma_irq.o
                0x000057e8                DMA6_IRQHandler
 .text.DMA7_IRQHandler
                0x000057f6        0xe fsl_edma_irq.o
                0x000057f6                DMA7_IRQHandler
 .text.DMA8_IRQHandler
                0x00005804        0xe fsl_edma_irq.o
                0x00005804                DMA8_IRQHandler
 .text.DMA9_IRQHandler
                0x00005812        0xe fsl_edma_irq.o
                0x00005812                DMA9_IRQHandler
 .text.DMA10_IRQHandler
                0x00005820        0xe fsl_edma_irq.o
                0x00005820                DMA10_IRQHandler
 .text.DMA11_IRQHandler
                0x0000582e        0xe fsl_edma_irq.o
                0x0000582e                DMA11_IRQHandler
 .text.DMA12_IRQHandler
                0x0000583c        0xe fsl_edma_irq.o
                0x0000583c                DMA12_IRQHandler
 .text.DMA13_IRQHandler
                0x0000584a        0xe fsl_edma_irq.o
                0x0000584a                DMA13_IRQHandler
 .text.DMA14_IRQHandler
                0x00005858        0xe fsl_edma_irq.o
                0x00005858                DMA14_IRQHandler
 .text.DMA15_IRQHandler
                0x00005866        0xe fsl_edma_irq.o
                0x00005866                DMA15_IRQHandler
 .text.DMA_Error_IRQHandler
                0x00005874        0xe fsl_edma_irq.o
                0x00005874                DMA_Error_IRQHandler
 .text.UART0_RX_TX_IRQHandler
                0x00005882        0xe fsl_uart_irq.o
                0x00005882                UART0_RX_TX_IRQHandler
 .text.UART1_RX_TX_IRQHandler
                0x00005890        0xe fsl_uart_irq.o
                0x00005890                UART1_RX_TX_IRQHandler
 .text.UART2_RX_TX_IRQHandler
                0x0000589e        0xe fsl_uart_irq.o
                0x0000589e                UART2_RX_TX_IRQHandler
 .text.UART3_RX_TX_IRQHandler
                0x000058ac        0xe fsl_uart_irq.o
                0x000058ac                UART3_RX_TX_IRQHandler
 .text.UART4_RX_TX_IRQHandler
                0x000058ba        0xe fsl_uart_irq.o
                0x000058ba                UART4_RX_TX_IRQHandler
 .text.UART5_RX_TX_IRQHandler
                0x000058c8        0xe fsl_uart_irq.o
                0x000058c8                UART5_RX_TX_IRQHandler
 .text.NMI_Handler
                0x000058d6        0x6 irq_stub.o
                0x000058d6                NMI_Handler
 .text.HardFault_Handler
                0x000058dc        0x6 irq_stub.o
                0x000058dc                HardFault_Handler
 .text.MemManage_Handler
                0x000058e2        0x6 irq_stub.o
                0x000058e2                MemManage_Handler
 .text.BusFault_Handler
                0x000058e8        0x6 irq_stub.o
                0x000058e8                BusFault_Handler
 .text.UsageFault_Handler
                0x000058ee        0x6 irq_stub.o
                0x000058ee                UsageFault_Handler
 .text.DebugMon_Handler
                0x000058f4        0x6 irq_stub.o
                0x000058f4                DebugMon_Handler
 .text.MCM_IRQHandler
                0x000058fa        0x6 irq_stub.o
                0x000058fa                MCM_IRQHandler
 .text.FTFE_IRQHandler
                0x00005900        0x6 irq_stub.o
                0x00005900                FTFE_IRQHandler
 .text.Read_Collision_IRQHandler
                0x00005906        0x6 irq_stub.o
                0x00005906                Read_Collision_IRQHandler
 .text.LVD_LVW_IRQHandler
                0x0000590c        0x6 irq_stub.o
                0x0000590c                LVD_LVW_IRQHandler
 .text.LLWU_IRQHandler
                0x00005912        0x6 irq_stub.o
                0x00005912                LLWU_IRQHandler
 .text.WDOG_EWM_IRQHandler
                0x00005918        0x6 irq_stub.o
                0x00005918                WDOG_EWM_IRQHandler
 .text.RNG_IRQHandler
                0x0000591e        0x6 irq_stub.o
                0x0000591e                RNG_IRQHandler
 .text.I2C0_IRQHandler
                0x00005924        0x6 irq_stub.o
                0x00005924                I2C0_IRQHandler
 .text.I2C1_IRQHandler
                0x0000592a        0x6 irq_stub.o
                0x0000592a                I2C1_IRQHandler
 .text.SPI0_IRQHandler
                0x00005930        0x6 irq_stub.o
                0x00005930                SPI0_IRQHandler
 .text.SPI1_IRQHandler
                0x00005936        0x6 irq_stub.o
                0x00005936                SPI1_IRQHandler
 .text.I2S0_Tx_IRQHandler
                0x0000593c        0x6 irq_stub.o
                0x0000593c                I2S0_Tx_IRQHandler
 .text.I2S0_Rx_IRQHandler
                0x00005942        0x6 irq_stub.o
                0x00005942                I2S0_Rx_IRQHandler
 .text.UART0_LON_IRQHandler
                0x00005948        0x6 irq_stub.o
                0x00005948                UART0_LON_IRQHandler
 .text.UART0_ERR_IRQHandler
                0x0000594e        0x6 irq_stub.o
                0x0000594e                UART0_ERR_IRQHandler
 .text.UART1_ERR_IRQHandler
                0x00005954        0x6 irq_stub.o
                0x00005954                UART1_ERR_IRQHandler
 .text.UART2_ERR_IRQHandler
                0x0000595a        0x6 irq_stub.o
                0x0000595a                UART2_ERR_IRQHandler
 .text.UART3_ERR_IRQHandler
                0x00005960        0x6 irq_stub.o
                0x00005960                UART3_ERR_IRQHandler
 .text.ADC0_IRQHandler
                0x00005966        0x6 irq_stub.o
                0x00005966                ADC0_IRQHandler
 .text.CMP0_IRQHandler
                0x0000596c        0x6 irq_stub.o
                0x0000596c                CMP0_IRQHandler
 .text.CMP1_IRQHandler
                0x00005972        0x6 irq_stub.o
                0x00005972                CMP1_IRQHandler
 .text.FTM0_IRQHandler
                0x00005978        0x6 irq_stub.o
                0x00005978                FTM0_IRQHandler
 .text.FTM1_IRQHandler
                0x0000597e        0x6 irq_stub.o
                0x0000597e                FTM1_IRQHandler
 .text.FTM2_IRQHandler
                0x00005984        0x6 irq_stub.o
                0x00005984                FTM2_IRQHandler
 .text.CMT_IRQHandler
                0x0000598a        0x6 irq_stub.o
                0x0000598a                CMT_IRQHandler
 .text.RTC_IRQHandler
                0x00005990        0x6 irq_stub.o
                0x00005990                RTC_IRQHandler
 .text.RTC_Seconds_IRQHandler
                0x00005996        0x6 irq_stub.o
                0x00005996                RTC_Seconds_IRQHandler
 .text.PDB0_IRQHandler
                0x0000599c        0x6 irq_stub.o
                0x0000599c                PDB0_IRQHandler
 .text.USB0_IRQHandler
                0x000059a2        0x6 irq_stub.o
                0x000059a2                USB0_IRQHandler
 .text.USBDCD_IRQHandler
                0x000059a8        0x6 irq_stub.o
                0x000059a8                USBDCD_IRQHandler
 .text.Reserved71_IRQHandler
                0x000059ae        0x6 irq_stub.o
                0x000059ae                Reserved71_IRQHandler
 .text.DAC0_IRQHandler
                0x000059b4        0x6 irq_stub.o
                0x000059b4                DAC0_IRQHandler
 .text.MCG_IRQHandler
                0x000059ba        0x6 irq_stub.o
                0x000059ba                MCG_IRQHandler
 .text.LPTMR0_IRQHandler
                0x000059c0        0x6 irq_stub.o
                0x000059c0                LPTMR0_IRQHandler
 .text.PORTA_IRQHandler
                0x000059c6        0x6 irq_stub.o
                0x000059c6                PORTA_IRQHandler
 .text.PORTB_IRQHandler
                0x000059cc        0x6 irq_stub.o
                0x000059cc                PORTB_IRQHandler
 .text.PORTC_IRQHandler
                0x000059d2        0x6 irq_stub.o
                0x000059d2                PORTC_IRQHandler
 .text.PORTD_IRQHandler
                0x000059d8        0x6 irq_stub.o
                0x000059d8                PORTD_IRQHandler
 .text.PORTE_IRQHandler
                0x000059de        0x6 irq_stub.o
                0x000059de                PORTE_IRQHandler
 .text.SWI_IRQHandler
                0x000059e4        0x6 irq_stub.o
                0x000059e4                SWI_IRQHandler
 .text.SPI2_IRQHandler
                0x000059ea        0x6 irq_stub.o
                0x000059ea                SPI2_IRQHandler
 .text.UART4_ERR_IRQHandler
                0x000059f0        0x6 irq_stub.o
                0x000059f0                UART4_ERR_IRQHandler
 .text.UART5_ERR_IRQHandler
                0x000059f6        0x6 irq_stub.o
                0x000059f6                UART5_ERR_IRQHandler
 .text.CMP2_IRQHandler
                0x000059fc        0x6 irq_stub.o
                0x000059fc                CMP2_IRQHandler
 .text.FTM3_IRQHandler
                0x00005a02        0x6 irq_stub.o
                0x00005a02                FTM3_IRQHandler
 .text.DAC1_IRQHandler
                0x00005a08        0x6 irq_stub.o
                0x00005a08                DAC1_IRQHandler
 .text.ADC1_IRQHandler
                0x00005a0e        0x6 irq_stub.o
                0x00005a0e                ADC1_IRQHandler
 .text.I2C2_IRQHandler
                0x00005a14        0x6 irq_stub.o
                0x00005a14                I2C2_IRQHandler
 .text.CAN0_ORed_Message_buffer_IRQHandler
                0x00005a1a        0x6 irq_stub.o
                0x00005a1a                CAN0_ORed_Message_buffer_IRQHandler
 .text.CAN0_Bus_Off_IRQHandler
                0x00005a20        0x6 irq_stub.o
                0x00005a20                CAN0_Bus_Off_IRQHandler
 .text.CAN0_Error_IRQHandler
                0x00005a26        0x6 irq_stub.o
                0x00005a26                CAN0_Error_IRQHandler
 .text.CAN0_Tx_Warning_IRQHandler
                0x00005a2c        0x6 irq_stub.o
                0x00005a2c                CAN0_Tx_Warning_IRQHandler
 .text.CAN0_Rx_Warning_IRQHandler
                0x00005a32        0x6 irq_stub.o
                0x00005a32                CAN0_Rx_Warning_IRQHandler
 .text.CAN0_Wake_Up_IRQHandler
                0x00005a38        0x6 irq_stub.o
                0x00005a38                CAN0_Wake_Up_IRQHandler
 *fill*         0x00005a3e        0x2 
 .text._sbrk    0x00005a40       0x5c sbrk.o
                0x00005a40                _sbrk
 .text.schedulerTask
                0x00005a9c       0x1c cmsis_rtos_init.o
                0x00005a9c                schedulerTask
 .text.mw_initSignalEvents
                0x00005ab8       0x78 cmsis_rtos_init.o
                0x00005ab8                mw_initSignalEvents
 .text.mw_RTOSInit
                0x00005b30      0x108 cmsis_rtos_init.o
                0x00005b30                mw_RTOSInit
 .text.os_idle_demon
                0x00005c38        0x8 RTX_Conf_CM.o
                0x00005c38                os_idle_demon
 .text.os_error
                0x00005c40       0x2c RTX_Conf_CM.o
                0x00005c40                os_error
 .text.rt_init_robin
                0x00005c6c        0x4 RTX_Conf_CM.o
                0x00005c6c                rt_init_robin
 .text.rt_chk_robin
                0x00005c70        0x4 RTX_Conf_CM.o
                0x00005c70                rt_chk_robin
 .text.software_init_hook
                0x00005c74       0x34 RTX_Conf_CM.o
                0x00005c74                software_init_hook
 .text.mw_osThreadCreate
                0x00005ca8       0x52 mw_thread.o
                0x00005ca8                mw_osThreadCreate
 .text.mw_osThreadGetId
                0x00005cfa        0xe mw_thread.o
                0x00005cfa                mw_osThreadGetId
 .text.mw_osThreadExit
                0x00005d08       0x22 mw_thread.o
                0x00005d08                mw_osThreadExit
 .text.mw_osThreadJoin
                0x00005d2a       0x1a mw_thread.o
                0x00005d2a                mw_osThreadJoin
 .text.mw_osTimerCreate
                0x00005d44       0x4e mw_timer.o
                0x00005d44                mw_osTimerCreate
 .text.mw_osTimerStart
                0x00005d92       0x24 mw_timer.o
                0x00005d92                mw_osTimerStart
 .text.mw_osSignalSet
                0x00005db6       0x2e mw_signal.o
                0x00005db6                mw_osSignalSet
 .text.mw_osSignalClear
                0x00005de4       0x26 mw_signal.o
                0x00005de4                mw_osSignalClear
 .text.mw_osSignalWaitEver
                0x00005e0a       0x20 mw_signal.o
                0x00005e0a                mw_osSignalWaitEver
 .text.mw_osSignalEventCreate
                0x00005e2a       0x20 mw_signal.o
                0x00005e2a                mw_osSignalEventCreate
 .text.mw_osSignalEventRelease
                0x00005e4a       0x26 mw_signal.o
                0x00005e4a                mw_osSignalEventRelease
 .text.mw_osSignalEventWaitEver
                0x00005e70       0x34 mw_signal.o
                0x00005e70                mw_osSignalEventWaitEver
 .text.mw_osSignalEventDelete
                0x00005ea4       0x14 mw_signal.o
                0x00005ea4                mw_osSignalEventDelete
 .text.osThreadExit
                0x00005eb8       0x18 C:/ProgramData/MATLAB/SupportPackages/R2022a/3P.instrset/cmsis.instrset/CMSIS/RTOS/RTX/LIB/GCC/libRTX_CM4.a(rt_cmsis.o)
                0x00005eb8                osThreadExit
 .text.svcKernelInitialize
                0x00005ed0      0x104 C:/ProgramData/MATLAB/SupportPackages/R2022a/3P.instrset/cmsis.instrset/CMSIS/RTOS/RTX/LIB/GCC/libRTX_CM4.a(rt_cmsis.o)
                0x00005ed0                svcKernelInitialize
 .text.svcKernelStart
                0x00005fd4       0x48 C:/ProgramData/MATLAB/SupportPackages/R2022a/3P.instrset/cmsis.instrset/CMSIS/RTOS/RTX/LIB/GCC/libRTX_CM4.a(rt_cmsis.o)
                0x00005fd4                svcKernelStart
 .text.osKernelInitialize
                0x0000601c       0x28 C:/ProgramData/MATLAB/SupportPackages/R2022a/3P.instrset/cmsis.instrset/CMSIS/RTOS/RTX/LIB/GCC/libRTX_CM4.a(rt_cmsis.o)
                0x0000601c                osKernelInitialize
 .text.osKernelStart
                0x00006044       0x74 C:/ProgramData/MATLAB/SupportPackages/R2022a/3P.instrset/cmsis.instrset/CMSIS/RTOS/RTX/LIB/GCC/libRTX_CM4.a(rt_cmsis.o)
                0x00006044                osKernelStart
 .text.svcThreadCreate
                0x000060b8       0x7c C:/ProgramData/MATLAB/SupportPackages/R2022a/3P.instrset/cmsis.instrset/CMSIS/RTOS/RTX/LIB/GCC/libRTX_CM4.a(rt_cmsis.o)
                0x000060b8                svcThreadCreate
 .text.svcThreadGetId
                0x00006134       0x18 C:/ProgramData/MATLAB/SupportPackages/R2022a/3P.instrset/cmsis.instrset/CMSIS/RTOS/RTX/LIB/GCC/libRTX_CM4.a(rt_cmsis.o)
                0x00006134                svcThreadGetId
 .text.svcThreadTerminate
                0x0000614c       0x48 C:/ProgramData/MATLAB/SupportPackages/R2022a/3P.instrset/cmsis.instrset/CMSIS/RTOS/RTX/LIB/GCC/libRTX_CM4.a(rt_cmsis.o)
                0x0000614c                svcThreadTerminate
 .text.osThreadCreate
                0x00006194       0xa4 C:/ProgramData/MATLAB/SupportPackages/R2022a/3P.instrset/cmsis.instrset/CMSIS/RTOS/RTX/LIB/GCC/libRTX_CM4.a(rt_cmsis.o)
                0x00006194                osThreadCreate
 .text.osThreadGetId
                0x00006238       0x18 C:/ProgramData/MATLAB/SupportPackages/R2022a/3P.instrset/cmsis.instrset/CMSIS/RTOS/RTX/LIB/GCC/libRTX_CM4.a(rt_cmsis.o)
                0x00006238                osThreadGetId
 .text.osThreadTerminate
                0x00006250       0x18 C:/ProgramData/MATLAB/SupportPackages/R2022a/3P.instrset/cmsis.instrset/CMSIS/RTOS/RTX/LIB/GCC/libRTX_CM4.a(rt_cmsis.o)
                0x00006250                osThreadTerminate
 .text.svcTimerCreate
                0x00006268       0x40 C:/ProgramData/MATLAB/SupportPackages/R2022a/3P.instrset/cmsis.instrset/CMSIS/RTOS/RTX/LIB/GCC/libRTX_CM4.a(rt_cmsis.o)
                0x00006268                svcTimerCreate
 .text.svcTimerStart
                0x000062a8       0xdc C:/ProgramData/MATLAB/SupportPackages/R2022a/3P.instrset/cmsis.instrset/CMSIS/RTOS/RTX/LIB/GCC/libRTX_CM4.a(rt_cmsis.o)
                0x000062a8                svcTimerStart
 .text.svcTimerCall
                0x00006384       0x18 C:/ProgramData/MATLAB/SupportPackages/R2022a/3P.instrset/cmsis.instrset/CMSIS/RTOS/RTX/LIB/GCC/libRTX_CM4.a(rt_cmsis.o)
                0x00006384                svcTimerCall
 .text.sysTimerTick
                0x0000639c       0xc8 C:/ProgramData/MATLAB/SupportPackages/R2022a/3P.instrset/cmsis.instrset/CMSIS/RTOS/RTX/LIB/GCC/libRTX_CM4.a(rt_cmsis.o)
                0x0000639c                sysTimerTick
 .text.osTimerCreate
                0x00006464       0x68 C:/ProgramData/MATLAB/SupportPackages/R2022a/3P.instrset/cmsis.instrset/CMSIS/RTOS/RTX/LIB/GCC/libRTX_CM4.a(rt_cmsis.o)
                0x00006464                osTimerCreate
 .text.osTimerStart
                0x000064cc       0x18 C:/ProgramData/MATLAB/SupportPackages/R2022a/3P.instrset/cmsis.instrset/CMSIS/RTOS/RTX/LIB/GCC/libRTX_CM4.a(rt_cmsis.o)
                0x000064cc                osTimerStart
 .text.osTimerThread
                0x000064e4       0x3c C:/ProgramData/MATLAB/SupportPackages/R2022a/3P.instrset/cmsis.instrset/CMSIS/RTOS/RTX/LIB/GCC/libRTX_CM4.a(rt_cmsis.o)
                0x000064e4                osTimerThread
 .text.svcSignalSet
                0x00006520       0x2c C:/ProgramData/MATLAB/SupportPackages/R2022a/3P.instrset/cmsis.instrset/CMSIS/RTOS/RTX/LIB/GCC/libRTX_CM4.a(rt_cmsis.o)
                0x00006520                svcSignalSet
 .text.svcSignalClear
                0x0000654c       0x2c C:/ProgramData/MATLAB/SupportPackages/R2022a/3P.instrset/cmsis.instrset/CMSIS/RTOS/RTX/LIB/GCC/libRTX_CM4.a(rt_cmsis.o)
                0x0000654c                svcSignalClear
 .text.svcSignalWait
                0x00006578      0x100 C:/ProgramData/MATLAB/SupportPackages/R2022a/3P.instrset/cmsis.instrset/CMSIS/RTOS/RTX/LIB/GCC/libRTX_CM4.a(rt_cmsis.o)
                0x00006578                svcSignalWait
 .text.osSignalSet
                0x00006678       0x40 C:/ProgramData/MATLAB/SupportPackages/R2022a/3P.instrset/cmsis.instrset/CMSIS/RTOS/RTX/LIB/GCC/libRTX_CM4.a(rt_cmsis.o)
                0x00006678                osSignalSet
 .text.osSignalClear
                0x000066b8       0x1c C:/ProgramData/MATLAB/SupportPackages/R2022a/3P.instrset/cmsis.instrset/CMSIS/RTOS/RTX/LIB/GCC/libRTX_CM4.a(rt_cmsis.o)
                0x000066b8                osSignalClear
 .text.osSignalWait
                0x000066d4       0x2c C:/ProgramData/MATLAB/SupportPackages/R2022a/3P.instrset/cmsis.instrset/CMSIS/RTOS/RTX/LIB/GCC/libRTX_CM4.a(rt_cmsis.o)
                0x000066d4                osSignalWait
 .text.svcMessageGet
                0x00006700       0xbc C:/ProgramData/MATLAB/SupportPackages/R2022a/3P.instrset/cmsis.instrset/CMSIS/RTOS/RTX/LIB/GCC/libRTX_CM4.a(rt_cmsis.o)
                0x00006700                svcMessageGet
 .text.rt_init_stack
                0x000067bc       0xa8 C:/ProgramData/MATLAB/SupportPackages/R2022a/3P.instrset/cmsis.instrset/CMSIS/RTOS/RTX/LIB/GCC/libRTX_CM4.a(hal_cm.o)
                0x000067bc                rt_init_stack
 .text.rt_ret_val
                0x00006864       0x14 C:/ProgramData/MATLAB/SupportPackages/R2022a/3P.instrset/cmsis.instrset/CMSIS/RTOS/RTX/LIB/GCC/libRTX_CM4.a(hal_cm.o)
                0x00006864                rt_ret_val
 .text.rt_ret_val2
                0x00006878       0x24 C:/ProgramData/MATLAB/SupportPackages/R2022a/3P.instrset/cmsis.instrset/CMSIS/RTOS/RTX/LIB/GCC/libRTX_CM4.a(hal_cm.o)
                0x00006878                rt_ret_val2
 .text.dbg_init
                0x0000689c       0x34 C:/ProgramData/MATLAB/SupportPackages/R2022a/3P.instrset/cmsis.instrset/CMSIS/RTOS/RTX/LIB/GCC/libRTX_CM4.a(hal_cm.o)
                0x0000689c                dbg_init
 .text.dbg_task_notify
                0x000068d0       0x2c C:/ProgramData/MATLAB/SupportPackages/R2022a/3P.instrset/cmsis.instrset/CMSIS/RTOS/RTX/LIB/GCC/libRTX_CM4.a(hal_cm.o)
                0x000068d0                dbg_task_notify
 .text.dbg_task_switch
                0x000068fc       0x14 C:/ProgramData/MATLAB/SupportPackages/R2022a/3P.instrset/cmsis.instrset/CMSIS/RTOS/RTX/LIB/GCC/libRTX_CM4.a(hal_cm.o)
                0x000068fc                dbg_task_switch
 .text.rt_init_mem
                0x00006910       0x1c C:/ProgramData/MATLAB/SupportPackages/R2022a/3P.instrset/cmsis.instrset/CMSIS/RTOS/RTX/LIB/GCC/libRTX_CM4.a(rt_memory.o)
                0x00006910                rt_init_mem
 .text.rt_alloc_mem
                0x0000692c       0x48 C:/ProgramData/MATLAB/SupportPackages/R2022a/3P.instrset/cmsis.instrset/CMSIS/RTOS/RTX/LIB/GCC/libRTX_CM4.a(rt_memory.o)
                0x0000692c                rt_alloc_mem
 .text.rt_free_mem
                0x00006974       0x54 C:/ProgramData/MATLAB/SupportPackages/R2022a/3P.instrset/cmsis.instrset/CMSIS/RTOS/RTX/LIB/GCC/libRTX_CM4.a(rt_memory.o)
                0x00006974                rt_free_mem
 .text._init_box
                0x000069c8       0x58 C:/ProgramData/MATLAB/SupportPackages/R2022a/3P.instrset/cmsis.instrset/CMSIS/RTOS/RTX/LIB/GCC/libRTX_CM4.a(rt_membox.o)
                0x000069c8                _init_box
 .text.rt_alloc_box
                0x00006a20       0x1c C:/ProgramData/MATLAB/SupportPackages/R2022a/3P.instrset/cmsis.instrset/CMSIS/RTOS/RTX/LIB/GCC/libRTX_CM4.a(rt_membox.o)
                0x00006a20                rt_alloc_box
 .text.rt_free_box
                0x00006a3c       0x28 C:/ProgramData/MATLAB/SupportPackages/R2022a/3P.instrset/cmsis.instrset/CMSIS/RTOS/RTX/LIB/GCC/libRTX_CM4.a(rt_membox.o)
                0x00006a3c                rt_free_box
 .text.rt_sem_psh
                0x00006a64       0x34 C:/ProgramData/MATLAB/SupportPackages/R2022a/3P.instrset/cmsis.instrset/CMSIS/RTOS/RTX/LIB/GCC/libRTX_CM4.a(rt_semaphore.o)
                0x00006a64                rt_sem_psh
 .text.rt_mbx_init
                0x00006a98       0x18 C:/ProgramData/MATLAB/SupportPackages/R2022a/3P.instrset/cmsis.instrset/CMSIS/RTOS/RTX/LIB/GCC/libRTX_CM4.a(rt_mailbox.o)
                0x00006a98                rt_mbx_init
 .text.rt_mbx_wait
                0x00006ab0       0xa8 C:/ProgramData/MATLAB/SupportPackages/R2022a/3P.instrset/cmsis.instrset/CMSIS/RTOS/RTX/LIB/GCC/libRTX_CM4.a(rt_mailbox.o)
                0x00006ab0                rt_mbx_wait
 .text.rt_mbx_check
                0x00006b58        0x8 C:/ProgramData/MATLAB/SupportPackages/R2022a/3P.instrset/cmsis.instrset/CMSIS/RTOS/RTX/LIB/GCC/libRTX_CM4.a(rt_mailbox.o)
                0x00006b58                rt_mbx_check
 .text.isr_mbx_send
                0x00006b60       0x10 C:/ProgramData/MATLAB/SupportPackages/R2022a/3P.instrset/cmsis.instrset/CMSIS/RTOS/RTX/LIB/GCC/libRTX_CM4.a(rt_mailbox.o)
                0x00006b60                isr_mbx_send
 .text.rt_mbx_psh
                0x00006b70       0xe8 C:/ProgramData/MATLAB/SupportPackages/R2022a/3P.instrset/cmsis.instrset/CMSIS/RTOS/RTX/LIB/GCC/libRTX_CM4.a(rt_mailbox.o)
                0x00006b70                rt_mbx_psh
 .text.rt_put_prio
                0x00006c58       0x50 C:/ProgramData/MATLAB/SupportPackages/R2022a/3P.instrset/cmsis.instrset/CMSIS/RTOS/RTX/LIB/GCC/libRTX_CM4.a(rt_list.o)
                0x00006c58                rt_put_prio
 .text.rt_get_first
                0x00006ca8       0x28 C:/ProgramData/MATLAB/SupportPackages/R2022a/3P.instrset/cmsis.instrset/CMSIS/RTOS/RTX/LIB/GCC/libRTX_CM4.a(rt_list.o)
                0x00006ca8                rt_get_first
 .text.rt_put_rdy_first
                0x00006cd0       0x14 C:/ProgramData/MATLAB/SupportPackages/R2022a/3P.instrset/cmsis.instrset/CMSIS/RTOS/RTX/LIB/GCC/libRTX_CM4.a(rt_list.o)
                0x00006cd0                rt_put_rdy_first
 .text.rt_resort_prio
                0x00006ce4       0xac C:/ProgramData/MATLAB/SupportPackages/R2022a/3P.instrset/cmsis.instrset/CMSIS/RTOS/RTX/LIB/GCC/libRTX_CM4.a(rt_list.o)
                0x00006ce4                rt_resort_prio
 .text.rt_put_dly
                0x00006d90       0x60 C:/ProgramData/MATLAB/SupportPackages/R2022a/3P.instrset/cmsis.instrset/CMSIS/RTOS/RTX/LIB/GCC/libRTX_CM4.a(rt_list.o)
                0x00006d90                rt_put_dly
 .text.rt_dec_dly
                0x00006df0       0xbc C:/ProgramData/MATLAB/SupportPackages/R2022a/3P.instrset/cmsis.instrset/CMSIS/RTOS/RTX/LIB/GCC/libRTX_CM4.a(rt_list.o)
                0x00006df0                rt_dec_dly
 .text.rt_rmv_list
                0x00006eac       0x2c C:/ProgramData/MATLAB/SupportPackages/R2022a/3P.instrset/cmsis.instrset/CMSIS/RTOS/RTX/LIB/GCC/libRTX_CM4.a(rt_list.o)
                0x00006eac                rt_rmv_list
 .text.rt_rmv_dly
                0x00006ed8       0x30 C:/ProgramData/MATLAB/SupportPackages/R2022a/3P.instrset/cmsis.instrset/CMSIS/RTOS/RTX/LIB/GCC/libRTX_CM4.a(rt_list.o)
                0x00006ed8                rt_rmv_dly
 .text.rt_psq_enq
                0x00006f08       0x44 C:/ProgramData/MATLAB/SupportPackages/R2022a/3P.instrset/cmsis.instrset/CMSIS/RTOS/RTX/LIB/GCC/libRTX_CM4.a(rt_list.o)
                0x00006f08                rt_psq_enq
 .text.rt_evt_wait
                0x00006f4c       0x44 C:/ProgramData/MATLAB/SupportPackages/R2022a/3P.instrset/cmsis.instrset/CMSIS/RTOS/RTX/LIB/GCC/libRTX_CM4.a(rt_event.o)
                0x00006f4c                rt_evt_wait
 .text.rt_evt_set
                0x00006f90       0x58 C:/ProgramData/MATLAB/SupportPackages/R2022a/3P.instrset/cmsis.instrset/CMSIS/RTOS/RTX/LIB/GCC/libRTX_CM4.a(rt_event.o)
                0x00006f90                rt_evt_set
 .text.rt_evt_clr
                0x00006fe8       0x18 C:/ProgramData/MATLAB/SupportPackages/R2022a/3P.instrset/cmsis.instrset/CMSIS/RTOS/RTX/LIB/GCC/libRTX_CM4.a(rt_event.o)
                0x00006fe8                rt_evt_clr
 .text.isr_evt_set
                0x00007000       0x24 C:/ProgramData/MATLAB/SupportPackages/R2022a/3P.instrset/cmsis.instrset/CMSIS/RTOS/RTX/LIB/GCC/libRTX_CM4.a(rt_event.o)
                0x00007000                isr_evt_set
 .text.rt_evt_psh
                0x00007024       0x50 C:/ProgramData/MATLAB/SupportPackages/R2022a/3P.instrset/cmsis.instrset/CMSIS/RTOS/RTX/LIB/GCC/libRTX_CM4.a(rt_event.o)
                0x00007024                rt_evt_psh
 .text.rt_psh_req
                0x00007074       0x20 C:/ProgramData/MATLAB/SupportPackages/R2022a/3P.instrset/cmsis.instrset/CMSIS/RTOS/RTX/LIB/GCC/libRTX_CM4.a(rt_system.o)
                0x00007074                rt_psh_req
 .text.rt_pop_req
                0x00007094       0x9c C:/ProgramData/MATLAB/SupportPackages/R2022a/3P.instrset/cmsis.instrset/CMSIS/RTOS/RTX/LIB/GCC/libRTX_CM4.a(rt_system.o)
                0x00007094                rt_pop_req
 .text.os_tick_init
                0x00007130       0x40 C:/ProgramData/MATLAB/SupportPackages/R2022a/3P.instrset/cmsis.instrset/CMSIS/RTOS/RTX/LIB/GCC/libRTX_CM4.a(rt_system.o)
                0x00007130                os_tick_init
 .text.os_tick_irqack
                0x00007170        0x4 C:/ProgramData/MATLAB/SupportPackages/R2022a/3P.instrset/cmsis.instrset/CMSIS/RTOS/RTX/LIB/GCC/libRTX_CM4.a(rt_system.o)
                0x00007170                os_tick_irqack
 .text.rt_systick
                0x00007174       0x3c C:/ProgramData/MATLAB/SupportPackages/R2022a/3P.instrset/cmsis.instrset/CMSIS/RTOS/RTX/LIB/GCC/libRTX_CM4.a(rt_system.o)
                0x00007174                rt_systick
 .text.rt_stk_check
                0x000071b0       0x24 C:/ProgramData/MATLAB/SupportPackages/R2022a/3P.instrset/cmsis.instrset/CMSIS/RTOS/RTX/LIB/GCC/libRTX_CM4.a(rt_system.o)
                0x000071b0                rt_stk_check
 .text.rt_switch_req
                0x000071d4       0x24 C:/ProgramData/MATLAB/SupportPackages/R2022a/3P.instrset/cmsis.instrset/CMSIS/RTOS/RTX/LIB/GCC/libRTX_CM4.a(rt_task.o)
                0x000071d4                rt_switch_req
 .text.rt_dispatch
                0x000071f8       0x78 C:/ProgramData/MATLAB/SupportPackages/R2022a/3P.instrset/cmsis.instrset/CMSIS/RTOS/RTX/LIB/GCC/libRTX_CM4.a(rt_task.o)
                0x000071f8                rt_dispatch
 .text.rt_block
                0x00007270       0x50 C:/ProgramData/MATLAB/SupportPackages/R2022a/3P.instrset/cmsis.instrset/CMSIS/RTOS/RTX/LIB/GCC/libRTX_CM4.a(rt_task.o)
                0x00007270                rt_block
 .text.rt_tsk_self
                0x000072c0       0x10 C:/ProgramData/MATLAB/SupportPackages/R2022a/3P.instrset/cmsis.instrset/CMSIS/RTOS/RTX/LIB/GCC/libRTX_CM4.a(rt_task.o)
                0x000072c0                rt_tsk_self
 .text.rt_tsk_prio
                0x000072d0       0xa0 C:/ProgramData/MATLAB/SupportPackages/R2022a/3P.instrset/cmsis.instrset/CMSIS/RTOS/RTX/LIB/GCC/libRTX_CM4.a(rt_task.o)
                0x000072d0                rt_tsk_prio
 .text.rt_tsk_create
                0x00007370       0xc8 C:/ProgramData/MATLAB/SupportPackages/R2022a/3P.instrset/cmsis.instrset/CMSIS/RTOS/RTX/LIB/GCC/libRTX_CM4.a(rt_task.o)
                0x00007370                rt_tsk_create
 .text.rt_tsk_delete
                0x00007438      0x1bc C:/ProgramData/MATLAB/SupportPackages/R2022a/3P.instrset/cmsis.instrset/CMSIS/RTOS/RTX/LIB/GCC/libRTX_CM4.a(rt_task.o)
                0x00007438                rt_tsk_delete
 .text.rt_sys_init
                0x000075f4       0xdc C:/ProgramData/MATLAB/SupportPackages/R2022a/3P.instrset/cmsis.instrset/CMSIS/RTOS/RTX/LIB/GCC/libRTX_CM4.a(rt_task.o)
                0x000075f4                rt_sys_init
 .text.rt_sys_start
                0x000076d0       0x8c C:/ProgramData/MATLAB/SupportPackages/R2022a/3P.instrset/cmsis.instrset/CMSIS/RTOS/RTX/LIB/GCC/libRTX_CM4.a(rt_task.o)
                0x000076d0                rt_sys_start
 .text.OSA_TimeInit
                0x0000775c       0x40 C:/ProgramData/MATLAB/SupportPackages/R2022a/toolbox/target/supportpackages/freedomk64f/src/ksdk_armgcc_lib/bm/libksdk_platform.a(fsl_os_abstraction_bm.o)
                0x0000775c                OSA_TimeInit
 .text.OSA_SemaCreate
                0x0000779c       0x2c C:/ProgramData/MATLAB/SupportPackages/R2022a/toolbox/target/supportpackages/freedomk64f/src/ksdk_armgcc_lib/bm/libksdk_platform.a(fsl_os_abstraction_bm.o)
                0x0000779c                OSA_SemaCreate
 .text.OSA_SemaPost
                0x000077c8       0x3c C:/ProgramData/MATLAB/SupportPackages/R2022a/toolbox/target/supportpackages/freedomk64f/src/ksdk_armgcc_lib/bm/libksdk_platform.a(fsl_os_abstraction_bm.o)
                0x000077c8                OSA_SemaPost
 .text.task_init
                0x00007804       0x38 C:/ProgramData/MATLAB/SupportPackages/R2022a/toolbox/target/supportpackages/freedomk64f/src/ksdk_armgcc_lib/bm/libksdk_platform.a(fsl_os_abstraction_bm.o)
                0x00007804                task_init
 .text.OSA_Init
                0x0000783c        0xe C:/ProgramData/MATLAB/SupportPackages/R2022a/toolbox/target/supportpackages/freedomk64f/src/ksdk_armgcc_lib/bm/libksdk_platform.a(fsl_os_abstraction_bm.o)
                0x0000783c                OSA_Init
 *fill*         0x0000784a        0x2 
 .text.CLOCK_SYS_SetMcgPeeToFbe
                0x0000784c       0x34 C:/ProgramData/MATLAB/SupportPackages/R2022a/toolbox/target/supportpackages/freedomk64f/src/ksdk_armgcc_lib/bm/libksdk_platform.a(fsl_clock_manager.o)
 .text.CLOCK_SYS_SetMcgMode
                0x00007880      0x124 C:/ProgramData/MATLAB/SupportPackages/R2022a/toolbox/target/supportpackages/freedomk64f/src/ksdk_armgcc_lib/bm/libksdk_platform.a(fsl_clock_manager.o)
                0x00007880                CLOCK_SYS_SetMcgMode
 .text.CLOCK_SYS_SetOscerConfigration
                0x000079a4       0x20 C:/ProgramData/MATLAB/SupportPackages/R2022a/toolbox/target/supportpackages/freedomk64f/src/ksdk_armgcc_lib/bm/libksdk_platform.a(fsl_clock_manager.o)
                0x000079a4                CLOCK_SYS_SetOscerConfigration
 .text.CLOCK_SYS_OscInit
                0x000079c4       0x98 C:/ProgramData/MATLAB/SupportPackages/R2022a/toolbox/target/supportpackages/freedomk64f/src/ksdk_armgcc_lib/bm/libksdk_platform.a(fsl_clock_manager.o)
                0x000079c4                CLOCK_SYS_OscInit
 .text.CLOCK_SYS_RtcOscInit
                0x00007a5c       0x6c C:/ProgramData/MATLAB/SupportPackages/R2022a/toolbox/target/supportpackages/freedomk64f/src/ksdk_armgcc_lib/bm/libksdk_platform.a(fsl_clock_manager.o)
                0x00007a5c                CLOCK_SYS_RtcOscInit
 .text.SIM_HAL_EnableClock.constprop.0
                0x00007ac8       0x1c C:/ProgramData/MATLAB/SupportPackages/R2022a/toolbox/target/supportpackages/freedomk64f/src/ksdk_armgcc_lib/bm/libksdk_platform.a(fsl_clock_MK64F12.o)
 .text.CLOCK_SYS_GetCoreClockFreq
                0x00007ae4       0x24 C:/ProgramData/MATLAB/SupportPackages/R2022a/toolbox/target/supportpackages/freedomk64f/src/ksdk_armgcc_lib/bm/libksdk_platform.a(fsl_clock_MK64F12.o)
                0x00007ae4                CLOCK_SYS_GetCoreClockFreq
 .text.CLOCK_SYS_SetConfiguration
                0x00007b08       0x94 C:/ProgramData/MATLAB/SupportPackages/R2022a/toolbox/target/supportpackages/freedomk64f/src/ksdk_armgcc_lib/bm/libksdk_platform.a(fsl_clock_MK64F12.o)
                0x00007b08                CLOCK_SYS_SetConfiguration
 .text.CLOCK_SYS_FllStableDelay
                0x00007b9c       0x18 C:/ProgramData/MATLAB/SupportPackages/R2022a/toolbox/target/supportpackages/freedomk64f/src/ksdk_armgcc_lib/bm/libksdk_platform.a(fsl_clock_MK64F12.o)
 .text.CLOCK_SYS_GetBusClockFreq
                0x00007bb4       0x24 C:/ProgramData/MATLAB/SupportPackages/R2022a/toolbox/target/supportpackages/freedomk64f/src/ksdk_armgcc_lib/bm/libksdk_platform.a(fsl_clock_MK64F12.o)
                0x00007bb4                CLOCK_SYS_GetBusClockFreq
 .text.CLOCK_SYS_GetUartFreq
                0x00007bd8       0x16 C:/ProgramData/MATLAB/SupportPackages/R2022a/toolbox/target/supportpackages/freedomk64f/src/ksdk_armgcc_lib/bm/libksdk_platform.a(fsl_clock_MK64F12.o)
                0x00007bd8                CLOCK_SYS_GetUartFreq
 *fill*         0x00007bee        0x2 
 .text.CLOCK_SYS_GetFtmExternalFreq
                0x00007bf0       0x20 C:/ProgramData/MATLAB/SupportPackages/R2022a/toolbox/target/supportpackages/freedomk64f/src/ksdk_armgcc_lib/bm/libksdk_platform.a(fsl_clock_MK64F12.o)
                0x00007bf0                CLOCK_SYS_GetFtmExternalFreq
 .text.CLOCK_SYS_EnablePortClock
                0x00007c10       0x30 C:/ProgramData/MATLAB/SupportPackages/R2022a/toolbox/target/supportpackages/freedomk64f/src/ksdk_armgcc_lib/bm/libksdk_platform.a(fsl_clock_MK64F12.o)
                0x00007c10                CLOCK_SYS_EnablePortClock
 .text.CLOCK_SYS_EnableFtmClock
                0x00007c40       0x30 C:/ProgramData/MATLAB/SupportPackages/R2022a/toolbox/target/supportpackages/freedomk64f/src/ksdk_armgcc_lib/bm/libksdk_platform.a(fsl_clock_MK64F12.o)
                0x00007c40                CLOCK_SYS_EnableFtmClock
 .text.CLOCK_SYS_EnableUartClock
                0x00007c70       0x30 C:/ProgramData/MATLAB/SupportPackages/R2022a/toolbox/target/supportpackages/freedomk64f/src/ksdk_armgcc_lib/bm/libksdk_platform.a(fsl_clock_MK64F12.o)
                0x00007c70                CLOCK_SYS_EnableUartClock
 .text.INT_SYS_EnableIRQGlobal
                0x00007ca0       0x14 C:/ProgramData/MATLAB/SupportPackages/R2022a/toolbox/target/supportpackages/freedomk64f/src/ksdk_armgcc_lib/bm/libksdk_platform.a(fsl_interrupt_manager.o)
                0x00007ca0                INT_SYS_EnableIRQGlobal
 .text.INT_SYS_DisableIRQGlobal
                0x00007cb4       0x10 C:/ProgramData/MATLAB/SupportPackages/R2022a/toolbox/target/supportpackages/freedomk64f/src/ksdk_armgcc_lib/bm/libksdk_platform.a(fsl_interrupt_manager.o)
                0x00007cb4                INT_SYS_DisableIRQGlobal
 .text.EDMA_HAL_SetErrorIntCmd
                0x00007cc4        0xa C:/ProgramData/MATLAB/SupportPackages/R2022a/toolbox/target/supportpackages/freedomk64f/src/ksdk_armgcc_lib/bm/libksdk_platform.a(fsl_edma_hal.o)
                0x00007cc4                EDMA_HAL_SetErrorIntCmd
 .text.EDMA_HAL_SetDmaRequestCmd
                0x00007cce        0xa C:/ProgramData/MATLAB/SupportPackages/R2022a/toolbox/target/supportpackages/freedomk64f/src/ksdk_armgcc_lib/bm/libksdk_platform.a(fsl_edma_hal.o)
                0x00007cce                EDMA_HAL_SetDmaRequestCmd
 .text.EDMA_HAL_HTCDClearReg
                0x00007cd8       0x4a C:/ProgramData/MATLAB/SupportPackages/R2022a/toolbox/target/supportpackages/freedomk64f/src/ksdk_armgcc_lib/bm/libksdk_platform.a(fsl_edma_hal.o)
                0x00007cd8                EDMA_HAL_HTCDClearReg
 .text.EDMA_HAL_Init
                0x00007d22       0x28 C:/ProgramData/MATLAB/SupportPackages/R2022a/toolbox/target/supportpackages/freedomk64f/src/ksdk_armgcc_lib/bm/libksdk_platform.a(fsl_edma_hal.o)
                0x00007d22                EDMA_HAL_Init
 *fill*         0x00007d4a        0x2 
 .text.EDMA_HAL_HTCDSetAttribute
                0x00007d4c       0x48 C:/ProgramData/MATLAB/SupportPackages/R2022a/toolbox/target/supportpackages/freedomk64f/src/ksdk_armgcc_lib/bm/libksdk_platform.a(fsl_edma_hal.o)
                0x00007d4c                EDMA_HAL_HTCDSetAttribute
 .text.EDMA_HAL_HTCDSetNbytes
                0x00007d94       0x7c C:/ProgramData/MATLAB/SupportPackages/R2022a/toolbox/target/supportpackages/freedomk64f/src/ksdk_armgcc_lib/bm/libksdk_platform.a(fsl_edma_hal.o)
                0x00007d94                EDMA_HAL_HTCDSetNbytes
 .text.EDMA_HAL_HTCDGetNbytes
                0x00007e10       0x68 C:/ProgramData/MATLAB/SupportPackages/R2022a/toolbox/target/supportpackages/freedomk64f/src/ksdk_armgcc_lib/bm/libksdk_platform.a(fsl_edma_hal.o)
                0x00007e10                EDMA_HAL_HTCDGetNbytes
 .text.EDMA_HAL_HTCDSetChannelMinorLink
                0x00007e78       0x80 C:/ProgramData/MATLAB/SupportPackages/R2022a/toolbox/target/supportpackages/freedomk64f/src/ksdk_armgcc_lib/bm/libksdk_platform.a(fsl_edma_hal.o)
                0x00007e78                EDMA_HAL_HTCDSetChannelMinorLink
 .text.EDMA_HAL_HTCDSetMajorCount
                0x00007ef8       0x78 C:/ProgramData/MATLAB/SupportPackages/R2022a/toolbox/target/supportpackages/freedomk64f/src/ksdk_armgcc_lib/bm/libksdk_platform.a(fsl_edma_hal.o)
                0x00007ef8                EDMA_HAL_HTCDSetMajorCount
 .text.EDMA_HAL_HTCDGetUnfinishedBytes
                0x00007f70       0x54 C:/ProgramData/MATLAB/SupportPackages/R2022a/toolbox/target/supportpackages/freedomk64f/src/ksdk_armgcc_lib/bm/libksdk_platform.a(fsl_edma_hal.o)
                0x00007f70                EDMA_HAL_HTCDGetUnfinishedBytes
 .text.INT_SYS_EnableIRQ
                0x00007fc4       0x48 C:/ProgramData/MATLAB/SupportPackages/R2022a/toolbox/target/supportpackages/freedomk64f/src/ksdk_armgcc_lib/bm/libksdk_platform.a(fsl_edma_driver.o)
 .text.EDMA_DRV_ClaimChannel
                0x0000800c       0x70 C:/ProgramData/MATLAB/SupportPackages/R2022a/toolbox/target/supportpackages/freedomk64f/src/ksdk_armgcc_lib/bm/libksdk_platform.a(fsl_edma_driver.o)
 .text.EDMA_DRV_Init
                0x0000807c       0x84 C:/ProgramData/MATLAB/SupportPackages/R2022a/toolbox/target/supportpackages/freedomk64f/src/ksdk_armgcc_lib/bm/libksdk_platform.a(fsl_edma_driver.o)
                0x0000807c                EDMA_DRV_Init
 .text.EDMA_DRV_InstallCallback
                0x00008100        0x8 C:/ProgramData/MATLAB/SupportPackages/R2022a/toolbox/target/supportpackages/freedomk64f/src/ksdk_armgcc_lib/bm/libksdk_platform.a(fsl_edma_driver.o)
                0x00008100                EDMA_DRV_InstallCallback
 .text.EDMA_DRV_RequestChannel
                0x00008108       0x70 C:/ProgramData/MATLAB/SupportPackages/R2022a/toolbox/target/supportpackages/freedomk64f/src/ksdk_armgcc_lib/bm/libksdk_platform.a(fsl_edma_driver.o)
                0x00008108                EDMA_DRV_RequestChannel
 .text.EDMA_DRV_IRQHandler
                0x00008178       0x30 C:/ProgramData/MATLAB/SupportPackages/R2022a/toolbox/target/supportpackages/freedomk64f/src/ksdk_armgcc_lib/bm/libksdk_platform.a(fsl_edma_driver.o)
                0x00008178                EDMA_DRV_IRQHandler
 .text.EDMA_DRV_ErrorIRQHandler
                0x000081a8       0x8c C:/ProgramData/MATLAB/SupportPackages/R2022a/toolbox/target/supportpackages/freedomk64f/src/ksdk_armgcc_lib/bm/libksdk_platform.a(fsl_edma_driver.o)
                0x000081a8                EDMA_DRV_ErrorIRQHandler
 .text.FTM_HAL_SetClockSource
                0x00008234       0x12 C:/ProgramData/MATLAB/SupportPackages/R2022a/toolbox/target/supportpackages/freedomk64f/src/ksdk_armgcc_lib/bm/libksdk_platform.a(fsl_ftm_driver.o)
 *fill*         0x00008246        0x2 
 .text.FTM_HAL_SetChnCountVal.part.0
                0x00008248       0x1c C:/ProgramData/MATLAB/SupportPackages/R2022a/toolbox/target/supportpackages/freedomk64f/src/ksdk_armgcc_lib/bm/libksdk_platform.a(fsl_ftm_driver.o)
 .text.FTM_DRV_Init
                0x00008264      0x10c C:/ProgramData/MATLAB/SupportPackages/R2022a/toolbox/target/supportpackages/freedomk64f/src/ksdk_armgcc_lib/bm/libksdk_platform.a(fsl_ftm_driver.o)
                0x00008264                FTM_DRV_Init
 .text.FTM_DRV_SetClock
                0x00008370       0x54 C:/ProgramData/MATLAB/SupportPackages/R2022a/toolbox/target/supportpackages/freedomk64f/src/ksdk_armgcc_lib/bm/libksdk_platform.a(fsl_ftm_driver.o)
                0x00008370                FTM_DRV_SetClock
 .text.FTM_DRV_GetClock
                0x000083c4       0x68 C:/ProgramData/MATLAB/SupportPackages/R2022a/toolbox/target/supportpackages/freedomk64f/src/ksdk_armgcc_lib/bm/libksdk_platform.a(fsl_ftm_driver.o)
                0x000083c4                FTM_DRV_GetClock
 .text.FTM_DRV_PwmStart
                0x0000842c      0x1cc C:/ProgramData/MATLAB/SupportPackages/R2022a/toolbox/target/supportpackages/freedomk64f/src/ksdk_armgcc_lib/bm/libksdk_platform.a(fsl_ftm_driver.o)
                0x0000842c                FTM_DRV_PwmStart
 .text.PORT_HAL_SetMuxMode.part.0
                0x000085f8       0x1c C:/ProgramData/MATLAB/SupportPackages/R2022a/toolbox/target/supportpackages/freedomk64f/src/ksdk_armgcc_lib/bm/libksdk_platform.a(fsl_gpio_driver.o)
 .text.GPIO_DRV_InputPinInit
                0x00008614       0xe4 C:/ProgramData/MATLAB/SupportPackages/R2022a/toolbox/target/supportpackages/freedomk64f/src/ksdk_armgcc_lib/bm/libksdk_platform.a(fsl_gpio_driver.o)
                0x00008614                GPIO_DRV_InputPinInit
 .text.GPIO_DRV_OutputPinInit
                0x000086f8       0x78 C:/ProgramData/MATLAB/SupportPackages/R2022a/toolbox/target/supportpackages/freedomk64f/src/ksdk_armgcc_lib/bm/libksdk_platform.a(fsl_gpio_driver.o)
                0x000086f8                GPIO_DRV_OutputPinInit
 .text.GPIO_DRV_WritePinOutput
                0x00008770       0x1c C:/ProgramData/MATLAB/SupportPackages/R2022a/toolbox/target/supportpackages/freedomk64f/src/ksdk_armgcc_lib/bm/libksdk_platform.a(fsl_gpio_driver.o)
                0x00008770                GPIO_DRV_WritePinOutput
 .text.GPIO_DRV_ReadPinInput
                0x0000878c       0x3c C:/ProgramData/MATLAB/SupportPackages/R2022a/toolbox/target/supportpackages/freedomk64f/src/ksdk_armgcc_lib/bm/libksdk_platform.a(fsl_gpio_driver.o)
                0x0000878c                GPIO_DRV_ReadPinInput
 .text.LPTMR_HAL_SetTimerWorkingMode
                0x000087c8       0x3c C:/ProgramData/MATLAB/SupportPackages/R2022a/toolbox/target/supportpackages/freedomk64f/src/ksdk_armgcc_lib/bm/libksdk_platform.a(fsl_lptmr_hal.o)
                0x000087c8                LPTMR_HAL_SetTimerWorkingMode
 .text.LPTMR_HAL_SetPrescalerMode
                0x00008804       0x1c C:/ProgramData/MATLAB/SupportPackages/R2022a/toolbox/target/supportpackages/freedomk64f/src/ksdk_armgcc_lib/bm/libksdk_platform.a(fsl_lptmr_hal.o)
                0x00008804                LPTMR_HAL_SetPrescalerMode
 .text.CLOCK_HAL_TestOscFreq
                0x00008820       0x28 C:/ProgramData/MATLAB/SupportPackages/R2022a/toolbox/target/supportpackages/freedomk64f/src/ksdk_armgcc_lib/bm/libksdk_platform.a(fsl_mcg_hal.o)
                0x00008820                CLOCK_HAL_TestOscFreq
 .text.CLOCK_HAL_GetMcgExternalClkFreq
                0x00008848        0xa C:/ProgramData/MATLAB/SupportPackages/R2022a/toolbox/target/supportpackages/freedomk64f/src/ksdk_armgcc_lib/bm/libksdk_platform.a(fsl_mcg_hal.o)
 .text.CLOCK_HAL_TestFllExternalRefFreq
                0x00008852       0x2c C:/ProgramData/MATLAB/SupportPackages/R2022a/toolbox/target/supportpackages/freedomk64f/src/ksdk_armgcc_lib/bm/libksdk_platform.a(fsl_mcg_hal.o)
                0x00008852                CLOCK_HAL_TestFllExternalRefFreq
 *fill*         0x0000887e        0x2 
 .text.CLOCK_HAL_GetFllRefClk
                0x00008880       0x40 C:/ProgramData/MATLAB/SupportPackages/R2022a/toolbox/target/supportpackages/freedomk64f/src/ksdk_armgcc_lib/bm/libksdk_platform.a(fsl_mcg_hal.o)
                0x00008880                CLOCK_HAL_GetFllRefClk
 .text.CLOCK_HAL_TestFllFreq
                0x000088c0       0x34 C:/ProgramData/MATLAB/SupportPackages/R2022a/toolbox/target/supportpackages/freedomk64f/src/ksdk_armgcc_lib/bm/libksdk_platform.a(fsl_mcg_hal.o)
                0x000088c0                CLOCK_HAL_TestFllFreq
 .text.CLOCK_HAL_GetFllClk
                0x000088f4       0x3c C:/ProgramData/MATLAB/SupportPackages/R2022a/toolbox/target/supportpackages/freedomk64f/src/ksdk_armgcc_lib/bm/libksdk_platform.a(fsl_mcg_hal.o)
                0x000088f4                CLOCK_HAL_GetFllClk
 .text.CLOCK_HAL_UpdateFastClkInternalRefDiv
                0x00008930       0x58 C:/ProgramData/MATLAB/SupportPackages/R2022a/toolbox/target/supportpackages/freedomk64f/src/ksdk_armgcc_lib/bm/libksdk_platform.a(fsl_mcg_hal.o)
                0x00008930                CLOCK_HAL_UpdateFastClkInternalRefDiv
 .text.CLOCK_HAL_GetPll0Clk
                0x00008988       0x48 C:/ProgramData/MATLAB/SupportPackages/R2022a/toolbox/target/supportpackages/freedomk64f/src/ksdk_armgcc_lib/bm/libksdk_platform.a(fsl_mcg_hal.o)
                0x00008988                CLOCK_HAL_GetPll0Clk
 .text.CLOCK_HAL_EnablePll0InFllMode
                0x000089d0       0x38 C:/ProgramData/MATLAB/SupportPackages/R2022a/toolbox/target/supportpackages/freedomk64f/src/ksdk_armgcc_lib/bm/libksdk_platform.a(fsl_mcg_hal.o)
                0x000089d0                CLOCK_HAL_EnablePll0InFllMode
 .text.CLOCK_HAL_GetInternalRefClk
                0x00008a08       0x40 C:/ProgramData/MATLAB/SupportPackages/R2022a/toolbox/target/supportpackages/freedomk64f/src/ksdk_armgcc_lib/bm/libksdk_platform.a(fsl_mcg_hal.o)
                0x00008a08                CLOCK_HAL_GetInternalRefClk
 .text.CLOCK_HAL_GetOutClk
                0x00008a48       0x22 C:/ProgramData/MATLAB/SupportPackages/R2022a/toolbox/target/supportpackages/freedomk64f/src/ksdk_armgcc_lib/bm/libksdk_platform.a(fsl_mcg_hal.o)
                0x00008a48                CLOCK_HAL_GetOutClk
 .text.CLOCK_HAL_GetFixedFreqClk
                0x00008a6a       0x20 C:/ProgramData/MATLAB/SupportPackages/R2022a/toolbox/target/supportpackages/freedomk64f/src/ksdk_armgcc_lib/bm/libksdk_platform.a(fsl_mcg_hal.o)
                0x00008a6a                CLOCK_HAL_GetFixedFreqClk
 .text.CLOCK_HAL_SetOsc0Mode
                0x00008a8a       0x24 C:/ProgramData/MATLAB/SupportPackages/R2022a/toolbox/target/supportpackages/freedomk64f/src/ksdk_armgcc_lib/bm/libksdk_platform.a(fsl_mcg_hal.o)
                0x00008a8a                CLOCK_HAL_SetOsc0Mode
 *fill*         0x00008aae        0x2 
 .text.CLOCK_HAL_PrepareOsc
                0x00008ab0       0x30 C:/ProgramData/MATLAB/SupportPackages/R2022a/toolbox/target/supportpackages/freedomk64f/src/ksdk_armgcc_lib/bm/libksdk_platform.a(fsl_mcg_hal_modes.o)
 .text.CLOCK_HAL_GetMcgMode
                0x00008ae0       0x7c C:/ProgramData/MATLAB/SupportPackages/R2022a/toolbox/target/supportpackages/freedomk64f/src/ksdk_armgcc_lib/bm/libksdk_platform.a(fsl_mcg_hal_modes.o)
                0x00008ae0                CLOCK_HAL_GetMcgMode
 .text.CLOCK_HAL_SetFbiMode
                0x00008b5c       0xc0 C:/ProgramData/MATLAB/SupportPackages/R2022a/toolbox/target/supportpackages/freedomk64f/src/ksdk_armgcc_lib/bm/libksdk_platform.a(fsl_mcg_hal_modes.o)
                0x00008b5c                CLOCK_HAL_SetFbiMode
 .text.CLOCK_HAL_SetFbeMode
                0x00008c1c       0xf0 C:/ProgramData/MATLAB/SupportPackages/R2022a/toolbox/target/supportpackages/freedomk64f/src/ksdk_armgcc_lib/bm/libksdk_platform.a(fsl_mcg_hal_modes.o)
                0x00008c1c                CLOCK_HAL_SetFbeMode
 .text.CLOCK_HAL_SetPbeMode
                0x00008d0c       0xd8 C:/ProgramData/MATLAB/SupportPackages/R2022a/toolbox/target/supportpackages/freedomk64f/src/ksdk_armgcc_lib/bm/libksdk_platform.a(fsl_mcg_hal_modes.o)
                0x00008d0c                CLOCK_HAL_SetPbeMode
 .text.OSC_HAL_SetCapacitor
                0x00008de4        0xe C:/ProgramData/MATLAB/SupportPackages/R2022a/toolbox/target/supportpackages/freedomk64f/src/ksdk_armgcc_lib/bm/libksdk_platform.a(fsl_osc_hal.o)
                0x00008de4                OSC_HAL_SetCapacitor
 .text.CLOCK_HAL_SetOutDiv
                0x00008df2       0x28 C:/ProgramData/MATLAB/SupportPackages/R2022a/toolbox/target/supportpackages/freedomk64f/src/ksdk_armgcc_lib/bm/libksdk_platform.a(fsl_sim_hal_MK64F12.o)
                0x00008df2                CLOCK_HAL_SetOutDiv
 *fill*         0x00008e1a        0x2 
 .text.SIM_HAL_GetFtmExternalClkPinMode
                0x00008e1c       0x70 C:/ProgramData/MATLAB/SupportPackages/R2022a/toolbox/target/supportpackages/freedomk64f/src/ksdk_armgcc_lib/bm/libksdk_platform.a(fsl_sim_hal_MK64F12.o)
                0x00008e1c                SIM_HAL_GetFtmExternalClkPinMode
 .text.UART_DRV_CompleteSendData
                0x00008e8c       0x54 C:/ProgramData/MATLAB/SupportPackages/R2022a/toolbox/target/supportpackages/freedomk64f/src/ksdk_armgcc_lib/bm/libksdk_platform.a(fsl_uart_driver.o)
 .text.UART_DRV_CompleteReceiveData
                0x00008ee0       0x5c C:/ProgramData/MATLAB/SupportPackages/R2022a/toolbox/target/supportpackages/freedomk64f/src/ksdk_armgcc_lib/bm/libksdk_platform.a(fsl_uart_driver.o)
 .text.UART_DRV_IRQHandler
                0x00008f3c       0xdc C:/ProgramData/MATLAB/SupportPackages/R2022a/toolbox/target/supportpackages/freedomk64f/src/ksdk_armgcc_lib/bm/libksdk_platform.a(fsl_uart_driver.o)
                0x00008f3c                UART_DRV_IRQHandler
 .text.EDMA_HAL_HTCDSetIntCmd
                0x00009018       0x14 C:/ProgramData/MATLAB/SupportPackages/R2022a/toolbox/target/supportpackages/freedomk64f/src/ksdk_armgcc_lib/bm/libksdk_platform.a(fsl_uart_edma_driver.o)
 .text.UART_DRV_EdmaCompleteSendData
                0x0000902c       0x60 C:/ProgramData/MATLAB/SupportPackages/R2022a/toolbox/target/supportpackages/freedomk64f/src/ksdk_armgcc_lib/bm/libksdk_platform.a(fsl_uart_edma_driver.o)
 .text.UART_DRV_EdmaTxCallback
                0x0000908c        0x4 C:/ProgramData/MATLAB/SupportPackages/R2022a/toolbox/target/supportpackages/freedomk64f/src/ksdk_armgcc_lib/bm/libksdk_platform.a(fsl_uart_edma_driver.o)
 .text.UART_DRV_EdmaCompleteReceiveData
                0x00009090       0x64 C:/ProgramData/MATLAB/SupportPackages/R2022a/toolbox/target/supportpackages/freedomk64f/src/ksdk_armgcc_lib/bm/libksdk_platform.a(fsl_uart_edma_driver.o)
 .text.UART_DRV_EdmaRxCallback
                0x000090f4        0x4 C:/ProgramData/MATLAB/SupportPackages/R2022a/toolbox/target/supportpackages/freedomk64f/src/ksdk_armgcc_lib/bm/libksdk_platform.a(fsl_uart_edma_driver.o)
 .text.UART_DRV_EdmaStartSendData
                0x000090f8       0x78 C:/ProgramData/MATLAB/SupportPackages/R2022a/toolbox/target/supportpackages/freedomk64f/src/ksdk_armgcc_lib/bm/libksdk_platform.a(fsl_uart_edma_driver.o)
 .text.UART_DRV_EdmaInit
                0x00009170      0x260 C:/ProgramData/MATLAB/SupportPackages/R2022a/toolbox/target/supportpackages/freedomk64f/src/ksdk_armgcc_lib/bm/libksdk_platform.a(fsl_uart_edma_driver.o)
                0x00009170                UART_DRV_EdmaInit
 .text.UART_DRV_EdmaSendData
                0x000093d0       0x48 C:/ProgramData/MATLAB/SupportPackages/R2022a/toolbox/target/supportpackages/freedomk64f/src/ksdk_armgcc_lib/bm/libksdk_platform.a(fsl_uart_edma_driver.o)
                0x000093d0                UART_DRV_EdmaSendData
 .text.UART_DRV_EdmaGetTransmitStatus
                0x00009418       0x58 C:/ProgramData/MATLAB/SupportPackages/R2022a/toolbox/target/supportpackages/freedomk64f/src/ksdk_armgcc_lib/bm/libksdk_platform.a(fsl_uart_edma_driver.o)
                0x00009418                UART_DRV_EdmaGetTransmitStatus
 .text.DMAMUX_HAL_Init
                0x00009470       0x22 C:/ProgramData/MATLAB/SupportPackages/R2022a/toolbox/target/supportpackages/freedomk64f/src/ksdk_armgcc_lib/bm/libksdk_platform.a(fsl_dmamux_hal.o)
                0x00009470                DMAMUX_HAL_Init
 *fill*         0x00009492        0x2 
 .text.FTM_HAL_SetChnEdgeLevel.part.0
                0x00009494       0x1c C:/ProgramData/MATLAB/SupportPackages/R2022a/toolbox/target/supportpackages/freedomk64f/src/ksdk_armgcc_lib/bm/libksdk_platform.a(fsl_ftm_hal.o)
 .text.FTM_HAL_Init
                0x000094b0       0x3c C:/ProgramData/MATLAB/SupportPackages/R2022a/toolbox/target/supportpackages/freedomk64f/src/ksdk_armgcc_lib/bm/libksdk_platform.a(fsl_ftm_hal.o)
                0x000094b0                FTM_HAL_Init
 .text.FTM_HAL_SetSyncMode
                0x000094ec       0x98 C:/ProgramData/MATLAB/SupportPackages/R2022a/toolbox/target/supportpackages/freedomk64f/src/ksdk_armgcc_lib/bm/libksdk_platform.a(fsl_ftm_hal.o)
                0x000094ec                FTM_HAL_SetSyncMode
 .text.FTM_HAL_Reset
                0x00009584       0x3e C:/ProgramData/MATLAB/SupportPackages/R2022a/toolbox/target/supportpackages/freedomk64f/src/ksdk_armgcc_lib/bm/libksdk_platform.a(fsl_ftm_hal.o)
                0x00009584                FTM_HAL_Reset
 .text.FTM_HAL_GetChnPairIndex
                0x000095c2       0x1e C:/ProgramData/MATLAB/SupportPackages/R2022a/toolbox/target/supportpackages/freedomk64f/src/ksdk_armgcc_lib/bm/libksdk_platform.a(fsl_ftm_hal.o)
                0x000095c2                FTM_HAL_GetChnPairIndex
 .text.FTM_HAL_EnablePwmMode
                0x000095e0       0xd8 C:/ProgramData/MATLAB/SupportPackages/R2022a/toolbox/target/supportpackages/freedomk64f/src/ksdk_armgcc_lib/bm/libksdk_platform.a(fsl_ftm_hal.o)
                0x000095e0                FTM_HAL_EnablePwmMode
 .text.GPIO_HAL_SetPinDir
                0x000096b8       0x34 C:/ProgramData/MATLAB/SupportPackages/R2022a/toolbox/target/supportpackages/freedomk64f/src/ksdk_armgcc_lib/bm/libksdk_platform.a(fsl_gpio_hal.o)
                0x000096b8                GPIO_HAL_SetPinDir
 .text.GPIO_HAL_WritePinOutput
                0x000096ec       0x30 C:/ProgramData/MATLAB/SupportPackages/R2022a/toolbox/target/supportpackages/freedomk64f/src/ksdk_armgcc_lib/bm/libksdk_platform.a(fsl_gpio_hal.o)
                0x000096ec                GPIO_HAL_WritePinOutput
 .text.UART_HAL_Init
                0x0000971c       0x2a C:/ProgramData/MATLAB/SupportPackages/R2022a/toolbox/target/supportpackages/freedomk64f/src/ksdk_armgcc_lib/bm/libksdk_platform.a(fsl_uart_hal.o)
                0x0000971c                UART_HAL_Init
 .text.UART_HAL_SetBaudRate
                0x00009746       0x42 C:/ProgramData/MATLAB/SupportPackages/R2022a/toolbox/target/supportpackages/freedomk64f/src/ksdk_armgcc_lib/bm/libksdk_platform.a(fsl_uart_hal.o)
                0x00009746                UART_HAL_SetBaudRate
 .text.UART_HAL_SetParityMode
                0x00009788       0x18 C:/ProgramData/MATLAB/SupportPackages/R2022a/toolbox/target/supportpackages/freedomk64f/src/ksdk_armgcc_lib/bm/libksdk_platform.a(fsl_uart_hal.o)
                0x00009788                UART_HAL_SetParityMode
 .text.UART_HAL_Putchar
                0x000097a0        0x6 C:/ProgramData/MATLAB/SupportPackages/R2022a/toolbox/target/supportpackages/freedomk64f/src/ksdk_armgcc_lib/bm/libksdk_platform.a(fsl_uart_hal.o)
                0x000097a0                UART_HAL_Putchar
 .text.UART_HAL_Getchar
                0x000097a6        0x8 C:/ProgramData/MATLAB/SupportPackages/R2022a/toolbox/target/supportpackages/freedomk64f/src/ksdk_armgcc_lib/bm/libksdk_platform.a(fsl_uart_hal.o)
                0x000097a6                UART_HAL_Getchar
 .text.UART_HAL_SetIntMode
                0x000097ae       0x66 C:/ProgramData/MATLAB/SupportPackages/R2022a/toolbox/target/supportpackages/freedomk64f/src/ksdk_armgcc_lib/bm/libksdk_platform.a(fsl_uart_hal.o)
                0x000097ae                UART_HAL_SetIntMode
 .text.UART_HAL_SetTxDmaCmd
                0x00009814       0x28 C:/ProgramData/MATLAB/SupportPackages/R2022a/toolbox/target/supportpackages/freedomk64f/src/ksdk_armgcc_lib/bm/libksdk_platform.a(fsl_uart_hal.o)
                0x00009814                UART_HAL_SetTxDmaCmd
 .text.UART_HAL_SetRxDmaCmd
                0x0000983c       0x1c C:/ProgramData/MATLAB/SupportPackages/R2022a/toolbox/target/supportpackages/freedomk64f/src/ksdk_armgcc_lib/bm/libksdk_platform.a(fsl_uart_hal.o)
                0x0000983c                UART_HAL_SetRxDmaCmd
 .text.UART_HAL_GetStatusFlag
                0x00009858       0x30 C:/ProgramData/MATLAB/SupportPackages/R2022a/toolbox/target/supportpackages/freedomk64f/src/ksdk_armgcc_lib/bm/libksdk_platform.a(fsl_uart_hal.o)
                0x00009858                UART_HAL_GetStatusFlag
 .text.UART_HAL_ClearStatusFlag
                0x00009888       0x7a C:/ProgramData/MATLAB/SupportPackages/R2022a/toolbox/target/supportpackages/freedomk64f/src/ksdk_armgcc_lib/bm/libksdk_platform.a(fsl_uart_hal.o)
                0x00009888                UART_HAL_ClearStatusFlag
 *fill*         0x00009902        0x6 
 .text.ceil     0x00009908      0x100 c:/progra~3/matlab/supportpackages/r2022a/3p.instrset/gnuarm-armcortex.instrset/win/bin/../lib/gcc/arm-none-eabi/9.3.1/../../../../arm-none-eabi/lib/thumb/v7e-m+fp/hard\libm.a(lib_a-s_ceil.o)
                0x00009908                ceil
 .text.abort    0x00009a08       0x10 c:/progra~3/matlab/supportpackages/r2022a/3p.instrset/gnuarm-armcortex.instrset/win/bin/../lib/gcc/arm-none-eabi/9.3.1/../../../../arm-none-eabi/lib/thumb/v7e-m+fp/hard\libg.a(lib_a-abort.o)
                0x00009a08                abort
 .text.__assert_func
                0x00009a18       0x3c c:/progra~3/matlab/supportpackages/r2022a/3p.instrset/gnuarm-armcortex.instrset/win/bin/../lib/gcc/arm-none-eabi/9.3.1/../../../../arm-none-eabi/lib/thumb/v7e-m+fp/hard\libg.a(lib_a-assert.o)
                0x00009a18                __assert_func
 .text.atexit   0x00009a54        0xc c:/progra~3/matlab/supportpackages/r2022a/3p.instrset/gnuarm-armcortex.instrset/win/bin/../lib/gcc/arm-none-eabi/9.3.1/../../../../arm-none-eabi/lib/thumb/v7e-m+fp/hard\libg.a(lib_a-atexit.o)
                0x00009a54                atexit
 .text.__errno  0x00009a60        0xc c:/progra~3/matlab/supportpackages/r2022a/3p.instrset/gnuarm-armcortex.instrset/win/bin/../lib/gcc/arm-none-eabi/9.3.1/../../../../arm-none-eabi/lib/thumb/v7e-m+fp/hard\libg.a(lib_a-errno.o)
                0x00009a60                __errno
 .text.exit     0x00009a6c       0x20 c:/progra~3/matlab/supportpackages/r2022a/3p.instrset/gnuarm-armcortex.instrset/win/bin/../lib/gcc/arm-none-eabi/9.3.1/../../../../arm-none-eabi/lib/thumb/v7e-m+fp/hard\libg.a(lib_a-exit.o)
                0x00009a6c                exit
 .text.__libc_fini_array
                0x00009a8c       0x2c c:/progra~3/matlab/supportpackages/r2022a/3p.instrset/gnuarm-armcortex.instrset/win/bin/../lib/gcc/arm-none-eabi/9.3.1/../../../../arm-none-eabi/lib/thumb/v7e-m+fp/hard\libg.a(lib_a-fini.o)
                0x00009a8c                __libc_fini_array
 .text.fiprintf
                0x00009ab8       0x28 c:/progra~3/matlab/supportpackages/r2022a/3p.instrset/gnuarm-armcortex.instrset/win/bin/../lib/gcc/arm-none-eabi/9.3.1/../../../../arm-none-eabi/lib/thumb/v7e-m+fp/hard\libg.a(lib_a-fiprintf.o)
                0x00009ab8                fiprintf
 .text.__libc_init_array
                0x00009ae0       0x48 c:/progra~3/matlab/supportpackages/r2022a/3p.instrset/gnuarm-armcortex.instrset/win/bin/../lib/gcc/arm-none-eabi/9.3.1/../../../../arm-none-eabi/lib/thumb/v7e-m+fp/hard\libg.a(lib_a-init.o)
                0x00009ae0                __libc_init_array
 .text._malloc_r
                0x00009b28      0x574 c:/progra~3/matlab/supportpackages/r2022a/3p.instrset/gnuarm-armcortex.instrset/win/bin/../lib/gcc/arm-none-eabi/9.3.1/../../../../arm-none-eabi/lib/thumb/v7e-m+fp/hard\libg.a(lib_a-mallocr.o)
                0x00009b28                _malloc_r
 .text.memset   0x0000a09c       0xa0 c:/progra~3/matlab/supportpackages/r2022a/3p.instrset/gnuarm-armcortex.instrset/win/bin/../lib/gcc/arm-none-eabi/9.3.1/../../../../arm-none-eabi/lib/thumb/v7e-m+fp/hard\libg.a(lib_a-memset.o)
                0x0000a09c                memset
 .text.__malloc_lock
                0x0000a13c        0xc c:/progra~3/matlab/supportpackages/r2022a/3p.instrset/gnuarm-armcortex.instrset/win/bin/../lib/gcc/arm-none-eabi/9.3.1/../../../../arm-none-eabi/lib/thumb/v7e-m+fp/hard\libg.a(lib_a-mlock.o)
                0x0000a13c                __malloc_lock
 .text.__malloc_unlock
                0x0000a148        0xc c:/progra~3/matlab/supportpackages/r2022a/3p.instrset/gnuarm-armcortex.instrset/win/bin/../lib/gcc/arm-none-eabi/9.3.1/../../../../arm-none-eabi/lib/thumb/v7e-m+fp/hard\libg.a(lib_a-mlock.o)
                0x0000a148                __malloc_unlock
 .text._sbrk_r  0x0000a154       0x24 c:/progra~3/matlab/supportpackages/r2022a/3p.instrset/gnuarm-armcortex.instrset/win/bin/../lib/gcc/arm-none-eabi/9.3.1/../../../../arm-none-eabi/lib/thumb/v7e-m+fp/hard\libg.a(lib_a-sbrkr.o)
                0x0000a154                _sbrk_r
 .text._raise_r
                0x0000a178       0x58 c:/progra~3/matlab/supportpackages/r2022a/3p.instrset/gnuarm-armcortex.instrset/win/bin/../lib/gcc/arm-none-eabi/9.3.1/../../../../arm-none-eabi/lib/thumb/v7e-m+fp/hard\libg.a(lib_a-signal.o)
                0x0000a178                _raise_r
 .text.raise    0x0000a1d0       0x10 c:/progra~3/matlab/supportpackages/r2022a/3p.instrset/gnuarm-armcortex.instrset/win/bin/../lib/gcc/arm-none-eabi/9.3.1/../../../../arm-none-eabi/lib/thumb/v7e-m+fp/hard\libg.a(lib_a-signal.o)
                0x0000a1d0                raise
 .text._kill_r  0x0000a1e0       0x2c c:/progra~3/matlab/supportpackages/r2022a/3p.instrset/gnuarm-armcortex.instrset/win/bin/../lib/gcc/arm-none-eabi/9.3.1/../../../../arm-none-eabi/lib/thumb/v7e-m+fp/hard\libg.a(lib_a-signalr.o)
                0x0000a1e0                _kill_r
 .text._getpid_r
                0x0000a20c        0x4 c:/progra~3/matlab/supportpackages/r2022a/3p.instrset/gnuarm-armcortex.instrset/win/bin/../lib/gcc/arm-none-eabi/9.3.1/../../../../arm-none-eabi/lib/thumb/v7e-m+fp/hard\libg.a(lib_a-signalr.o)
                0x0000a20c                _getpid_r
 .text.__sprint_r.part.0
                0x0000a210       0x78 c:/progra~3/matlab/supportpackages/r2022a/3p.instrset/gnuarm-armcortex.instrset/win/bin/../lib/gcc/arm-none-eabi/9.3.1/../../../../arm-none-eabi/lib/thumb/v7e-m+fp/hard\libg.a(lib_a-vfiprintf.o)
 .text._vfiprintf_r
                0x0000a288      0xd4c c:/progra~3/matlab/supportpackages/r2022a/3p.instrset/gnuarm-armcortex.instrset/win/bin/../lib/gcc/arm-none-eabi/9.3.1/../../../../arm-none-eabi/lib/thumb/v7e-m+fp/hard\libg.a(lib_a-vfiprintf.o)
                0x0000a288                _vfiprintf_r
 .text.__sbprintf
                0x0000afd4       0x84 c:/progra~3/matlab/supportpackages/r2022a/3p.instrset/gnuarm-armcortex.instrset/win/bin/../lib/gcc/arm-none-eabi/9.3.1/../../../../arm-none-eabi/lib/thumb/v7e-m+fp/hard\libg.a(lib_a-vfiprintf.o)
 .text.__swsetup_r
                0x0000b058       0xd0 c:/progra~3/matlab/supportpackages/r2022a/3p.instrset/gnuarm-armcortex.instrset/win/bin/../lib/gcc/arm-none-eabi/9.3.1/../../../../arm-none-eabi/lib/thumb/v7e-m+fp/hard\libg.a(lib_a-wsetup.o)
                0x0000b058                __swsetup_r
 .text.__register_exitproc
                0x0000b128       0x8c c:/progra~3/matlab/supportpackages/r2022a/3p.instrset/gnuarm-armcortex.instrset/win/bin/../lib/gcc/arm-none-eabi/9.3.1/../../../../arm-none-eabi/lib/thumb/v7e-m+fp/hard\libg.a(lib_a-__atexit.o)
                0x0000b128                __register_exitproc
 .text.startup.register_fini
                0x0000b1b4       0x14 c:/progra~3/matlab/supportpackages/r2022a/3p.instrset/gnuarm-armcortex.instrset/win/bin/../lib/gcc/arm-none-eabi/9.3.1/../../../../arm-none-eabi/lib/thumb/v7e-m+fp/hard\libg.a(lib_a-__call_atexit.o)
 .text.__call_exitprocs
                0x0000b1c8       0xcc c:/progra~3/matlab/supportpackages/r2022a/3p.instrset/gnuarm-armcortex.instrset/win/bin/../lib/gcc/arm-none-eabi/9.3.1/../../../../arm-none-eabi/lib/thumb/v7e-m+fp/hard\libg.a(lib_a-__call_atexit.o)
                0x0000b1c8                __call_exitprocs
 .text.__sflush_r
                0x0000b294      0x130 c:/progra~3/matlab/supportpackages/r2022a/3p.instrset/gnuarm-armcortex.instrset/win/bin/../lib/gcc/arm-none-eabi/9.3.1/../../../../arm-none-eabi/lib/thumb/v7e-m+fp/hard\libg.a(lib_a-fflush.o)
                0x0000b294                __sflush_r
 .text._fflush_r
                0x0000b3c4       0x5c c:/progra~3/matlab/supportpackages/r2022a/3p.instrset/gnuarm-armcortex.instrset/win/bin/../lib/gcc/arm-none-eabi/9.3.1/../../../../arm-none-eabi/lib/thumb/v7e-m+fp/hard\libg.a(lib_a-fflush.o)
                0x0000b3c4                _fflush_r
 .text.std      0x0000b420       0x50 c:/progra~3/matlab/supportpackages/r2022a/3p.instrset/gnuarm-armcortex.instrset/win/bin/../lib/gcc/arm-none-eabi/9.3.1/../../../../arm-none-eabi/lib/thumb/v7e-m+fp/hard\libg.a(lib_a-findfp.o)
 .text._cleanup_r
                0x0000b470        0xc c:/progra~3/matlab/supportpackages/r2022a/3p.instrset/gnuarm-armcortex.instrset/win/bin/../lib/gcc/arm-none-eabi/9.3.1/../../../../arm-none-eabi/lib/thumb/v7e-m+fp/hard\libg.a(lib_a-findfp.o)
                0x0000b470                _cleanup_r
 .text.__sinit  0x0000b47c       0x54 c:/progra~3/matlab/supportpackages/r2022a/3p.instrset/gnuarm-armcortex.instrset/win/bin/../lib/gcc/arm-none-eabi/9.3.1/../../../../arm-none-eabi/lib/thumb/v7e-m+fp/hard\libg.a(lib_a-findfp.o)
                0x0000b47c                __sinit
 .text.__sfp_lock_acquire
                0x0000b4d0        0xc c:/progra~3/matlab/supportpackages/r2022a/3p.instrset/gnuarm-armcortex.instrset/win/bin/../lib/gcc/arm-none-eabi/9.3.1/../../../../arm-none-eabi/lib/thumb/v7e-m+fp/hard\libg.a(lib_a-findfp.o)
                0x0000b4d0                __sfp_lock_acquire
 .text.__sfp_lock_release
                0x0000b4dc        0xc c:/progra~3/matlab/supportpackages/r2022a/3p.instrset/gnuarm-armcortex.instrset/win/bin/../lib/gcc/arm-none-eabi/9.3.1/../../../../arm-none-eabi/lib/thumb/v7e-m+fp/hard\libg.a(lib_a-findfp.o)
                0x0000b4dc                __sfp_lock_release
 .text.__fputwc
                0x0000b4e8       0xa8 c:/progra~3/matlab/supportpackages/r2022a/3p.instrset/gnuarm-armcortex.instrset/win/bin/../lib/gcc/arm-none-eabi/9.3.1/../../../../arm-none-eabi/lib/thumb/v7e-m+fp/hard\libg.a(lib_a-fputwc.o)
                0x0000b4e8                __fputwc
 .text._fputwc_r
                0x0000b590       0x68 c:/progra~3/matlab/supportpackages/r2022a/3p.instrset/gnuarm-armcortex.instrset/win/bin/../lib/gcc/arm-none-eabi/9.3.1/../../../../arm-none-eabi/lib/thumb/v7e-m+fp/hard\libg.a(lib_a-fputwc.o)
                0x0000b590                _fputwc_r
 .text._malloc_trim_r
                0x0000b5f8       0xa0 c:/progra~3/matlab/supportpackages/r2022a/3p.instrset/gnuarm-armcortex.instrset/win/bin/../lib/gcc/arm-none-eabi/9.3.1/../../../../arm-none-eabi/lib/thumb/v7e-m+fp/hard\libg.a(lib_a-freer.o)
                0x0000b5f8                _malloc_trim_r
 .text._free_r  0x0000b698      0x208 c:/progra~3/matlab/supportpackages/r2022a/3p.instrset/gnuarm-armcortex.instrset/win/bin/../lib/gcc/arm-none-eabi/9.3.1/../../../../arm-none-eabi/lib/thumb/v7e-m+fp/hard\libg.a(lib_a-freer.o)
                0x0000b698                _free_r
 .text.__sfvwrite_r
                0x0000b8a0      0x2e0 c:/progra~3/matlab/supportpackages/r2022a/3p.instrset/gnuarm-armcortex.instrset/win/bin/../lib/gcc/arm-none-eabi/9.3.1/../../../../arm-none-eabi/lib/thumb/v7e-m+fp/hard\libg.a(lib_a-fvwrite.o)
                0x0000b8a0                __sfvwrite_r
 .text._fwalk_reent
                0x0000bb80       0x48 c:/progra~3/matlab/supportpackages/r2022a/3p.instrset/gnuarm-armcortex.instrset/win/bin/../lib/gcc/arm-none-eabi/9.3.1/../../../../arm-none-eabi/lib/thumb/v7e-m+fp/hard\libg.a(lib_a-fwalk.o)
                0x0000bb80                _fwalk_reent
 .text.__locale_mb_cur_max
                0x0000bbc8        0xc c:/progra~3/matlab/supportpackages/r2022a/3p.instrset/gnuarm-armcortex.instrset/win/bin/../lib/gcc/arm-none-eabi/9.3.1/../../../../arm-none-eabi/lib/thumb/v7e-m+fp/hard\libg.a(lib_a-locale.o)
                0x0000bbc8                __locale_mb_cur_max
 .text._localeconv_r
                0x0000bbd4        0x8 c:/progra~3/matlab/supportpackages/r2022a/3p.instrset/gnuarm-armcortex.instrset/win/bin/../lib/gcc/arm-none-eabi/9.3.1/../../../../arm-none-eabi/lib/thumb/v7e-m+fp/hard\libg.a(lib_a-localeconv.o)
                0x0000bbd4                _localeconv_r
 .text.__retarget_lock_init_recursive
                0x0000bbdc        0x4 c:/progra~3/matlab/supportpackages/r2022a/3p.instrset/gnuarm-armcortex.instrset/win/bin/../lib/gcc/arm-none-eabi/9.3.1/../../../../arm-none-eabi/lib/thumb/v7e-m+fp/hard\libg.a(lib_a-lock.o)
                0x0000bbdc                __retarget_lock_init_recursive
 .text.__retarget_lock_close_recursive
                0x0000bbe0        0x4 c:/progra~3/matlab/supportpackages/r2022a/3p.instrset/gnuarm-armcortex.instrset/win/bin/../lib/gcc/arm-none-eabi/9.3.1/../../../../arm-none-eabi/lib/thumb/v7e-m+fp/hard\libg.a(lib_a-lock.o)
                0x0000bbe0                __retarget_lock_close_recursive
 .text.__retarget_lock_acquire_recursive
                0x0000bbe4        0x4 c:/progra~3/matlab/supportpackages/r2022a/3p.instrset/gnuarm-armcortex.instrset/win/bin/../lib/gcc/arm-none-eabi/9.3.1/../../../../arm-none-eabi/lib/thumb/v7e-m+fp/hard\libg.a(lib_a-lock.o)
                0x0000bbe4                __retarget_lock_acquire_recursive
 .text.__retarget_lock_release_recursive
                0x0000bbe8        0x4 c:/progra~3/matlab/supportpackages/r2022a/3p.instrset/gnuarm-armcortex.instrset/win/bin/../lib/gcc/arm-none-eabi/9.3.1/../../../../arm-none-eabi/lib/thumb/v7e-m+fp/hard\libg.a(lib_a-lock.o)
                0x0000bbe8                __retarget_lock_release_recursive
 .text.__swhatbuf_r
                0x0000bbec       0x5c c:/progra~3/matlab/supportpackages/r2022a/3p.instrset/gnuarm-armcortex.instrset/win/bin/../lib/gcc/arm-none-eabi/9.3.1/../../../../arm-none-eabi/lib/thumb/v7e-m+fp/hard\libg.a(lib_a-makebuf.o)
                0x0000bbec                __swhatbuf_r
 .text.__smakebuf_r
                0x0000bc48       0x98 c:/progra~3/matlab/supportpackages/r2022a/3p.instrset/gnuarm-armcortex.instrset/win/bin/../lib/gcc/arm-none-eabi/9.3.1/../../../../arm-none-eabi/lib/thumb/v7e-m+fp/hard\libg.a(lib_a-makebuf.o)
                0x0000bc48                __smakebuf_r
 .text.__ascii_mbtowc
                0x0000bce0       0x2c c:/progra~3/matlab/supportpackages/r2022a/3p.instrset/gnuarm-armcortex.instrset/win/bin/../lib/gcc/arm-none-eabi/9.3.1/../../../../arm-none-eabi/lib/thumb/v7e-m+fp/hard\libg.a(lib_a-mbtowc_r.o)
                0x0000bce0                __ascii_mbtowc
 .text.memmove  0x0000bd0c       0xd8 c:/progra~3/matlab/supportpackages/r2022a/3p.instrset/gnuarm-armcortex.instrset/win/bin/../lib/gcc/arm-none-eabi/9.3.1/../../../../arm-none-eabi/lib/thumb/v7e-m+fp/hard\libg.a(lib_a-memmove.o)
                0x0000bd0c                memmove
 .text._realloc_r
                0x0000bde4      0x3e0 c:/progra~3/matlab/supportpackages/r2022a/3p.instrset/gnuarm-armcortex.instrset/win/bin/../lib/gcc/arm-none-eabi/9.3.1/../../../../arm-none-eabi/lib/thumb/v7e-m+fp/hard\libg.a(lib_a-reallocr.o)
                0x0000bde4                _realloc_r
 .text.__sread  0x0000c1c4       0x24 c:/progra~3/matlab/supportpackages/r2022a/3p.instrset/gnuarm-armcortex.instrset/win/bin/../lib/gcc/arm-none-eabi/9.3.1/../../../../arm-none-eabi/lib/thumb/v7e-m+fp/hard\libg.a(lib_a-stdio.o)
                0x0000c1c4                __sread
 .text.__swrite
                0x0000c1e8       0x40 c:/progra~3/matlab/supportpackages/r2022a/3p.instrset/gnuarm-armcortex.instrset/win/bin/../lib/gcc/arm-none-eabi/9.3.1/../../../../arm-none-eabi/lib/thumb/v7e-m+fp/hard\libg.a(lib_a-stdio.o)
                0x0000c1e8                __swrite
 .text.__sseek  0x0000c228       0x20 c:/progra~3/matlab/supportpackages/r2022a/3p.instrset/gnuarm-armcortex.instrset/win/bin/../lib/gcc/arm-none-eabi/9.3.1/../../../../arm-none-eabi/lib/thumb/v7e-m+fp/hard\libg.a(lib_a-stdio.o)
                0x0000c228                __sseek
 .text.__sclose