Archive member included to satisfy reference by file (symbol)

C:/ProgramData/MATLAB/SupportPackages/R2022a/3P.instrset/cmsis.instrset/CMSIS/RTOS/RTX/LIB/GCC/libRTX_CM4.a(rt_cmsis.o)
                              RTX_Conf_CM.o (osKernelInitialize)
C:/ProgramData/MATLAB/SupportPackages/R2022a/3P.instrset/cmsis.instrset/CMSIS/RTOS/RTX/LIB/GCC/libRTX_CM4.a(hal_cm.o)
                              C:/ProgramData/MATLAB/SupportPackages/R2022a/3P.instrset/cmsis.instrset/CMSIS/RTOS/RTX/LIB/GCC/libRTX_CM4.a(rt_cmsis.o) (rt_ret_val)
C:/ProgramData/MATLAB/SupportPackages/R2022a/3P.instrset/cmsis.instrset/CMSIS/RTOS/RTX/LIB/GCC/libRTX_CM4.a(rt_memory.o)
                              C:/ProgramData/MATLAB/SupportPackages/R2022a/3P.instrset/cmsis.instrset/CMSIS/RTOS/RTX/LIB/GCC/libRTX_CM4.a(rt_cmsis.o) (rt_init_mem)
C:/ProgramData/MATLAB/SupportPackages/R2022a/3P.instrset/cmsis.instrset/CMSIS/RTOS/RTX/LIB/GCC/libRTX_CM4.a(rt_membox.o)
                              C:/ProgramData/MATLAB/SupportPackages/R2022a/3P.instrset/cmsis.instrset/CMSIS/RTOS/RTX/LIB/GCC/libRTX_CM4.a(rt_cmsis.o) (_init_box)
C:/ProgramData/MATLAB/SupportPackages/R2022a/3P.instrset/cmsis.instrset/CMSIS/RTOS/RTX/LIB/GCC/libRTX_CM4.a(rt_mutex.o)
                              C:/ProgramData/MATLAB/SupportPackages/R2022a/3P.instrset/cmsis.instrset/CMSIS/RTOS/RTX/LIB/GCC/libRTX_CM4.a(rt_cmsis.o) (rt_mut_init)
C:/ProgramData/MATLAB/SupportPackages/R2022a/3P.instrset/cmsis.instrset/CMSIS/RTOS/RTX/LIB/GCC/libRTX_CM4.a(rt_time.o)
                              C:/ProgramData/MATLAB/SupportPackages/R2022a/3P.instrset/cmsis.instrset/CMSIS/RTOS/RTX/LIB/GCC/libRTX_CM4.a(rt_cmsis.o) (os_time)
C:/ProgramData/MATLAB/SupportPackages/R2022a/3P.instrset/cmsis.instrset/CMSIS/RTOS/RTX/LIB/GCC/libRTX_CM4.a(rt_semaphore.o)
                              C:/ProgramData/MATLAB/SupportPackages/R2022a/3P.instrset/cmsis.instrset/CMSIS/RTOS/RTX/LIB/GCC/libRTX_CM4.a(rt_cmsis.o) (rt_sem_init)
C:/ProgramData/MATLAB/SupportPackages/R2022a/3P.instrset/cmsis.instrset/CMSIS/RTOS/RTX/LIB/GCC/libRTX_CM4.a(rt_mailbox.o)
                              C:/ProgramData/MATLAB/SupportPackages/R2022a/3P.instrset/cmsis.instrset/CMSIS/RTOS/RTX/LIB/GCC/libRTX_CM4.a(rt_cmsis.o) (rt_mbx_init)
C:/ProgramData/MATLAB/SupportPackages/R2022a/3P.instrset/cmsis.instrset/CMSIS/RTOS/RTX/LIB/GCC/libRTX_CM4.a(rt_list.o)
                              C:/ProgramData/MATLAB/SupportPackages/R2022a/3P.instrset/cmsis.instrset/CMSIS/RTOS/RTX/LIB/GCC/libRTX_CM4.a(rt_cmsis.o) (rt_put_prio)
C:/ProgramData/MATLAB/SupportPackages/R2022a/3P.instrset/cmsis.instrset/CMSIS/RTOS/RTX/LIB/GCC/libRTX_CM4.a(rt_event.o)
                              C:/ProgramData/MATLAB/SupportPackages/R2022a/3P.instrset/cmsis.instrset/CMSIS/RTOS/RTX/LIB/GCC/libRTX_CM4.a(rt_cmsis.o) (rt_evt_wait)
C:/ProgramData/MATLAB/SupportPackages/R2022a/3P.instrset/cmsis.instrset/CMSIS/RTOS/RTX/LIB/GCC/libRTX_CM4.a(rt_system.o)
                              C:/ProgramData/MATLAB/SupportPackages/R2022a/3P.instrset/cmsis.instrset/CMSIS/RTOS/RTX/LIB/GCC/libRTX_CM4.a(rt_cmsis.o) (rt_suspend)
C:/ProgramData/MATLAB/SupportPackages/R2022a/3P.instrset/cmsis.instrset/CMSIS/RTOS/RTX/LIB/GCC/libRTX_CM4.a(rt_task.o)
                              C:/ProgramData/MATLAB/SupportPackages/R2022a/3P.instrset/cmsis.instrset/CMSIS/RTOS/RTX/LIB/GCC/libRTX_CM4.a(rt_system.o) (rt_switch_req)
C:/ProgramData/MATLAB/SupportPackages/R2022a/3P.instrset/cmsis.instrset/CMSIS/RTOS/RTX/LIB/GCC/libRTX_CM4.a(hal_cm4.o)
                              C:/ProgramData/MATLAB/SupportPackages/R2022a/3P.instrset/cmsis.instrset/CMSIS/RTOS/RTX/LIB/GCC/libRTX_CM4.a(rt_task.o) (rt_get_PSP)
C:/ProgramData/MATLAB/SupportPackages/R2022a/3P.instrset/cmsis.instrset/CMSIS/RTOS/RTX/LIB/GCC/libRTX_CM4.a(svc_table.o)
                              C:/ProgramData/MATLAB/SupportPackages/R2022a/3P.instrset/cmsis.instrset/CMSIS/RTOS/RTX/LIB/GCC/libRTX_CM4.a(hal_cm4.o) (SVC_Table)
C:/ProgramData/MATLAB/SupportPackages/R2022a/3P.instrset/cmsis.instrset/CMSIS/RTOS/RTX/LIB/GCC/libRTX_CM4.a(rt_robin.o)
                              C:/ProgramData/MATLAB/SupportPackages/R2022a/3P.instrset/cmsis.instrset/CMSIS/RTOS/RTX/LIB/GCC/libRTX_CM4.a(rt_system.o) (os_robin)
C:/ProgramData/MATLAB/SupportPackages/R2022a/toolbox/target/supportpackages/freedomk64f/src/ksdk_armgcc_lib/bm/libksdk_platform.a(fsl_os_abstraction_bm.o)
                              hardware_init.o (OSA_Init)
C:/ProgramData/MATLAB/SupportPackages/R2022a/toolbox/target/supportpackages/freedomk64f/src/ksdk_armgcc_lib/bm/libksdk_platform.a(fsl_clock_manager.o)
                              board.o (CLOCK_SYS_OscInit)
C:/ProgramData/MATLAB/SupportPackages/R2022a/toolbox/target/supportpackages/freedomk64f/src/ksdk_armgcc_lib/bm/libksdk_platform.a(fsl_clock_manager_common.o)
                              C:/ProgramData/MATLAB/SupportPackages/R2022a/toolbox/target/supportpackages/freedomk64f/src/ksdk_armgcc_lib/bm/libksdk_platform.a(fsl_clock_manager.o) (g_oscBase)
[...]
Memory Configuration

Name             Origin             Length             Attributes
m_interrupts     0x00000000         0x00000400         xr
m_flash_config   0x00000400         0x00000010         xr
m_text           0x00000410         0x000ffbf0         xr
m_data_2         0x1fff0000         0x00010000         rw
m_data           0x20000000         0x00030000         rw
*default*        0x00000000         0xffffffff

Linker script and memory map

LOAD c:/progra~3/matlab/supportpackages/r2022a/3p.instrset/gnuarm-armcortex.instrset/win/bin/../lib/gcc/arm-none-eabi/9.3.1/thumb/v7e-m+fp/hard/crti.o
LOAD c:/progra~3/matlab/supportpackages/r2022a/3p.instrset/gnuarm-armcortex.instrset/win/bin/../lib/gcc/arm-none-eabi/9.3.1/thumb/v7e-m+fp/hard/crtbegin.o
LOAD c:/progra~3/matlab/supportpackages/r2022a/3p.instrset/gnuarm-armcortex.instrset/win/bin/../lib/gcc/arm-none-eabi/9.3.1/../../../../arm-none-eabi/lib/thumb/v7e-m+fp/hard/crt0.o
LOAD MW_digitalIO.o
LOAD mw_sdk_interface.o
LOAD MW_PWM.o
LOAD ert_main.o
LOAD AAI.o
LOAD AAI_data.o
LOAD startup.o
LOAD system_MK64F12.o
LOAD startup_MK64F12.o
LOAD board.o
LOAD hardware_init.o
LOAD pin_mux.o
LOAD fsl_misc_utilities.o
LOAD fsl_edma_irq.o
LOAD fsl_uart_irq.o
LOAD irq_stub.o
LOAD sbrk.o
LOAD cmsis_rtos_init.o
LOAD RTX_Conf_CM.o
LOAD mw_thread.o
LOAD mw_semaphore.o
LOAD mw_timer.o
LOAD mw_signal.o
LOAD C:/ProgramData/MATLAB/SupportPackages/R2022a/3P.instrset/cmsis.instrset/CMSIS/DSP/Lib/GCC/libarm_cortexM4lf_math.a
LOAD C:/ProgramData/MATLAB/SupportPackages/R2022a/3P.instrset/cmsis.instrset/CMSIS/RTOS/RTX/LIB/GCC/libRTX_CM4.a
LOAD C:/ProgramData/MATLAB/SupportPackages/R2022a/toolbox/target/supportpackages/freedomk64f/src/ksdk_armgcc_lib/bm/libksdk_platform.a
LOAD c:/progra~3/matlab/supportpackages/r2022a/3p.instrset/gnuarm-armcortex.instrset/win/bin/../lib/gcc/arm-none-eabi/9.3.1/../../../../arm-none-eabi/lib/thumb/v7e-m+fp/hard\libstdc++.a
LOAD c:/progra~3/matlab/supportpackages/r2022a/3p.instrset/gnuarm-armcortex.instrset/win/bin/../lib/gcc/arm-none-eabi/9.3.1/../../../../arm-none-eabi/lib/thumb/v7e-m+fp/hard\libm.a
START GROUP
LOAD c:/progra~3/matlab/supportpackages/r2022a/3p.instrset/gnuarm-armcortex.instrset/win/bin/../lib/gcc/arm-none-eabi/9.3.1/thumb/v7e-m+fp/hard\libgcc.a
LOAD c:/progra~3/matlab/supportpackages/r2022a/3p.instrset/gnuarm-armcortex.instrset/win/bin/../lib/gcc/arm-none-eabi/9.3.1/../../../../arm-none-eabi/lib/thumb/v7e-m+fp/hard\libg.a
LOAD c:/progra~3/matlab/supportpackages/r2022a/3p.instrset/gnuarm-armcortex.instrset/win/bin/../lib/gcc/arm-none-eabi/9.3.1/../../../../arm-none-eabi/lib/thumb/v7e-m+fp/hard\libc.a
END GROUP
START GROUP
LOAD c:/progra~3/matlab/supportpackages/r2022a/3p.instrset/gnuarm-armcortex.instrset/win/bin/../lib/gcc/arm-none-eabi/9.3.1/thumb/v7e-m+fp/hard\libgcc.a
LOAD c:/progra~3/matlab/supportpackages/r2022a/3p.instrset/gnuarm-armcortex.instrset/win/bin/../lib/gcc/arm-none-eabi/9.3.1/../../../../arm-none-eabi/lib/thumb/v7e-m+fp/hard\libc.a
LOAD c:/progra~3/matlab/supportpackages/r2022a/3p.instrset/gnuarm-armcortex.instrset/win/bin/../lib/gcc/arm-none-eabi/9.3.1/../../../../arm-none-eabi/lib/thumb/v7e-m+fp/hard\libnosys.a
END GROUP
LOAD c:/progra~3/matlab/supportpackages/r2022a/3p.instrset/gnuarm-armcortex.instrset/win/bin/../lib/gcc/arm-none-eabi/9.3.1/thumb/v7e-m+fp/hard/crtend.o
LOAD c:/progra~3/matlab/supportpackages/r2022a/3p.instrset/gnuarm-armcortex.instrset/win/bin/../lib/gcc/arm-none-eabi/9.3.1/thumb/v7e-m+fp/hard/crtn.o
                0x00000400                HEAP_SIZE = DEFINED (__heap_size__)?__heap_size__:0x400
                0x00000400                STACK_SIZE = DEFINED (__stack_size__)?__stack_size__:0x400
                0x00000000                M_VECTOR_RAM_SIZE = DEFINED (__ram_vector_table__)?0x400:0x0

.interrupts     0x00000000      0x400
                0x00000000                __VECTOR_TABLE = .
                0x00000000                . = ALIGN (0x4)
 *(.isr_vector)
 .isr_vector    0x00000000      0x400 startup_MK64F12.o
                0x00000000                __isr_vector
                0x00000400                . = ALIGN (0x4)

.flash_config   0x00000400       0x10
                0x00000400                . = ALIGN (0x4)
 *(.FlashConfig)
 .FlashConfig   0x00000400       0x10 startup_MK64F12.o
                0x00000410                . = ALIGN (0x4)

.text           0x00000440     0xa50c
                0x00000440                . = ALIGN (0x4)
 *(.text)
 .text          0x00000440       0x40 c:/progra~3/matlab/supportpackages/r2022a/3p.instrset/gnuarm-armcortex.instrset/win/bin/../lib/gcc/arm-none-eabi/9.3.1/thumb/v7e-m+fp/hard/crtbegin.o
 .text          0x00000480       0x7c c:/progra~3/matlab/supportpackages/r2022a/3p.instrset/gnuarm-armcortex.instrset/win/bin/../lib/gcc/arm-none-eabi/9.3.1/../../../../arm-none-eabi/lib/thumb/v7e-m+fp/hard/crt0.o
                0x00000480                _stack_init
                0x00000488                _start
                0x00000488                _mainCRTStartup
 .text          0x000004fc       0x14 startup_MK64F12.o
                0x000004fc                Reset_Handler
                0x0000050c                ENET_Receive_IRQHandler
                0x0000050c                ENET_1588_Timer_IRQHandler
                0x0000050c                DefaultISR
                0x0000050c                PIT2_IRQHandler
                0x0000050c                PIT0_IRQHandler
                0x0000050c                ENET_Error_IRQHandler
                0x0000050c                PIT3_IRQHandler
                0x0000050c                SDHC_IRQHandler
                0x0000050c                ENET_Transmit_IRQHandler
                0x0000050c                PIT1_IRQHandler
 .text          0x00000510      0x198 C:/ProgramData/MATLAB/SupportPackages/R2022a/3P.instrset/cmsis.instrset/CMSIS/RTOS/RTX/LIB/GCC/libRTX_CM4.a(hal_cm4.o)
                0x00000510                rt_set_PSP
                0x00000516                rt_get_PSP
                0x0000051c                os_set_env
                0x00000534                _alloc_box
                0x00000550                _free_box
                0x0000056c                SVC_Handler
                0x00000612                PendSV_Handler
                0x00000618                Sys_Switch
                0x00000672                SysTick_Handler
                0x0000067c                OS_Tick_Handler
 .text          0x000006a8      0x378 c:/progra~3/matlab/supportpackages/r2022a/3p.instrset/gnuarm-armcortex.instrset/win/bin/../lib/gcc/arm-none-eabi/9.3.1/thumb/v7e-m+fp/hard\libgcc.a(_arm_addsubdf3.o)
                0x000006a8                __aeabi_drsub
                0x000006b0                __aeabi_dsub
                0x000006b0                __subdf3
                0x000006b4                __aeabi_dadd
                0x000006b4                __adddf3
                0x0000092c                __floatunsidf
                0x0000092c                __aeabi_ui2d
                0x0000094c                __floatsidf
                0x0000094c                __aeabi_i2d
                0x00000970                __aeabi_f2d
                0x00000970                __extendsfdf2
                0x000009b4                __floatundidf
                0x000009b4                __aeabi_ul2d
                0x000009c4                __floatdidf
                0x000009c4                __aeabi_l2d
 .text          0x00000a20      0x424 c:/progra~3/matlab/supportpackages/r2022a/3p.instrset/gnuarm-armcortex.instrset/win/bin/../lib/gcc/arm-none-eabi/9.3.1/thumb/v7e-m+fp/hard\libgcc.a(_arm_muldivdf3.o)
                0x00000a20                __aeabi_dmul
                0x00000a20                __muldf3
                0x00000c74                __divdf3
                0x00000c74                __aeabi_ddiv
 .text          0x00000e44      0x110 c:/progra~3/matlab/supportpackages/r2022a/3p.instrset/gnuarm-armcortex.instrset/win/bin/../lib/gcc/arm-none-eabi/9.3.1/thumb/v7e-m+fp/hard\libgcc.a(_arm_cmpdf2.o)
                0x00000e44                __gtdf2
                0x00000e44                __gedf2
                0x00000e4c                __ltdf2
                0x00000e4c                __ledf2
                0x00000e54                __nedf2
                0x00000e54                __eqdf2
                0x00000e54                __cmpdf2
                0x00000ed0                __aeabi_cdrcmple
                0x00000ee0                __aeabi_cdcmpeq
                0x00000ee0                __aeabi_cdcmple
                0x00000ef0                __aeabi_dcmpeq
                0x00000f04                __aeabi_dcmplt
                0x00000f18                __aeabi_dcmple
                0x00000f2c                __aeabi_dcmpge
                0x00000f40                __aeabi_dcmpgt
 .text          0x00000f54       0x40 c:/progra~3/matlab/supportpackages/r2022a/3p.instrset/gnuarm-armcortex.instrset/win/bin/../lib/gcc/arm-none-eabi/9.3.1/thumb/v7e-m+fp/hard\libgcc.a(_arm_fixunsdfsi.o)
                0x00000f54                __aeabi_d2uiz
                0x00000f54                __fixunsdfsi
 .text          0x00000f94       0x30 c:/progra~3/matlab/supportpackages/r2022a/3p.instrset/gnuarm-armcortex.instrset/win/bin/../lib/gcc/arm-none-eabi/9.3.1/thumb/v7e-m+fp/hard\libgcc.a(_aeabi_uldivmod.o)
                0x00000f94                __aeabi_uldivmod
 .text          0x00000fc4      0x2c4 c:/progra~3/matlab/supportpackages/r2022a/3p.instrset/gnuarm-armcortex.instrset/win/bin/../lib/gcc/arm-none-eabi/9.3.1/thumb/v7e-m+fp/hard\libgcc.a(_udivmoddi4.o)
                0x00000fc4                __udivmoddi4
 .text          0x00001288      0x9b8 c:/progra~3/matlab/supportpackages/r2022a/3p.instrset/gnuarm-armcortex.instrset/win/bin/../lib/gcc/arm-none-eabi/9.3.1/thumb/v7e-m+fp/hard\libgcc.a(unwind-arm.o)
                0x00001530                _Unwind_GetCFA
                0x00001534                __gnu_Unwind_RaiseException
                0x00001594                __gnu_Unwind_ForcedUnwind
                0x000015a8                __gnu_Unwind_Resume
                0x000015ec                __gnu_Unwind_Resume_or_Rethrow
                0x000015fc                _Unwind_Complete
                0x00001600                _Unwind_DeleteException
                0x0000160c                _Unwind_VRS_Get
                0x00001654                _Unwind_VRS_Set
                0x0000169c                __gnu_Unwind_Backtrace
                0x000019bc                __aeabi_unwind_cpp_pr0
                0x000019c0                __aeabi_unwind_cpp_pr1
                0x000019c4                __aeabi_unwind_cpp_pr2
                0x000019c8                _Unwind_VRS_Pop
 .text          0x00001c40      0x1ac c:/progra~3/matlab/supportpackages/r2022a/3p.instrset/gnuarm-armcortex.instrset/win/bin/../lib/gcc/arm-none-eabi/9.3.1/thumb/v7e-m+fp/hard\libgcc.a(libunwind.o)
                0x00001c40                __restore_core_regs
                0x00001c40                restore_core_regs
                0x00001c58                __gnu_Unwind_Restore_VFP
                0x00001c60                __gnu_Unwind_Save_VFP
                0x00001c68                __gnu_Unwind_Restore_VFP_D
                0x00001c70                __gnu_Unwind_Save_VFP_D
                0x00001c78                __gnu_Unwind_Restore_VFP_D_16_to_31
                0x00001c80                __gnu_Unwind_Save_VFP_D_16_to_31
                0x00001c88                __gnu_Unwind_Restore_WMMXD
                0x00001ccc                __gnu_Unwind_Save_WMMXD
                0x00001d10                __gnu_Unwind_Restore_WMMXC
                0x00001d24                __gnu_Unwind_Save_WMMXC
                0x00001d38                ___Unwind_RaiseException
                0x00001d38                _Unwind_RaiseException
                0x00001d5c                _Unwind_Resume
                0x00001d5c                ___Unwind_Resume
                0x00001d80                _Unwind_Resume_or_Rethrow
                0x00001d80                ___Unwind_Resume_or_Rethrow
                0x00001da4                _Unwind_ForcedUnwind
                0x00001da4                ___Unwind_ForcedUnwind
                0x00001dc8                ___Unwind_Backtrace
                0x00001dc8                _Unwind_Backtrace
 .text          0x00001dec      0x340 c:/progra~3/matlab/supportpackages/r2022a/3p.instrset/gnuarm-armcortex.instrset/win/bin/../lib/gcc/arm-none-eabi/9.3.1/thumb/v7e-m+fp/hard\libgcc.a(pr-support.o)
                0x00001e44                __gnu_unwind_execute
                0x000020e0                __gnu_unwind_frame
                0x0000210c                _Unwind_GetRegionStart
                0x00002118                _Unwind_GetLanguageSpecificData
 .text          0x0000212c        0x4 c:/progra~3/matlab/supportpackages/r2022a/3p.instrset/gnuarm-armcortex.instrset/win/bin/../lib/gcc/arm-none-eabi/9.3.1/thumb/v7e-m+fp/hard\libgcc.a(_dvmd_tls.o)
                0x0000212c                __aeabi_idiv0
                0x0000212c                __aeabi_ldiv0
 .text          0x00002130      0x134 c:/progra~3/matlab/supportpackages/r2022a/3p.instrset/gnuarm-armcortex.instrset/win/bin/../lib/gcc/arm-none-eabi/9.3.1/../../../../arm-none-eabi/lib/thumb/v7e-m+fp/hard\libg.a(lib_a-memcpy.o)
                0x00002130                memcpy
 *fill*         0x00002264        0xc 
 .text          0x00002270       0xa0 c:/progra~3/matlab/supportpackages/r2022a/3p.instrset/gnuarm-armcortex.instrset/win/bin/../lib/gcc/arm-none-eabi/9.3.1/../../../../arm-none-eabi/lib/thumb/v7e-m+fp/hard\libg.a(lib_a-memchr.o)
                0x00002270                memchr
 *fill*         0x00002310       0x30 
 .text          0x00002340       0xdc c:/progra~3/matlab/supportpackages/r2022a/3p.instrset/gnuarm-armcortex.instrset/win/bin/../lib/gcc/arm-none-eabi/9.3.1/../../../../arm-none-eabi/lib/thumb/v7e-m+fp/hard\libg.a(lib_a-strlen.o)
                0x00002340                strlen
 *(.text*)
 .text.MW_digitalIO_open
                0x0000241c       0xe0 MW_digitalIO.o
                0x0000241c                MW_digitalIO_open
 .text.MW_digitalIO_read
                0x000024fc       0x70 MW_digitalIO.o
                0x000024fc                MW_digitalIO_read
 .text.MW_digitalIO_write
                0x0000256c       0x7e MW_digitalIO.o
                0x0000256c                MW_digitalIO_write
 .text.MW_digitalIO_close
                0x000025ea       0x3c MW_digitalIO.o
                0x000025ea                MW_digitalIO_close
 *fill*         0x00002626        0x2 
 .text.PORT_HAL_SetMuxMode
                0x00002628       0x58 MW_PWM.o
 .text.FTM_HAL_SetClockSource
                0x00002680       0x2e MW_PWM.o
 *fill*         0x000026ae        0x2 
 .text.MW_PWM_Open
                0x000026b0      0x164 MW_PWM.o
                0x000026b0                MW_PWM_Open
 .text.MW_PWM_Start
                0x00002814       0x14 MW_PWM.o
                0x00002814                MW_PWM_Start
 .text.MW_PWM_SetDutyCycle
                0x00002828       0x7c MW_PWM.o
                0x00002828                MW_PWM_SetDutyCycle
 .text.MW_PWM_Stop
                0x000028a4       0x2c MW_PWM.o
                0x000028a4                MW_PWM_Stop
 .text.MW_PWM_Close
                0x000028d0       0x14 MW_PWM.o
                0x000028d0                MW_PWM_Close
 .text.baseRateTask
                0x000028e4       0x7c ert_main.o
                0x000028e4                baseRateTask
 .text.terminateTask
                0x00002960       0x34 ert_main.o
                0x00002960                terminateTask
 .text.main     0x00002994       0x48 ert_main.o
                0x00002994                main
 *fill*         0x000029dc        0x4 
 .text.AAI_step
                0x000029e0      0x3a8 AAI.o
                0x000029e0                AAI_step
 .text.AAI_initialize
                0x00002d88      0x3ec AAI.o
                0x00002d88                AAI_initialize
 .text.AAI_terminate
                0x00003174      0x1fc AAI.o
                0x00003174                AAI_terminate
 .text.init_data_bss
                0x00003370       0xd0 startup.o
                0x00003370                init_data_bss
 .text.SystemInit
                0x00003440      0x1dc system_MK64F12.o
                0x00003440                SystemInit
 .text.SystemCoreClockUpdate
                0x0000361c      0x290 system_MK64F12.o
                0x0000361c                SystemCoreClockUpdate
 .text.PORT_HAL_SetMuxMode
                0x000038ac       0x58 board.o
 .text.SMC_HAL_SetProtection
                0x00003904       0x1e board.o
 *fill*         0x00003922        0x2 
 .text.BOARD_InitOsc0
                0x00003924       0x30 board.o
                0x00003924                BOARD_InitOsc0
 .text.BOARD_InitRtcOsc
                0x00003954       0x28 board.o
                0x00003954                BOARD_InitRtcOsc
 .text.BOARD_ClockInit
                0x0000397c       0x34 board.o
                0x0000397c                BOARD_ClockInit
 .text.hardware_init
                0x000039b0       0x30 hardware_init.o
                0x000039b0                hardware_init
 .text.DMA0_IRQHandler
                0x000039e0        0xe fsl_edma_irq.o
                0x000039e0                DMA0_IRQHandler
 .text.DMA1_IRQHandler
                0x000039ee        0xe fsl_edma_irq.o
                0x000039ee                DMA1_IRQHandler
 .text.DMA2_IRQHandler
                0x000039fc        0xe fsl_edma_irq.o
                0x000039fc                DMA2_IRQHandler
 .text.DMA3_IRQHandler
                0x00003a0a        0xe fsl_edma_irq.o
                0x00003a0a                DMA3_IRQHandler
 .text.DMA4_IRQHandler
                0x00003a18        0xe fsl_edma_irq.o
                0x00003a18                DMA4_IRQHandler
 .text.DMA5_IRQHandler
                0x00003a26        0xe fsl_edma_irq.o
                0x00003a26                DMA5_IRQHandler
 .text.DMA6_IRQHandler
                0x00003a34        0xe fsl_edma_irq.o
                0x00003a34                DMA6_IRQHandler
 .text.DMA7_IRQHandler
                0x00003a42        0xe fsl_edma_irq.o
                0x00003a42                DMA7_IRQHandler
 .text.DMA8_IRQHandler
                0x00003a50        0xe fsl_edma_irq.o
                0x00003a50                DMA8_IRQHandler
 .text.DMA9_IRQHandler
                0x00003a5e        0xe fsl_edma_irq.o
                0x00003a5e                DMA9_IRQHandler
 .text.DMA10_IRQHandler
                0x00003a6c        0xe fsl_edma_irq.o
                0x00003a6c                DMA10_IRQHandler
 .text.DMA11_IRQHandler
                0x00003a7a        0xe fsl_edma_irq.o
                0x00003a7a                DMA11_IRQHandler
 .text.DMA12_IRQHandler
                0x00003a88        0xe fsl_edma_irq.o
                0x00003a88                DMA12_IRQHandler
 .text.DMA13_IRQHandler
                0x00003a96        0xe fsl_edma_irq.o
                0x00003a96                DMA13_IRQHandler
 .text.DMA14_IRQHandler
                0x00003aa4        0xe fsl_edma_irq.o
                0x00003aa4                DMA14_IRQHandler
 .text.DMA15_IRQHandler
                0x00003ab2        0xe fsl_edma_irq.o
                0x00003ab2                DMA15_IRQHandler
 .text.DMA_Error_IRQHandler
                0x00003ac0        0xe fsl_edma_irq.o
                0x00003ac0                DMA_Error_IRQHandler
 .text.UART0_RX_TX_IRQHandler
                0x00003ace        0xe fsl_uart_irq.o
                0x00003ace                UART0_RX_TX_IRQHandler
 .text.UART1_RX_TX_IRQHandler
                0x00003adc        0xe fsl_uart_irq.o
                0x00003adc                UART1_RX_TX_IRQHandler
 .text.UART2_RX_TX_IRQHandler
                0x00003aea        0xe fsl_uart_irq.o
                0x00003aea                UART2_RX_TX_IRQHandler
 .text.UART3_RX_TX_IRQHandler
                0x00003af8        0xe fsl_uart_irq.o
                0x00003af8                UART3_RX_TX_IRQHandler
 .text.UART4_RX_TX_IRQHandler
                0x00003b06        0xe fsl_uart_irq.o
                0x00003b06                UART4_RX_TX_IRQHandler
 .text.UART5_RX_TX_IRQHandler
                0x00003b14        0xe fsl_uart_irq.o
                0x00003b14                UART5_RX_TX_IRQHandler
 .text.NMI_Handler
                0x00003b22        0x6 irq_stub.o
                0x00003b22                NMI_Handler
 .text.HardFault_Handler
                0x00003b28        0x6 irq_stub.o
                0x00003b28                HardFault_Handler
 .text.MemManage_Handler
                0x00003b2e        0x6 irq_stub.o
                0x00003b2e                MemManage_Handler
 .text.BusFault_Handler
                0x00003b34        0x6 irq_stub.o
                0x00003b34                BusFault_Handler
 .text.UsageFault_Handler
                0x00003b3a        0x6 irq_stub.o
                0x00003b3a                UsageFault_Handler
 .text.DebugMon_Handler
                0x00003b40        0x6 irq_stub.o
                0x00003b40                DebugMon_Handler
 .text.MCM_IRQHandler
                0x00003b46        0x6 irq_stub.o
                0x00003b46                MCM_IRQHandler
 .text.FTFE_IRQHandler
                0x00003b4c        0x6 irq_stub.o
                0x00003b4c                FTFE_IRQHandler
 .text.Read_Collision_IRQHandler
                0x00003b52        0x6 irq_stub.o
                0x00003b52                Read_Collision_IRQHandler
 .text.LVD_LVW_IRQHandler
                0x00003b58        0x6 irq_stub.o
                0x00003b58                LVD_LVW_IRQHandler
 .text.LLWU_IRQHandler
                0x00003b5e        0x6 irq_stub.o
                0x00003b5e                LLWU_IRQHandler
 .text.WDOG_EWM_IRQHandler
                0x00003b64        0x6 irq_stub.o
                0x00003b64                WDOG_EWM_IRQHandler
 .text.RNG_IRQHandler
                0x00003b6a        0x6 irq_stub.o
                0x00003b6a                RNG_IRQHandler
 .text.I2C0_IRQHandler
                0x00003b70        0x6 irq_stub.o
                0x00003b70                I2C0_IRQHandler
 .text.I2C1_IRQHandler
                0x00003b76        0x6 irq_stub.o
                0x00003b76                I2C1_IRQHandler
 .text.SPI0_IRQHandler
                0x00003b7c        0x6 irq_stub.o
                0x00003b7c                SPI0_IRQHandler
 .text.SPI1_IRQHandler
                0x00003b82        0x6 irq_stub.o
                0x00003b82                SPI1_IRQHandler
 .text.I2S0_Tx_IRQHandler
                0x00003b88        0x6 irq_stub.o
                0x00003b88                I2S0_Tx_IRQHandler
 .text.I2S0_Rx_IRQHandler
                0x00003b8e        0x6 irq_stub.o
                0x00003b8e                I2S0_Rx_IRQHandler
 .text.UART0_LON_IRQHandler
                0x00003b94        0x6 irq_stub.o
                0x00003b94                UART0_LON_IRQHandler
 .text.UART0_ERR_IRQHandler
                0x00003b9a        0x6 irq_stub.o
                0x00003b9a                UART0_ERR_IRQHandler
 .text.UART1_ERR_IRQHandler
                0x00003ba0        0x6 irq_stub.o
                0x00003ba0                UART1_ERR_IRQHandler
 .text.UART2_ERR_IRQHandler
                0x00003ba6        0x6 irq_stub.o
                0x00003ba6                UART2_ERR_IRQHandler
 .text.UART3_ERR_IRQHandler
                0x00003bac        0x6 irq_stub.o
                0x00003bac                UART3_ERR_IRQHandler
 .text.ADC0_IRQHandler
                0x00003bb2        0x6 irq_stub.o
                0x00003bb2                ADC0_IRQHandler
 .text.CMP0_IRQHandler
                0x00003bb8        0x6 irq_stub.o
                0x00003bb8                CMP0_IRQHandler
 .text.CMP1_IRQHandler
                0x00003bbe        0x6 irq_stub.o
                0x00003bbe                CMP1_IRQHandler
 .text.FTM0_IRQHandler
                0x00003bc4        0x6 irq_stub.o
                0x00003bc4                FTM0_IRQHandler
 .text.FTM1_IRQHandler
                0x00003bca        0x6 irq_stub.o
                0x00003bca                FTM1_IRQHandler
 .text.FTM2_IRQHandler
                0x00003bd0        0x6 irq_stub.o
                0x00003bd0                FTM2_IRQHandler
 .text.CMT_IRQHandler
                0x00003bd6        0x6 irq_stub.o
                0x00003bd6                CMT_IRQHandler
 .text.RTC_IRQHandler
                0x00003bdc        0x6 irq_stub.o
                0x00003bdc                RTC_IRQHandler
 .text.RTC_Seconds_IRQHandler
                0x00003be2        0x6 irq_stub.o
                0x00003be2                RTC_Seconds_IRQHandler
 .text.PDB0_IRQHandler
                0x00003be8        0x6 irq_stub.o
                0x00003be8                PDB0_IRQHandler
 .text.USB0_IRQHandler
                0x00003bee        0x6 irq_stub.o
                0x00003bee                USB0_IRQHandler
 .text.USBDCD_IRQHandler
                0x00003bf4        0x6 irq_stub.o
                0x00003bf4                USBDCD_IRQHandler
 .text.Reserved71_IRQHandler
                0x00003bfa        0x6 irq_stub.o
                0x00003bfa                Reserved71_IRQHandler
 .text.DAC0_IRQHandler
                0x00003c00        0x6 irq_stub.o
                0x00003c00                DAC0_IRQHandler
 .text.MCG_IRQHandler
                0x00003c06        0x6 irq_stub.o
                0x00003c06                MCG_IRQHandler
 .text.LPTMR0_IRQHandler
                0x00003c0c        0x6 irq_stub.o
                0x00003c0c                LPTMR0_IRQHandler
 .text.PORTA_IRQHandler
                0x00003c12        0x6 irq_stub.o
                0x00003c12                PORTA_IRQHandler
 .text.PORTB_IRQHandler
                0x00003c18        0x6 irq_stub.o
                0x00003c18                PORTB_IRQHandler
 .text.PORTC_IRQHandler
                0x00003c1e        0x6 irq_stub.o
                0x00003c1e                PORTC_IRQHandler
 .text.PORTD_IRQHandler
                0x00003c24        0x6 irq_stub.o
                0x00003c24                PORTD_IRQHandler
 .text.PORTE_IRQHandler
                0x00003c2a        0x6 irq_stub.o
                0x00003c2a                PORTE_IRQHandler
 .text.SWI_IRQHandler
                0x00003c30        0x6 irq_stub.o
                0x00003c30                SWI_IRQHandler
 .text.SPI2_IRQHandler
                0x00003c36        0x6 irq_stub.o
                0x00003c36                SPI2_IRQHandler
 .text.UART4_ERR_IRQHandler
                0x00003c3c        0x6 irq_stub.o
                0x00003c3c                UART4_ERR_IRQHandler
 .text.UART5_ERR_IRQHandler
                0x00003c42        0x6 irq_stub.o
                0x00003c42                UART5_ERR_IRQHandler
 .text.CMP2_IRQHandler
                0x00003c48        0x6 irq_stub.o
                0x00003c48                CMP2_IRQHandler
 .text.FTM3_IRQHandler
                0x00003c4e        0x6 irq_stub.o
                0x00003c4e                FTM3_IRQHandler
 .text.DAC1_IRQHandler
                0x00003c54        0x6 irq_stub.o
                0x00003c54                DAC1_IRQHandler
 .text.ADC1_IRQHandler
                0x00003c5a        0x6 irq_stub.o
                0x00003c5a                ADC1_IRQHandler
 .text.I2C2_IRQHandler
                0x00003c60        0x6 irq_stub.o
                0x00003c60                I2C2_IRQHandler
 .text.CAN0_ORed_Message_buffer_IRQHandler
                0x00003c66        0x6 irq_stub.o
                0x00003c66                CAN0_ORed_Message_buffer_IRQHandler
 .text.CAN0_Bus_Off_IRQHandler
                0x00003c6c        0x6 irq_stub.o
                0x00003c6c                CAN0_Bus_Off_IRQHandler
 .text.CAN0_Error_IRQHandler
                0x00003c72        0x6 irq_stub.o
                0x00003c72                CAN0_Error_IRQHandler
 .text.CAN0_Tx_Warning_IRQHandler
                0x00003c78        0x6 irq_stub.o
                0x00003c78                CAN0_Tx_Warning_IRQHandler
 .text.CAN0_Rx_Warning_IRQHandler
                0x00003c7e        0x6 irq_stub.o
                0x00003c7e                CAN0_Rx_Warning_IRQHandler
 .text.CAN0_Wake_Up_IRQHandler
                0x00003c84        0x6 irq_stub.o
                0x00003c84                CAN0_Wake_Up_IRQHandler
 *fill*         0x00003c8a        0x2 
 .text._sbrk    0x00003c8c       0x5c sbrk.o
                0x00003c8c                _sbrk
 .text.schedulerTask
                0x00003ce8       0x1c cmsis_rtos_init.o
                0x00003ce8                schedulerTask
 .text.mw_initSignalEvents
                0x00003d04       0x40 cmsis_rtos_init.o
                0x00003d04                mw_initSignalEvents
 .text.mw_RTOSInit
                0x00003d44       0x8c cmsis_rtos_init.o
                0x00003d44                mw_RTOSInit
 .text.os_idle_demon
                0x00003dd0        0x8 RTX_Conf_CM.o
                0x00003dd0                os_idle_demon
 .text.os_error
                0x00003dd8       0x2c RTX_Conf_CM.o
                0x00003dd8                os_error
 .text.rt_init_robin
                0x00003e04        0x4 RTX_Conf_CM.o
                0x00003e04                rt_init_robin
 .text.rt_chk_robin
                0x00003e08        0x4 RTX_Conf_CM.o
                0x00003e08                rt_chk_robin
 .text.software_init_hook
                0x00003e0c       0x34 RTX_Conf_CM.o
                0x00003e0c                software_init_hook
 .text.mw_osThreadCreate
                0x00003e40       0x52 mw_thread.o
                0x00003e40                mw_osThreadCreate
 .text.mw_osThreadGetId
                0x00003e92        0xe mw_thread.o
                0x00003e92                mw_osThreadGetId
 .text.mw_osThreadExit
                0x00003ea0       0x22 mw_thread.o
                0x00003ea0                mw_osThreadExit
 .text.mw_osTimerCreate
                0x00003ec2       0x4e mw_timer.o
                0x00003ec2                mw_osTimerCreate
 .text.mw_osTimerStart
                0x00003f10       0x24 mw_timer.o
                0x00003f10                mw_osTimerStart
 .text.mw_osSignalSet
                0x00003f34       0x2e mw_signal.o
                0x00003f34                mw_osSignalSet
 .text.mw_osSignalClear
                0x00003f62       0x26 mw_signal.o
                0x00003f62                mw_osSignalClear
 .text.mw_osSignalWaitEver
                0x00003f88       0x20 mw_signal.o
                0x00003f88                mw_osSignalWaitEver
 .text.mw_osSignalEventCreate
                0x00003fa8       0x20 mw_signal.o
                0x00003fa8                mw_osSignalEventCreate
 .text.mw_osSignalEventRelease
                0x00003fc8       0x26 mw_signal.o
                0x00003fc8                mw_osSignalEventRelease
 .text.mw_osSignalEventWaitEver
                0x00003fee       0x34 mw_signal.o
                0x00003fee                mw_osSignalEventWaitEver
 *fill*         0x00004022        0x2 
 .text.osThreadExit
                0x00004024       0x18 C:/ProgramData/MATLAB/SupportPackages/R2022a/3P.instrset/cmsis.instrset/CMSIS/RTOS/RTX/LIB/GCC/libRTX_CM4.a(rt_cmsis.o)
                0x00004024                osThreadExit
 .text.svcKernelInitialize
                0x0000403c      0x104 C:/ProgramData/MATLAB/SupportPackages/R2022a/3P.instrset/cmsis.instrset/CMSIS/RTOS/RTX/LIB/GCC/libRTX_CM4.a(rt_cmsis.o)
                0x0000403c                svcKernelInitialize
 .text.svcKernelStart
                0x00004140       0x48 C:/ProgramData/MATLAB/SupportPackages/R2022a/3P.instrset/cmsis.instrset/CMSIS/RTOS/RTX/LIB/GCC/libRTX_CM4.a(rt_cmsis.o)
                0x00004140                svcKernelStart
 .text.osKernelInitialize
                0x00004188       0x28 C:/ProgramData/MATLAB/SupportPackages/R2022a/3P.instrset/cmsis.instrset/CMSIS/RTOS/RTX/LIB/GCC/libRTX_CM4.a(rt_cmsis.o)
                0x00004188                osKernelInitialize
 .text.osKernelStart
                0x000041b0       0x74 C:/ProgramData/MATLAB/SupportPackages/R2022a/3P.instrset/cmsis.instrset/CMSIS/RTOS/RTX/LIB/GCC/libRTX_CM4.a(rt_cmsis.o)
                0x000041b0                osKernelStart
 .text.svcThreadCreate
                0x00004224       0x7c C:/ProgramData/MATLAB/SupportPackages/R2022a/3P.instrset/cmsis.instrset/CMSIS/RTOS/RTX/LIB/GCC/libRTX_CM4.a(rt_cmsis.o)
                0x00004224                svcThreadCreate
 .text.svcThreadGetId
                0x000042a0       0x18 C:/ProgramData/MATLAB/SupportPackages/R2022a/3P.instrset/cmsis.instrset/CMSIS/RTOS/RTX/LIB/GCC/libRTX_CM4.a(rt_cmsis.o)
                0x000042a0                svcThreadGetId
 .text.svcThreadTerminate
                0x000042b8       0x48 C:/ProgramData/MATLAB/SupportPackages/R2022a/3P.instrset/cmsis.instrset/CMSIS/RTOS/RTX/LIB/GCC/libRTX_CM4.a(rt_cmsis.o)
                0x000042b8                svcThreadTerminate
 .text.osThreadCreate
                0x00004300       0xa4 C:/ProgramData/MATLAB/SupportPackages/R2022a/3P.instrset/cmsis.instrset/CMSIS/RTOS/RTX/LIB/GCC/libRTX_CM4.a(rt_cmsis.o)
                0x00004300                osThreadCreate
 .text.osThreadGetId
                0x000043a4       0x18 C:/ProgramData/MATLAB/SupportPackages/R2022a/3P.instrset/cmsis.instrset/CMSIS/RTOS/RTX/LIB/GCC/libRTX_CM4.a(rt_cmsis.o)
                0x000043a4                osThreadGetId
 .text.osThreadTerminate
                0x000043bc       0x18 C:/ProgramData/MATLAB/SupportPackages/R2022a/3P.instrset/cmsis.instrset/CMSIS/RTOS/RTX/LIB/GCC/libRTX_CM4.a(rt_cmsis.o)
                0x000043bc                osThreadTerminate
 .text.svcTimerCreate
                0x000043d4       0x40 C:/ProgramData/MATLAB/SupportPackages/R2022a/3P.instrset/cmsis.instrset/CMSIS/RTOS/RTX/LIB/GCC/libRTX_CM4.a(rt_cmsis.o)
                0x000043d4                svcTimerCreate
 .text.svcTimerStart
                0x00004414       0xdc C:/ProgramData/MATLAB/SupportPackages/R2022a/3P.instrset/cmsis.instrset/CMSIS/RTOS/RTX/LIB/GCC/libRTX_CM4.a(rt_cmsis.o)
                0x00004414                svcTimerStart
 .text.svcTimerCall
                0x000044f0       0x18 C:/ProgramData/MATLAB/SupportPackages/R2022a/3P.instrset/cmsis.instrset/CMSIS/RTOS/RTX/LIB/GCC/libRTX_CM4.a(rt_cmsis.o)
                0x000044f0                svcTimerCall
 .text.sysTimerTick
                0x00004508       0xc8 C:/ProgramData/MATLAB/SupportPackages/R2022a/3P.instrset/cmsis.instrset/CMSIS/RTOS/RTX/LIB/GCC/libRTX_CM4.a(rt_cmsis.o)
                0x00004508                sysTimerTick
 .text.osTimerCreate
                0x000045d0       0x68 C:/ProgramData/MATLAB/SupportPackages/R2022a/3P.instrset/cmsis.instrset/CMSIS/RTOS/RTX/LIB/GCC/libRTX_CM4.a(rt_cmsis.o)
                0x000045d0                osTimerCreate
 .text.osTimerStart
                0x00004638       0x18 C:/ProgramData/MATLAB/SupportPackages/R2022a/3P.instrset/cmsis.instrset/CMSIS/RTOS/RTX/LIB/GCC/libRTX_CM4.a(rt_cmsis.o)
                0x00004638                osTimerStart
 .text.osTimerThread
                0x00004650       0x3c C:/ProgramData/MATLAB/SupportPackages/R2022a/3P.instrset/cmsis.instrset/CMSIS/RTOS/RTX/LIB/GCC/libRTX_CM4.a(rt_cmsis.o)
                0x00004650                osTimerThread
 .text.svcSignalSet
                0x0000468c       0x2c C:/ProgramData/MATLAB/SupportPackages/R2022a/3P.instrset/cmsis.instrset/CMSIS/RTOS/RTX/LIB/GCC/libRTX_CM4.a(rt_cmsis.o)
                0x0000468c                svcSignalSet
 .text.svcSignalClear
                0x000046b8       0x2c C:/ProgramData/MATLAB/SupportPackages/R2022a/3P.instrset/cmsis.instrset/CMSIS/RTOS/RTX/LIB/GCC/libRTX_CM4.a(rt_cmsis.o)
                0x000046b8                svcSignalClear
 .text.svcSignalWait
                0x000046e4      0x100 C:/ProgramData/MATLAB/SupportPackages/R2022a/3P.instrset/cmsis.instrset/CMSIS/RTOS/RTX/LIB/GCC/libRTX_CM4.a(rt_cmsis.o)
                0x000046e4                svcSignalWait
 .text.osSignalSet
                0x000047e4       0x40 C:/ProgramData/MATLAB/SupportPackages/R2022a/3P.instrset/cmsis.instrset/CMSIS/RTOS/RTX/LIB/GCC/libRTX_CM4.a(rt_cmsis.o)
                0x000047e4                osSignalSet
 .text.osSignalClear
                0x00004824       0x1c C:/ProgramData/MATLAB/SupportPackages/R2022a/3P.instrset/cmsis.instrset/CMSIS/RTOS/RTX/LIB/GCC/libRTX_CM4.a(rt_cmsis.o)
                0x00004824                osSignalClear
 .text.osSignalWait
                0x00004840       0x2c C:/ProgramData/MATLAB/SupportPackages/R2022a/3P.instrset/cmsis.instrset/CMSIS/RTOS/RTX/LIB/GCC/libRTX_CM4.a(rt_cmsis.o)
                0x00004840                osSignalWait
 .text.svcMessageGet
                0x0000486c       0xbc C:/ProgramData/MATLAB/SupportPackages/R2022a/3P.instrset/cmsis.instrset/CMSIS/RTOS/RTX/LIB/GCC/libRTX_CM4.a(rt_cmsis.o)
                0x0000486c                svcMessageGet
 .text.rt_init_stack
                0x00004928       0xa8 C:/ProgramData/MATLAB/SupportPackages/R2022a/3P.instrset/cmsis.instrset/CMSIS/RTOS/RTX/LIB/GCC/libRTX_CM4.a(hal_cm.o)
                0x00004928                rt_init_stack
 .text.rt_ret_val
                0x000049d0       0x14 C:/ProgramData/MATLAB/SupportPackages/R2022a/3P.instrset/cmsis.instrset/CMSIS/RTOS/RTX/LIB/GCC/libRTX_CM4.a(hal_cm.o)
                0x000049d0                rt_ret_val
 .text.rt_ret_val2
                0x000049e4       0x24 C:/ProgramData/MATLAB/SupportPackages/R2022a/3P.instrset/cmsis.instrset/CMSIS/RTOS/RTX/LIB/GCC/libRTX_CM4.a(hal_cm.o)
                0x000049e4                rt_ret_val2
 .text.dbg_init
                0x00004a08       0x34 C:/ProgramData/MATLAB/SupportPackages/R2022a/3P.instrset/cmsis.instrset/CMSIS/RTOS/RTX/LIB/GCC/libRTX_CM4.a(hal_cm.o)
                0x00004a08                dbg_init
 .text.dbg_task_notify
                0x00004a3c       0x2c C:/ProgramData/MATLAB/SupportPackages/R2022a/3P.instrset/cmsis.instrset/CMSIS/RTOS/RTX/LIB/GCC/libRTX_CM4.a(hal_cm.o)
                0x00004a3c                dbg_task_notify
 .text.dbg_task_switch
                0x00004a68       0x14 C:/ProgramData/MATLAB/SupportPackages/R2022a/3P.instrset/cmsis.instrset/CMSIS/RTOS/RTX/LIB/GCC/libRTX_CM4.a(hal_cm.o)
                0x00004a68                dbg_task_switch
 .text.rt_init_mem
                0x00004a7c       0x1c C:/ProgramData/MATLAB/SupportPackages/R2022a/3P.instrset/cmsis.instrset/CMSIS/RTOS/RTX/LIB/GCC/libRTX_CM4.a(rt_memory.o)
                0x00004a7c                rt_init_mem
 .text.rt_alloc_mem
                0x00004a98       0x48 C:/ProgramData/MATLAB/SupportPackages/R2022a/3P.instrset/cmsis.instrset/CMSIS/RTOS/RTX/LIB/GCC/libRTX_CM4.a(rt_memory.o)
                0x00004a98                rt_alloc_mem
 .text.rt_free_mem
                0x00004ae0       0x54 C:/ProgramData/MATLAB/SupportPackages/R2022a/3P.instrset/cmsis.instrset/CMSIS/RTOS/RTX/LIB/GCC/libRTX_CM4.a(rt_memory.o)
                0x00004ae0                rt_free_mem
 .text._init_box
                0x00004b34       0x58 C:/ProgramData/MATLAB/SupportPackages/R2022a/3P.instrset/cmsis.instrset/CMSIS/RTOS/RTX/LIB/GCC/libRTX_CM4.a(rt_membox.o)
                0x00004b34                _init_box
 .text.rt_alloc_box
                0x00004b8c       0x1c C:/ProgramData/MATLAB/SupportPackages/R2022a/3P.instrset/cmsis.instrset/CMSIS/RTOS/RTX/LIB/GCC/libRTX_CM4.a(rt_membox.o)
                0x00004b8c                rt_alloc_box
 .text.rt_free_box
                0x00004ba8       0x28 C:/ProgramData/MATLAB/SupportPackages/R2022a/3P.instrset/cmsis.instrset/CMSIS/RTOS/RTX/LIB/GCC/libRTX_CM4.a(rt_membox.o)
                0x00004ba8                rt_free_box
 .text.rt_sem_psh
                0x00004bd0       0x34 C:/ProgramData/MATLAB/SupportPackages/R2022a/3P.instrset/cmsis.instrset/CMSIS/RTOS/RTX/LIB/GCC/libRTX_CM4.a(rt_semaphore.o)
                0x00004bd0                rt_sem_psh
 .text.rt_mbx_init
                0x00004c04       0x18 C:/ProgramData/MATLAB/SupportPackages/R2022a/3P.instrset/cmsis.instrset/CMSIS/RTOS/RTX/LIB/GCC/libRTX_CM4.a(rt_mailbox.o)
                0x00004c04                rt_mbx_init
 .text.rt_mbx_wait
                0x00004c1c       0xa8 C:/ProgramData/MATLAB/SupportPackages/R2022a/3P.instrset/cmsis.instrset/CMSIS/RTOS/RTX/LIB/GCC/libRTX_CM4.a(rt_mailbox.o)
                0x00004c1c                rt_mbx_wait
 .text.rt_mbx_check
                0x00004cc4        0x8 C:/ProgramData/MATLAB/SupportPackages/R2022a/3P.instrset/cmsis.instrset/CMSIS/RTOS/RTX/LIB/GCC/libRTX_CM4.a(rt_mailbox.o)
                0x00004cc4                rt_mbx_check
 .text.isr_mbx_send
                0x00004ccc       0x10 C:/ProgramData/MATLAB/SupportPackages/R2022a/3P.instrset/cmsis.instrset/CMSIS/RTOS/RTX/LIB/GCC/libRTX_CM4.a(rt_mailbox.o)
                0x00004ccc                isr_mbx_send
 .text.rt_mbx_psh
                0x00004cdc       0xe8 C:/ProgramData/MATLAB/SupportPackages/R2022a/3P.instrset/cmsis.instrset/CMSIS/RTOS/RTX/LIB/GCC/libRTX_CM4.a(rt_mailbox.o)
                0x00004cdc                rt_mbx_psh
 .text.rt_put_prio
                0x00004dc4       0x50 C:/ProgramData/MATLAB/SupportPackages/R2022a/3P.instrset/cmsis.instrset/CMSIS/RTOS/RTX/LIB/GCC/libRTX_CM4.a(rt_list.o)
                0x00004dc4                rt_put_prio
 .text.rt_get_first
                0x00004e14       0x28 C:/ProgramData/MATLAB/SupportPackages/R2022a/3P.instrset/cmsis.instrset/CMSIS/RTOS/RTX/LIB/GCC/libRTX_CM4.a(rt_list.o)
                0x00004e14                rt_get_first
 .text.rt_put_rdy_first
                0x00004e3c       0x14 C:/ProgramData/MATLAB/SupportPackages/R2022a/3P.instrset/cmsis.instrset/CMSIS/RTOS/RTX/LIB/GCC/libRTX_CM4.a(rt_list.o)
                0x00004e3c                rt_put_rdy_first
 .text.rt_resort_prio
                0x00004e50       0xac C:/ProgramData/MATLAB/SupportPackages/R2022a/3P.instrset/cmsis.instrset/CMSIS/RTOS/RTX/LIB/GCC/libRTX_CM4.a(rt_list.o)
                0x00004e50                rt_resort_prio
 .text.rt_put_dly
                0x00004efc       0x60 C:/ProgramData/MATLAB/SupportPackages/R2022a/3P.instrset/cmsis.instrset/CMSIS/RTOS/RTX/LIB/GCC/libRTX_CM4.a(rt_list.o)
                0x00004efc                rt_put_dly
 .text.rt_dec_dly
                0x00004f5c       0xbc C:/ProgramData/MATLAB/SupportPackages/R2022a/3P.instrset/cmsis.instrset/CMSIS/RTOS/RTX/LIB/GCC/libRTX_CM4.a(rt_list.o)
                0x00004f5c                rt_dec_dly
 .text.rt_rmv_list
                0x00005018       0x2c C:/ProgramData/MATLAB/SupportPackages/R2022a/3P.instrset/cmsis.instrset/CMSIS/RTOS/RTX/LIB/GCC/libRTX_CM4.a(rt_list.o)
                0x00005018                rt_rmv_list
 .text.rt_rmv_dly
                0x00005044       0x30 C:/ProgramData/MATLAB/SupportPackages/R2022a/3P.instrset/cmsis.instrset/CMSIS/RTOS/RTX/LIB/GCC/libRTX_CM4.a(rt_list.o)
                0x00005044                rt_rmv_dly
 .text.rt_psq_enq
                0x00005074       0x44 C:/ProgramData/MATLAB/SupportPackages/R2022a/3P.instrset/cmsis.instrset/CMSIS/RTOS/RTX/LIB/GCC/libRTX_CM4.a(rt_list.o)
                0x00005074                rt_psq_enq
 .text.rt_evt_wait
                0x000050b8       0x44 C:/ProgramData/MATLAB/SupportPackages/R2022a/3P.instrset/cmsis.instrset/CMSIS/RTOS/RTX/LIB/GCC/libRTX_CM4.a(rt_event.o)
                0x000050b8                rt_evt_wait
 .text.rt_evt_set
                0x000050fc       0x58 C:/ProgramData/MATLAB/SupportPackages/R2022a/3P.instrset/cmsis.instrset/CMSIS/RTOS/RTX/LIB/GCC/libRTX_CM4.a(rt_event.o)
                0x000050fc                rt_evt_set
 .text.rt_evt_clr
                0x00005154       0x18 C:/ProgramData/MATLAB/SupportPackages/R2022a/3P.instrset/cmsis.instrset/CMSIS/RTOS/RTX/LIB/GCC/libRTX_CM4.a(rt_event.o)
                0x00005154                rt_evt_clr
 .text.isr_evt_set
                0x0000516c       0x24 C:/ProgramData/MATLAB/SupportPackages/R2022a/3P.instrset/cmsis.instrset/CMSIS/RTOS/RTX/LIB/GCC/libRTX_CM4.a(rt_event.o)
                0x0000516c                isr_evt_set
 .text.rt_evt_psh
                0x00005190       0x50 C:/ProgramData/MATLAB/SupportPackages/R2022a/3P.instrset/cmsis.instrset/CMSIS/RTOS/RTX/LIB/GCC/libRTX_CM4.a(rt_event.o)
                0x00005190                rt_evt_psh
 .text.rt_psh_req
                0x000051e0       0x20 C:/ProgramData/MATLAB/SupportPackages/R2022a/3P.instrset/cmsis.instrset/CMSIS/RTOS/RTX/LIB/GCC/libRTX_CM4.a(rt_system.o)
                0x000051e0                rt_psh_req
 .text.rt_pop_req
                0x00005200       0x9c C:/ProgramData/MATLAB/SupportPackages/R2022a/3P.instrset/cmsis.instrset/CMSIS/RTOS/RTX/LIB/GCC/libRTX_CM4.a(rt_system.o)
                0x00005200                rt_pop_req
 .text.os_tick_init
                0x0000529c       0x40 C:/ProgramData/MATLAB/SupportPackages/R2022a/3P.instrset/cmsis.instrset/CMSIS/RTOS/RTX/LIB/GCC/libRTX_CM4.a(rt_system.o)
                0x0000529c                os_tick_init
 .text.os_tick_irqack
                0x000052dc        0x4 C:/ProgramData/MATLAB/SupportPackages/R2022a/3P.instrset/cmsis.instrset/CMSIS/RTOS/RTX/LIB/GCC/libRTX_CM4.a(rt_system.o)
                0x000052dc                os_tick_irqack
 .text.rt_systick
                0x000052e0       0x3c C:/ProgramData/MATLAB/SupportPackages/R2022a/3P.instrset/cmsis.instrset/CMSIS/RTOS/RTX/LIB/GCC/libRTX_CM4.a(rt_system.o)
                0x000052e0                rt_systick
 .text.rt_stk_check
                0x0000531c       0x24 C:/ProgramData/MATLAB/SupportPackages/R2022a/3P.instrset/cmsis.instrset/CMSIS/RTOS/RTX/LIB/GCC/libRTX_CM4.a(rt_system.o)
                0x0000531c                rt_stk_check
 .text.rt_switch_req
                0x00005340       0x24 C:/ProgramData/MATLAB/SupportPackages/R2022a/3P.instrset/cmsis.instrset/CMSIS/RTOS/RTX/LIB/GCC/libRTX_CM4.a(rt_task.o)
                0x00005340                rt_switch_req
 .text.rt_dispatch
                0x00005364       0x78 C:/ProgramData/MATLAB/SupportPackages/R2022a/3P.instrset/cmsis.instrset/CMSIS/RTOS/RTX/LIB/GCC/libRTX_CM4.a(rt_task.o)
                0x00005364                rt_dispatch
 .text.rt_block
                0x000053dc       0x50 C:/ProgramData/MATLAB/SupportPackages/R2022a/3P.instrset/cmsis.instrset/CMSIS/RTOS/RTX/LIB/GCC/libRTX_CM4.a(rt_task.o)
                0x000053dc                rt_block
 .text.rt_tsk_self
                0x0000542c       0x10 C:/ProgramData/MATLAB/SupportPackages/R2022a/3P.instrset/cmsis.instrset/CMSIS/RTOS/RTX/LIB/GCC/libRTX_CM4.a(rt_task.o)
                0x0000542c                rt_tsk_self
 .text.rt_tsk_prio
                0x0000543c       0xa0 C:/ProgramData/MATLAB/SupportPackages/R2022a/3P.instrset/cmsis.instrset/CMSIS/RTOS/RTX/LIB/GCC/libRTX_CM4.a(rt_task.o)
                0x0000543c                rt_tsk_prio
 .text.rt_tsk_create
                0x000054dc       0xc8 C:/ProgramData/MATLAB/SupportPackages/R2022a/3P.instrset/cmsis.instrset/CMSIS/RTOS/RTX/LIB/GCC/libRTX_CM4.a(rt_task.o)
                0x000054dc                rt_tsk_create
 .text.rt_tsk_delete
                0x000055a4      0x1bc C:/ProgramData/MATLAB/SupportPackages/R2022a/3P.instrset/cmsis.instrset/CMSIS/RTOS/RTX/LIB/GCC/libRTX_CM4.a(rt_task.o)
                0x000055a4                rt_tsk_delete
 .text.rt_sys_init
                0x00005760       0xdc C:/ProgramData/MATLAB/SupportPackages/R2022a/3P.instrset/cmsis.instrset/CMSIS/RTOS/RTX/LIB/GCC/libRTX_CM4.a(rt_task.o)
                0x00005760                rt_sys_init
 .text.rt_sys_start
                0x0000583c       0x8c C:/ProgramData/MATLAB/SupportPackages/R2022a/3P.instrset/cmsis.instrset/CMSIS/RTOS/RTX/LIB/GCC/libRTX_CM4.a(rt_task.o)
                0x0000583c                rt_sys_start
 .text.OSA_TimeInit
                0x000058c8       0x40 C:/ProgramData/MATLAB/SupportPackages/R2022a/toolbox/target/supportpackages/freedomk64f/src/ksdk_armgcc_lib/bm/libksdk_platform.a(fsl_os_abstraction_bm.o)
                0x000058c8                OSA_TimeInit
 .text.OSA_SemaPost
                0x00005908       0x3c C:/ProgramData/MATLAB/SupportPackages/R2022a/toolbox/target/supportpackages/freedomk64f/src/ksdk_armgcc_lib/bm/libksdk_platform.a(fsl_os_abstraction_bm.o)
                0x00005908                OSA_SemaPost
 .text.task_init
                0x00005944       0x38 C:/ProgramData/MATLAB/SupportPackages/R2022a/toolbox/target/supportpackages/freedomk64f/src/ksdk_armgcc_lib/bm/libksdk_platform.a(fsl_os_abstraction_bm.o)
                0x00005944                task_init
 .text.OSA_Init
                0x0000597c        0xe C:/ProgramData/MATLAB/SupportPackages/R2022a/toolbox/target/supportpackages/freedomk64f/src/ksdk_armgcc_lib/bm/libksdk_platform.a(fsl_os_abstraction_bm.o)
                0x0000597c                OSA_Init
 *fill*         0x0000598a        0x2 
 .text.CLOCK_SYS_SetMcgPeeToFbe
                0x0000598c       0x34 C:/ProgramData/MATLAB/SupportPackages/R2022a/toolbox/target/supportpackages/freedomk64f/src/ksdk_armgcc_lib/bm/libksdk_platform.a(fsl_clock_manager.o)
 .text.CLOCK_SYS_SetMcgMode
                0x000059c0      0x124 C:/ProgramData/MATLAB/SupportPackages/R2022a/toolbox/target/supportpackages/freedomk64f/src/ksdk_armgcc_lib/bm/libksdk_platform.a(fsl_clock_manager.o)
                0x000059c0                CLOCK_SYS_SetMcgMode
 .text.CLOCK_SYS_SetOscerConfigration
                0x00005ae4       0x20 C:/ProgramData/MATLAB/SupportPackages/R2022a/toolbox/target/supportpackages/freedomk64f/src/ksdk_armgcc_lib/bm/libksdk_platform.a(fsl_clock_manager.o)
                0x00005ae4                CLOCK_SYS_SetOscerConfigration
 .text.CLOCK_SYS_OscInit
                0x00005b04       0x98 C:/ProgramData/MATLAB/SupportPackages/R2022a/toolbox/target/supportpackages/freedomk64f/src/ksdk_armgcc_lib/bm/libksdk_platform.a(fsl_clock_manager.o)
                0x00005b04                CLOCK_SYS_OscInit
 .text.CLOCK_SYS_RtcOscInit
                0x00005b9c       0x6c C:/ProgramData/MATLAB/SupportPackages/R2022a/toolbox/target/supportpackages/freedomk64f/src/ksdk_armgcc_lib/bm/libksdk_platform.a(fsl_clock_manager.o)
                0x00005b9c                CLOCK_SYS_RtcOscInit
 .text.SIM_HAL_EnableClock.constprop.0
                0x00005c08       0x1c C:/ProgramData/MATLAB/SupportPackages/R2022a/toolbox/target/supportpackages/freedomk64f/src/ksdk_armgcc_lib/bm/libksdk_platform.a(fsl_clock_MK64F12.o)
 .text.CLOCK_SYS_GetCoreClockFreq
                0x00005c24       0x24 C:/ProgramData/MATLAB/SupportPackages/R2022a/toolbox/target/supportpackages/freedomk64f/src/ksdk_armgcc_lib/bm/libksdk_platform.a(fsl_clock_MK64F12.o)
                0x00005c24                CLOCK_SYS_GetCoreClockFreq
 .text.CLOCK_SYS_SetConfiguration
                0x00005c48       0x94 C:/ProgramData/MATLAB/SupportPackages/R2022a/toolbox/target/supportpackages/freedomk64f/src/ksdk_armgcc_lib/bm/libksdk_platform.a(fsl_clock_MK64F12.o)
                0x00005c48                CLOCK_SYS_SetConfiguration
 .text.CLOCK_SYS_FllStableDelay
                0x00005cdc       0x18 C:/ProgramData/MATLAB/SupportPackages/R2022a/toolbox/target/supportpackages/freedomk64f/src/ksdk_armgcc_lib/bm/libksdk_platform.a(fsl_clock_MK64F12.o)
 .text.CLOCK_SYS_GetBusClockFreq
                0x00005cf4       0x24 C:/ProgramData/MATLAB/SupportPackages/R2022a/toolbox/target/supportpackages/freedomk64f/src/ksdk_armgcc_lib/bm/libksdk_platform.a(fsl_clock_MK64F12.o)
                0x00005cf4                CLOCK_SYS_GetBusClockFreq
 .text.CLOCK_SYS_GetFtmExternalFreq
                0x00005d18       0x20 C:/ProgramData/MATLAB/SupportPackages/R2022a/toolbox/target/supportpackages/freedomk64f/src/ksdk_armgcc_lib/bm/libksdk_platform.a(fsl_clock_MK64F12.o)
                0x00005d18                CLOCK_SYS_GetFtmExternalFreq
 .text.CLOCK_SYS_EnablePortClock
                0x00005d38       0x30 C:/ProgramData/MATLAB/SupportPackages/R2022a/toolbox/target/supportpackages/freedomk64f/src/ksdk_armgcc_lib/bm/libksdk_platform.a(fsl_clock_MK64F12.o)
                0x00005d38                CLOCK_SYS_EnablePortClock
 .text.CLOCK_SYS_EnableFtmClock
                0x00005d68       0x30 C:/ProgramData/MATLAB/SupportPackages/R2022a/toolbox/target/supportpackages/freedomk64f/src/ksdk_armgcc_lib/bm/libksdk_platform.a(fsl_clock_MK64F12.o)
                0x00005d68                CLOCK_SYS_EnableFtmClock
 .text.INT_SYS_EnableIRQGlobal
                0x00005d98       0x14 C:/ProgramData/MATLAB/SupportPackages/R2022a/toolbox/target/supportpackages/freedomk64f/src/ksdk_armgcc_lib/bm/libksdk_platform.a(fsl_interrupt_manager.o)
                0x00005d98                INT_SYS_EnableIRQGlobal
 .text.INT_SYS_DisableIRQGlobal
                0x00005dac       0x10 C:/ProgramData/MATLAB/SupportPackages/R2022a/toolbox/target/supportpackages/freedomk64f/src/ksdk_armgcc_lib/bm/libksdk_platform.a(fsl_interrupt_manager.o)
                0x00005dac                INT_SYS_DisableIRQGlobal
 .text.EDMA_DRV_IRQHandler
                0x00005dbc       0x30 C:/ProgramData/MATLAB/SupportPackages/R2022a/toolbox/target/supportpackages/freedomk64f/src/ksdk_armgcc_lib/bm/libksdk_platform.a(fsl_edma_driver.o)
                0x00005dbc                EDMA_DRV_IRQHandler
 .text.EDMA_DRV_ErrorIRQHandler
                0x00005dec       0x8c C:/ProgramData/MATLAB/SupportPackages/R2022a/toolbox/target/supportpackages/freedomk64f/src/ksdk_armgcc_lib/bm/libksdk_platform.a(fsl_edma_driver.o)
                0x00005dec                EDMA_DRV_ErrorIRQHandler
 .text.FTM_HAL_SetClockSource
                0x00005e78       0x12 C:/ProgramData/MATLAB/SupportPackages/R2022a/toolbox/target/supportpackages/freedomk64f/src/ksdk_armgcc_lib/bm/libksdk_platform.a(fsl_ftm_driver.o)
 *fill*         0x00005e8a        0x2 
 .text.FTM_HAL_SetChnCountVal.part.0
                0x00005e8c       0x1c C:/ProgramData/MATLAB/SupportPackages/R2022a/toolbox/target/supportpackages/freedomk64f/src/ksdk_armgcc_lib/bm/libksdk_platform.a(fsl_ftm_driver.o)
 .text.FTM_DRV_Init
                0x00005ea8      0x10c C:/ProgramData/MATLAB/SupportPackages/R2022a/toolbox/target/supportpackages/freedomk64f/src/ksdk_armgcc_lib/bm/libksdk_platform.a(fsl_ftm_driver.o)
                0x00005ea8                FTM_DRV_Init
 .text.FTM_DRV_SetClock
                0x00005fb4       0x54 C:/ProgramData/MATLAB/SupportPackages/R2022a/toolbox/target/supportpackages/freedomk64f/src/ksdk_armgcc_lib/bm/libksdk_platform.a(fsl_ftm_driver.o)
                0x00005fb4                FTM_DRV_SetClock
 .text.FTM_DRV_GetClock
                0x00006008       0x68 C:/ProgramData/MATLAB/SupportPackages/R2022a/toolbox/target/supportpackages/freedomk64f/src/ksdk_armgcc_lib/bm/libksdk_platform.a(fsl_ftm_driver.o)
                0x00006008                FTM_DRV_GetClock
 .text.FTM_DRV_PwmStart
                0x00006070      0x1cc C:/ProgramData/MATLAB/SupportPackages/R2022a/toolbox/target/supportpackages/freedomk64f/src/ksdk_armgcc_lib/bm/libksdk_platform.a(fsl_ftm_driver.o)
                0x00006070                FTM_DRV_PwmStart
 .text.PORT_HAL_SetMuxMode.part.0
                0x0000623c       0x1c C:/ProgramData/MATLAB/SupportPackages/R2022a/toolbox/target/supportpackages/freedomk64f/src/ksdk_armgcc_lib/bm/libksdk_platform.a(fsl_gpio_driver.o)
 .text.GPIO_DRV_InputPinInit
                0x00006258       0xe4 C:/ProgramData/MATLAB/SupportPackages/R2022a/toolbox/target/supportpackages/freedomk64f/src/ksdk_armgcc_lib/bm/libksdk_platform.a(fsl_gpio_driver.o)
                0x00006258                GPIO_DRV_InputPinInit
 .text.GPIO_DRV_OutputPinInit
                0x0000633c       0x78 C:/ProgramData/MATLAB/SupportPackages/R2022a/toolbox/target/supportpackages/freedomk64f/src/ksdk_armgcc_lib/bm/libksdk_platform.a(fsl_gpio_driver.o)
                0x0000633c                GPIO_DRV_OutputPinInit
 .text.GPIO_DRV_WritePinOutput
                0x000063b4       0x1c C:/ProgramData/MATLAB/SupportPackages/R2022a/toolbox/target/supportpackages/freedomk64f/src/ksdk_armgcc_lib/bm/libksdk_platform.a(fsl_gpio_driver.o)
                0x000063b4                GPIO_DRV_WritePinOutput
 .text.GPIO_DRV_ReadPinInput
                0x000063d0       0x3c C:/ProgramData/MATLAB/SupportPackages/R2022a/toolbox/target/supportpackages/freedomk64f/src/ksdk_armgcc_lib/bm/libksdk_platform.a(fsl_gpio_driver.o)
                0x000063d0                GPIO_DRV_ReadPinInput
 .text.LPTMR_HAL_SetTimerWorkingMode
                0x0000640c       0x3c C:/ProgramData/MATLAB/SupportPackages/R2022a/toolbox/target/supportpackages/freedomk64f/src/ksdk_armgcc_lib/bm/libksdk_platform.a(fsl_lptmr_hal.o)
                0x0000640c                LPTMR_HAL_SetTimerWorkingMode
 .text.LPTMR_HAL_SetPrescalerMode
                0x00006448       0x1c C:/ProgramData/MATLAB/SupportPackages/R2022a/toolbox/target/supportpackages/freedomk64f/src/ksdk_armgcc_lib/bm/libksdk_platform.a(fsl_lptmr_hal.o)
                0x00006448                LPTMR_HAL_SetPrescalerMode
 .text.CLOCK_HAL_TestOscFreq
                0x00006464       0x28 C:/ProgramData/MATLAB/SupportPackages/R2022a/toolbox/target/supportpackages/freedomk64f/src/ksdk_armgcc_lib/bm/libksdk_platform.a(fsl_mcg_hal.o)
                0x00006464                CLOCK_HAL_TestOscFreq
 .text.CLOCK_HAL_GetMcgExternalClkFreq
                0x0000648c        0xa C:/ProgramData/MATLAB/SupportPackages/R2022a/toolbox/target/supportpackages/freedomk64f/src/ksdk_armgcc_lib/bm/libksdk_platform.a(fsl_mcg_hal.o)
 .text.CLOCK_HAL_TestFllExternalRefFreq
                0x00006496       0x2c C:/ProgramData/MATLAB/SupportPackages/R2022a/toolbox/target/supportpackages/freedomk64f/src/ksdk_armgcc_lib/bm/libksdk_platform.a(fsl_mcg_hal.o)
                0x00006496                CLOCK_HAL_TestFllExternalRefFreq
 *fill*         0x000064c2        0x2 
 .text.CLOCK_HAL_GetFllRefClk
                0x000064c4       0x40 C:/ProgramData/MATLAB/SupportPackages/R2022a/toolbox/target/supportpackages/freedomk64f/src/ksdk_armgcc_lib/bm/libksdk_platform.a(fsl_mcg_hal.o)
                0x000064c4                CLOCK_HAL_GetFllRefClk
 .text.CLOCK_HAL_TestFllFreq
                0x00006504       0x34 C:/ProgramData/MATLAB/SupportPackages/R2022a/toolbox/target/supportpackages/freedomk64f/src/ksdk_armgcc_lib/bm/libksdk_platform.a(fsl_mcg_hal.o)
                0x00006504                CLOCK_HAL_TestFllFreq
 .text.CLOCK_HAL_GetFllClk
                0x00006538       0x3c C:/ProgramData/MATLAB/SupportPackages/R2022a/toolbox/target/supportpackages/freedomk64f/src/ksdk_armgcc_lib/bm/libksdk_platform.a(fsl_mcg_hal.o)
                0x00006538                CLOCK_HAL_GetFllClk
 .text.CLOCK_HAL_UpdateFastClkInternalRefDiv
                0x00006574       0x58 C:/ProgramData/MATLAB/SupportPackages/R2022a/toolbox/target/supportpackages/freedomk64f/src/ksdk_armgcc_lib/bm/libksdk_platform.a(fsl_mcg_hal.o)
                0x00006574                CLOCK_HAL_UpdateFastClkInternalRefDiv
 .text.CLOCK_HAL_GetPll0Clk
                0x000065cc       0x48 C:/ProgramData/MATLAB/SupportPackages/R2022a/toolbox/target/supportpackages/freedomk64f/src/ksdk_armgcc_lib/bm/libksdk_platform.a(fsl_mcg_hal.o)
                0x000065cc                CLOCK_HAL_GetPll0Clk
 .text.CLOCK_HAL_EnablePll0InFllMode
                0x00006614       0x38 C:/ProgramData/MATLAB/SupportPackages/R2022a/toolbox/target/supportpackages/freedomk64f/src/ksdk_armgcc_lib/bm/libksdk_platform.a(fsl_mcg_hal.o)
                0x00006614                CLOCK_HAL_EnablePll0InFllMode
 .text.CLOCK_HAL_GetInternalRefClk
                0x0000664c       0x40 C:/ProgramData/MATLAB/SupportPackages/R2022a/toolbox/target/supportpackages/freedomk64f/src/ksdk_armgcc_lib/bm/libksdk_platform.a(fsl_mcg_hal.o)
                0x0000664c                CLOCK_HAL_GetInternalRefClk
 .text.CLOCK_HAL_GetOutClk
                0x0000668c       0x22 C:/ProgramData/MATLAB/SupportPackages/R2022a/toolbox/target/supportpackages/freedomk64f/src/ksdk_armgcc_lib/bm/libksdk_platform.a(fsl_mcg_hal.o)
                0x0000668c                CLOCK_HAL_GetOutClk
 .text.CLOCK_HAL_GetFixedFreqClk
                0x000066ae       0x20 C:/ProgramData/MATLAB/SupportPackages/R2022a/toolbox/target/supportpackages/freedomk64f/src/ksdk_armgcc_lib/bm/libksdk_platform.a(fsl_mcg_hal.o)
                0x000066ae                CLOCK_HAL_GetFixedFreqClk
 .text.CLOCK_HAL_SetOsc0Mode
                0x000066ce       0x24 C:/ProgramData/MATLAB/SupportPackages/R2022a/toolbox/target/supportpackages/freedomk64f/src/ksdk_armgcc_lib/bm/libksdk_platform.a(fsl_mcg_hal.o)
                0x000066ce                CLOCK_HAL_SetOsc0Mode
 *fill*         0x000066f2        0x2 
 .text.CLOCK_HAL_PrepareOsc
                0x000066f4       0x30 C:/ProgramData/MATLAB/SupportPackages/R2022a/toolbox/target/supportpackages/freedomk64f/src/ksdk_armgcc_lib/bm/libksdk_platform.a(fsl_mcg_hal_modes.o)
 .text.CLOCK_HAL_GetMcgMode
                0x00006724       0x7c C:/ProgramData/MATLAB/SupportPackages/R2022a/toolbox/target/supportpackages/freedomk64f/src/ksdk_armgcc_lib/bm/libksdk_platform.a(fsl_mcg_hal_modes.o)
                0x00006724                CLOCK_HAL_GetMcgMode
 .text.CLOCK_HAL_SetFbiMode
                0x000067a0       0xc0 C:/ProgramData/MATLAB/SupportPackages/R2022a/toolbox/target/supportpackages/freedomk64f/src/ksdk_armgcc_lib/bm/libksdk_platform.a(fsl_mcg_hal_modes.o)
                0x000067a0                CLOCK_HAL_SetFbiMode
 .text.CLOCK_HAL_SetFbeMode
                0x00006860       0xf0 C:/ProgramData/MATLAB/SupportPackages/R2022a/toolbox/target/supportpackages/freedomk64f/src/ksdk_armgcc_lib/bm/libksdk_platform.a(fsl_mcg_hal_modes.o)
                0x00006860                CLOCK_HAL_SetFbeMode
 .text.CLOCK_HAL_SetPbeMode
                0x00006950       0xd8 C:/ProgramData/MATLAB/SupportPackages/R2022a/toolbox/target/supportpackages/freedomk64f/src/ksdk_armgcc_lib/bm/libksdk_platform.a(fsl_mcg_hal_modes.o)
                0x00006950                CLOCK_HAL_SetPbeMode
 .text.OSC_HAL_SetCapacitor
                0x00006a28        0xe C:/ProgramData/MATLAB/SupportPackages/R2022a/toolbox/target/supportpackages/freedomk64f/src/ksdk_armgcc_lib/bm/libksdk_platform.a(fsl_osc_hal.o)
                0x00006a28                OSC_HAL_SetCapacitor
 .text.CLOCK_HAL_SetOutDiv
                0x00006a36       0x28 C:/ProgramData/MATLAB/SupportPackages/R2022a/toolbox/target/supportpackages/freedomk64f/src/ksdk_armgcc_lib/bm/libksdk_platform.a(fsl_sim_hal_MK64F12.o)
                0x00006a36                CLOCK_HAL_SetOutDiv
 *fill*         0x00006a5e        0x2 
 .text.SIM_HAL_GetFtmExternalClkPinMode
                0x00006a60       0x70 C:/ProgramData/MATLAB/SupportPackages/R2022a/toolbox/target/supportpackages/freedomk64f/src/ksdk_armgcc_lib/bm/libksdk_platform.a(fsl_sim_hal_MK64F12.o)
                0x00006a60                SIM_HAL_GetFtmExternalClkPinMode
 .text.UART_DRV_CompleteSendData
                0x00006ad0       0x54 C:/ProgramData/MATLAB/SupportPackages/R2022a/toolbox/target/supportpackages/freedomk64f/src/ksdk_armgcc_lib/bm/libksdk_platform.a(fsl_uart_driver.o)
 .text.UART_DRV_CompleteReceiveData
                0x00006b24       0x5c C:/ProgramData/MATLAB/SupportPackages/R2022a/toolbox/target/supportpackages/freedomk64f/src/ksdk_armgcc_lib/bm/libksdk_platform.a(fsl_uart_driver.o)
 .text.UART_DRV_IRQHandler
                0x00006b80       0xdc C:/ProgramData/MATLAB/SupportPackages/R2022a/toolbox/target/supportpackages/freedomk64f/src/ksdk_armgcc_lib/bm/libksdk_platform.a(fsl_uart_driver.o)
                0x00006b80                UART_DRV_IRQHandler
 .text.EDMA_HAL_SetDmaRequestCmd
                0x00006c5c        0xa C:/ProgramData/MATLAB/SupportPackages/R2022a/toolbox/target/supportpackages/freedomk64f/src/ksdk_armgcc_lib/bm/libksdk_platform.a(fsl_edma_hal.o)
                0x00006c5c                EDMA_HAL_SetDmaRequestCmd
 *fill*         0x00006c66        0x2 
 .text.FTM_HAL_SetChnEdgeLevel.part.0
                0x00006c68       0x1c C:/ProgramData/MATLAB/SupportPackages/R2022a/toolbox/target/supportpackages/freedomk64f/src/ksdk_armgcc_lib/bm/libksdk_platform.a(fsl_ftm_hal.o)
 .text.FTM_HAL_Init
                0x00006c84       0x3c C:/ProgramData/MATLAB/SupportPackages/R2022a/toolbox/target/supportpackages/freedomk64f/src/ksdk_armgcc_lib/bm/libksdk_platform.a(fsl_ftm_hal.o)
                0x00006c84                FTM_HAL_Init
 .text.FTM_HAL_SetSyncMode
                0x00006cc0       0x98 C:/ProgramData/MATLAB/SupportPackages/R2022a/toolbox/target/supportpackages/freedomk64f/src/ksdk_armgcc_lib/bm/libksdk_platform.a(fsl_ftm_hal.o)
                0x00006cc0                FTM_HAL_SetSyncMode
 .text.FTM_HAL_Reset
                0x00006d58       0x3e C:/ProgramData/MATLAB/SupportPackages/R2022a/toolbox/target/supportpackages/freedomk64f/src/ksdk_armgcc_lib/bm/libksdk_platform.a(fsl_ftm_hal.o)
                0x00006d58                FTM_HAL_Reset
 .text.FTM_HAL_GetChnPairIndex
                0x00006d96       0x1e C:/ProgramData/MATLAB/SupportPackages/R2022a/toolbox/target/supportpackages/freedomk64f/src/ksdk_armgcc_lib/bm/libksdk_platform.a(fsl_ftm_hal.o)
                0x00006d96                FTM_HAL_GetChnPairIndex
 .text.FTM_HAL_EnablePwmMode
                0x00006db4       0xd8 C:/ProgramData/MATLAB/SupportPackages/R2022a/toolbox/target/supportpackages/freedomk64f/src/ksdk_armgcc_lib/bm/libksdk_platform.a(fsl_ftm_hal.o)
                0x00006db4                FTM_HAL_EnablePwmMode
 .text.GPIO_HAL_SetPinDir
                0x00006e8c       0x34 C:/ProgramData/MATLAB/SupportPackages/R2022a/toolbox/target/supportpackages/freedomk64f/src/ksdk_armgcc_lib/bm/libksdk_platform.a(fsl_gpio_hal.o)
                0x00006e8c                GPIO_HAL_SetPinDir
 .text.GPIO_HAL_WritePinOutput
                0x00006ec0       0x30 C:/ProgramData/MATLAB/SupportPackages/R2022a/toolbox/target/supportpackages/freedomk64f/src/ksdk_armgcc_lib/bm/libksdk_platform.a(fsl_gpio_hal.o)
                0x00006ec0                GPIO_HAL_WritePinOutput
 .text.UART_HAL_Putchar
                0x00006ef0        0x6 C:/ProgramData/MATLAB/SupportPackages/R2022a/toolbox/target/supportpackages/freedomk64f/src/ksdk_armgcc_lib/bm/libksdk_platform.a(fsl_uart_hal.o)
                0x00006ef0                UART_HAL_Putchar
 .text.UART_HAL_Getchar
                0x00006ef6        0x8 C:/ProgramData/MATLAB/SupportPackages/R2022a/toolbox/target/supportpackages/freedomk64f/src/ksdk_armgcc_lib/bm/libksdk_platform.a(fsl_uart_hal.o)
                0x00006ef6                UART_HAL_Getchar
 .text.UART_HAL_SetIntMode
                0x00006efe       0x66 C:/ProgramData/MATLAB/SupportPackages/R2022a/toolbox/target/supportpackages/freedomk64f/src/ksdk_armgcc_lib/bm/libksdk_platform.a(fsl_uart_hal.o)
                0x00006efe                UART_HAL_SetIntMode
 .text.UART_HAL_GetStatusFlag
                0x00006f64       0x30 C:/ProgramData/MATLAB/SupportPackages/R2022a/toolbox/target/supportpackages/freedomk64f/src/ksdk_armgcc_lib/bm/libksdk_platform.a(fsl_uart_hal.o)
                0x00006f64                UART_HAL_GetStatusFlag
 .text.UART_HAL_ClearStatusFlag
                0x00006f94       0x7a C:/ProgramData/MATLAB/SupportPackages/R2022a/toolbox/target/supportpackages/freedomk64f/src/ksdk_armgcc_lib/bm/libksdk_platform.a(fsl_uart_hal.o)
                0x00006f94                UART_HAL_ClearStatusFlag
 *fill*         0x0000700e        0x2 
 .text.ceil     0x00007010      0x100 c:/progra~3/matlab/supportpackages/r2022a/3p.instrset/gnuarm-armcortex.instrset/win/bin/../lib/gcc/arm-none-eabi/9.3.1/../../../../arm-none-eabi/lib/thumb/v7e-m+fp/hard\libm.a(lib_a-s_ceil.o)
                0x00007010                ceil
 .text.abort    0x00007110       0x10 c:/progra~3/matlab/supportpackages/r2022a/3p.instrset/gnuarm-armcortex.instrset/win/bin/../lib/gcc/arm-none-eabi/9.3.1/../../../../arm-none-eabi/lib/thumb/v7e-m+fp/hard\libg.a(lib_a-abort.o)
                0x00007110                abort
 .text.__assert_func
                0x00007120       0x3c c:/progra~3/matlab/supportpackages/r2022a/3p.instrset/gnuarm-armcortex.instrset/win/bin/../lib/gcc/arm-none-eabi/9.3.1/../../../../arm-none-eabi/lib/thumb/v7e-m+fp/hard\libg.a(lib_a-assert.o)
                0x00007120                __assert_func
 .text.atexit   0x0000715c        0xc c:/progra~3/matlab/supportpackages/r2022a/3p.instrset/gnuarm-armcortex.instrset/win/bin/../lib/gcc/arm-none-eabi/9.3.1/../../../../arm-none-eabi/lib/thumb/v7e-m+fp/hard\libg.a(lib_a-atexit.o)
                0x0000715c                atexit
 .text.__errno  0x00007168        0xc c:/progra~3/matlab/supportpackages/r2022a/3p.instrset/gnuarm-armcortex.instrset/win/bin/../lib/gcc/arm-none-eabi/9.3.1/../../../../arm-none-eabi/lib/thumb/v7e-m+fp/hard\libg.a(lib_a-errno.o)
                0x00007168                __errno
 .text.exit     0x00007174       0x20 c:/progra~3/matlab/supportpackages/r2022a/3p.instrset/gnuarm-armcortex.instrset/win/bin/../lib/gcc/arm-none-eabi/9.3.1/../../../../arm-none-eabi/lib/thumb/v7e-m+fp/hard\libg.a(lib_a-exit.o)
                0x00007174                exit
 .text.__libc_fini_array
                0x00007194       0x2c c:/progra~3/matlab/supportpackages/r2022a/3p.instrset/gnuarm-armcortex.instrset/win/bin/../lib/gcc/arm-none-eabi/9.3.1/../../../../arm-none-eabi/lib/thumb/v7e-m+fp/hard\libg.a(lib_a-fini.o)
                0x00007194                __libc_fini_array
 .text.fiprintf
                0x000071c0       0x28 c:/progra~3/matlab/supportpackages/r2022a/3p.instrset/gnuarm-armcortex.instrset/win/bin/../lib/gcc/arm-none-eabi/9.3.1/../../../../arm-none-eabi/lib/thumb/v7e-m+fp/hard\libg.a(lib_a-fiprintf.o)
                0x000071c0                fiprintf
 .text.__libc_init_array
                0x000071e8       0x48 c:/progra~3/matlab/supportpackages/r2022a/3p.instrset/gnuarm-armcortex.instrset/win/bin/../lib/gcc/arm-none-eabi/9.3.1/../../../../arm-none-eabi/lib/thumb/v7e-m+fp/hard\libg.a(lib_a-init.o)
                0x000071e8                __libc_init_array
 .text._malloc_r
                0x00007230      0x574 c:/progra~3/matlab/supportpackages/r2022a/3p.instrset/gnuarm-armcortex.instrset/win/bin/../lib/gcc/arm-none-eabi/9.3.1/../../../../arm-none-eabi/lib/thumb/v7e-m+fp/hard\libg.a(lib_a-mallocr.o)
                0x00007230                _malloc_r
 .text.memset   0x000077a4       0xa0 c:/progra~3/matlab/supportpackages/r2022a/3p.instrset/gnuarm-armcortex.instrset/win/bin/../lib/gcc/arm-none-eabi/9.3.1/../../../../arm-none-eabi/lib/thumb/v7e-m+fp/hard\libg.a(lib_a-memset.o)
                0x000077a4                memset
 .text.__malloc_lock
                0x00007844        0xc c:/progra~3/matlab/supportpackages/r2022a/3p.instrset/gnuarm-armcortex.instrset/win/bin/../lib/gcc/arm-none-eabi/9.3.1/../../../../arm-none-eabi/lib/thumb/v7e-m+fp/hard\libg.a(lib_a-mlock.o)
                0x00007844                __malloc_lock
 .text.__malloc_unlock
                0x00007850        0xc c:/progra~3/matlab/supportpackages/r2022a/3p.instrset/gnuarm-armcortex.instrset/win/bin/../lib/gcc/arm-none-eabi/9.3.1/../../../../arm-none-eabi/lib/thumb/v7e-m+fp/hard\libg.a(lib_a-mlock.o)
                0x00007850                __malloc_unlock
 .text._sbrk_r  0x0000785c       0x24 c:/progra~3/matlab/supportpackages/r2022a/3p.instrset/gnuarm-armcortex.instrset/win/bin/../lib/gcc/arm-none-eabi/9.3.1/../../../../arm-none-eabi/lib/thumb/v7e-m+fp/hard\libg.a(lib_a-sbrkr.o)
                0x0000785c                _sbrk_r
 .text._raise_r
                0x00007880       0x58 c:/progra~3/matlab/supportpackages/r2022a/3p.instrset/gnuarm-armcortex.instrset/win/bin/../lib/gcc/arm-none-eabi/9.3.1/../../../../arm-none-eabi/lib/thumb/v7e-m+fp/hard\libg.a(lib_a-signal.o)
                0x00007880                _raise_r
 .text.raise    0x000078d8       0x10 c:/progra~3/matlab/supportpackages/r2022a/3p.instrset/gnuarm-armcortex.instrset/win/bin/../lib/gcc/arm-none-eabi/9.3.1/../../../../arm-none-eabi/lib/thumb/v7e-m+fp/hard\libg.a(lib_a-signal.o)
                0x000078d8                raise
 .text._kill_r  0x000078e8       0x2c c:/progra~3/matlab/supportpackages/r2022a/3p.instrset/gnuarm-armcortex.instrset/win/bin/../lib/gcc/arm-none-eabi/9.3.1/../../../../arm-none-eabi/lib/thumb/v7e-m+fp/hard\libg.a(lib_a-signalr.o)
                0x000078e8                _kill_r
 .text._getpid_r
                0x00007914        0x4 c:/progra~3/matlab/supportpackages/r2022a/3p.instrset/gnuarm-armcortex.instrset/win/bin/../lib/gcc/arm-none-eabi/9.3.1/../../../../arm-none-eabi/lib/thumb/v7e-m+fp/hard\libg.a(lib_a-signalr.o)
                0x00007914                _getpid_r
 .text.__sprint_r.part.0
                0x00007918       0x78 c:/progra~3/matlab/supportpackages/r2022a/3p.instrset/gnuarm-armcortex.instrset/win/bin/../lib/gcc/arm-none-eabi/9.3.1/../../../../arm-none-eabi/lib/thumb/v7e-m+fp/hard\libg.a(lib_a-vfiprintf.o)
 .text._vfiprintf_r
                0x00007990      0xd4c c:/progra~3/matlab/supportpackages/r2022a/3p.instrset/gnuarm-armcortex.instrset/win/bin/../lib/gcc/arm-none-eabi/9.3.1/../../../../arm-none-eabi/lib/thumb/v7e-m+fp/hard\libg.a(lib_a-vfiprintf.o)
                0x00007990                _vfiprintf_r
 .text.__sbprintf
                0x000086dc       0x84 c:/progra~3/matlab/supportpackages/r2022a/3p.instrset/gnuarm-armcortex.instrset/win/bin/../lib/gcc/arm-none-eabi/9.3.1/../../../../arm-none-eabi/lib/thumb/v7e-m+fp/hard\libg.a(lib_a-vfiprintf.o)
 .text.__swsetup_r
                0x00008760       0xd0 c:/progra~3/matlab/supportpackages/r2022a/3p.instrset/gnuarm-armcortex.instrset/win/bin/../lib/gcc/arm-none-eabi/9.3.1/../../../../arm-none-eabi/lib/thumb/v7e-m+fp/hard\libg.a(lib_a-wsetup.o)
                0x00008760                __swsetup_r
 .text.__register_exitproc
                0x00008830       0x8c c:/progra~3/matlab/supportpackages/r2022a/3p.instrset/gnuarm-armcortex.instrset/win/bin/../lib/gcc/arm-none-eabi/9.3.1/../../../../arm-none-eabi/lib/thumb/v7e-m+fp/hard\libg.a(lib_a-__atexit.o)
                0x00008830                __register_exitproc
 .text.startup.register_fini
                0x000088bc       0x14 c:/progra~3/matlab/supportpackages/r2022a/3p.instrset/gnuarm-armcortex.instrset/win/bin/../lib/gcc/arm-none-eabi/9.3.1/../../../../arm-none-eabi/lib/thumb/v7e-m+fp/hard\libg.a(lib_a-__call_atexit.o)
 .text.__call_exitprocs
                0x000088d0       0xcc c:/progra~3/matlab/supportpackages/r2022a/3p.instrset/gnuarm-armcortex.instrset/win/bin/../lib/gcc/arm-none-eabi/9.3.1/../../../../arm-none-eabi/lib/thumb/v7e-m+fp/hard\libg.a(lib_a-__call_atexit.o)
                0x000088d0                __call_exitprocs
 .text.__sflush_r
                0x0000899c      0x130 c:/progra~3/matlab/supportpackages/r2022a/3p.instrset/gnuarm-armcortex.instrset/win/bin/../lib/gcc/arm-none-eabi/9.3.1/../../../../arm-none-eabi/lib/thumb/v7e-m+fp/hard\libg.a(lib_a-fflush.o)
                0x0000899c                __sflush_r
 .text._fflush_r
                0x00008acc       0x5c c:/progra~3/matlab/supportpackages/r2022a/3p.instrset/gnuarm-armcortex.instrset/win/bin/../lib/gcc/arm-none-eabi/9.3.1/../../../../arm-none-eabi/lib/thumb/v7e-m+fp/hard\libg.a(lib_a-fflush.o)
                0x00008acc                _fflush_r
 .text.std      0x00008b28       0x50 c:/progra~3/matlab/supportpackages/r2022a/3p.instrset/gnuarm-armcortex.instrset/win/bin/../lib/gcc/arm-none-eabi/9.3.1/../../../../arm-none-eabi/lib/thumb/v7e-m+fp/hard\libg.a(lib_a-findfp.o)
 .text._cleanup_r
                0x00008b78        0xc c:/progra~3/matlab/supportpackages/r2022a/3p.instrset/gnuarm-armcortex.instrset/win/bin/../lib/gcc/arm-none-eabi/9.3.1/../../../../arm-none-eabi/lib/thumb/v7e-m+fp/hard\libg.a(lib_a-findfp.o)
                0x00008b78                _cleanup_r
 .text.__sinit  0x00008b84       0x54 c:/progra~3/matlab/supportpackages/r2022a/3p.instrset/gnuarm-armcortex.instrset/win/bin/../lib/gcc/arm-none-eabi/9.3.1/../../../../arm-none-eabi/lib/thumb/v7e-m+fp/hard\libg.a(lib_a-findfp.o)
                0x00008b84                __sinit
 .text.__sfp_lock_acquire
                0x00008bd8        0xc c:/progra~3/matlab/supportpackages/r2022a/3p.instrset/gnuarm-armcortex.instrset/win/bin/../lib/gcc/arm-none-eabi/9.3.1/../../../../arm-none-eabi/lib/thumb/v7e-m+fp/hard\libg.a(lib_a-findfp.o)
                0x00008bd8                __sfp_lock_acquire
 .text.__sfp_lock_release
                0x00008be4        0xc c:/progra~3/matlab/supportpackages/r2022a/3p.instrset/gnuarm-armcortex.instrset/win/bin/../lib/gcc/arm-none-eabi/9.3.1/../../../../arm-none-eabi/lib/thumb/v7e-m+fp/hard\libg.a(lib_a-findfp.o)
                0x00008be4                __sfp_lock_release
 .text.__fputwc
                0x00008bf0       0xa8 c:/progra~3/matlab/supportpackages/r2022a/3p.instrset/gnuarm-armcortex.instrset/win/bin/../lib/gcc/arm-none-eabi/9.3.1/../../../../arm-none-eabi/lib/thumb/v7e-m+fp/hard\libg.a(lib_a-fputwc.o)
                0x00008bf0                __fputwc
 .text._fputwc_r
                0x00008c98       0x68 c:/progra~3/matlab/supportpackages/r2022a/3p.instrset/gnuarm-armcortex.instrset/win/bin/../lib/gcc/arm-none-eabi/9.3.1/../../../../arm-none-eabi/lib/thumb/v7e-m+fp/hard\libg.a(lib_a-fputwc.o)
                0x00008c98                _fputwc_r
 .text._malloc_trim_r
                0x00008d00       0xa0 c:/progra~3/matlab/supportpackages/r2022a/3p.instrset/gnuarm-armcortex.instrset/win/bin/../lib/gcc/arm-none-eabi/9.3.1/../../../../arm-none-eabi/lib/thumb/v7e-m+fp/hard\libg.a(lib_a-freer.o)
                0x00008d00                _malloc_trim_r
 .text._free_r  0x00008da0      0x208 c:/progra~3/matlab/supportpackages/r2022a/3p.instrset/gnuarm-armcortex.instrset/win/bin/../lib/gcc/arm-none-eabi/9.3.1/../../../../arm-none-eabi/lib/thumb/v7e-m+fp/hard\libg.a(lib_a-freer.o)
                0x00008da0                _free_r
 .text.__sfvwrite_r
                0x00008fa8      0x2e0 c:/progra~3/matlab/supportpackages/r2022a/3p.instrset/gnuarm-armcortex.instrset/win/bin/../lib/gcc/arm-none-eabi/9.3.1/../../../../arm-none-eabi/lib/thumb/v7e-m+fp/hard\libg.a(lib_a-fvwrite.o)
                0x00008fa8                __sfvwrite_r
 .text._fwalk_reent
                0x00009288       0x48 c:/progra~3/matlab/supportpackages/r2022a/3p.instrset/gnuarm-armcortex.instrset/win/bin/../lib/gcc/arm-none-eabi/9.3.1/../../../../arm-none-eabi/lib/thumb/v7e-m+fp/hard\libg.a(lib_a-fwalk.o)
                0x00009288                _fwalk_reent
 .text.__locale_mb_cur_max
                0x000092d0        0xc c:/progra~3/matlab/supportpackages/r2022a/3p.instrset/gnuarm-armcortex.instrset/win/bin/../lib/gcc/arm-none-eabi/9.3.1/../../../../arm-none-eabi/lib/thumb/v7e-m+fp/hard\libg.a(lib_a-locale.o)
                0x000092d0                __locale_mb_cur_max
 .text._localeconv_r
                0x000092dc        0x8 c:/progra~3/matlab/supportpackages/r2022a/3p.instrset/gnuarm-armcortex.instrset/win/bin/../lib/gcc/arm-none-eabi/9.3.1/../../../../arm-none-eabi/lib/thumb/v7e-m+fp/hard\libg.a(lib_a-localeconv.o)
                0x000092dc                _localeconv_r
 .text.__retarget_lock_init_recursive
                0x000092e4        0x4 c:/progra~3/matlab/supportpackages/r2022a/3p.instrset/gnuarm-armcortex.instrset/win/bin/../lib/gcc/arm-none-eabi/9.3.1/../../../../arm-none-eabi/lib/thumb/v7e-m+fp/hard\libg.a(lib_a-lock.o)
                0x000092e4                __retarget_lock_init_recursive
 .text.__retarget_lock_close_recursive
                0x000092e8        0x4 c:/progra~3/matlab/supportpackages/r2022a/3p.instrset/gnuarm-armcortex.instrset/win/bin/../lib/gcc/arm-none-eabi/9.3.1/../../../../arm-none-eabi/lib/thumb/v7e-m+fp/hard\libg.a(lib_a-lock.o)
                0x000092e8                __retarget_lock_close_recursive
 .text.__retarget_lock_acquire_recursive
                0x000092ec        0x4 c:/progra~3/matlab/supportpackages/r2022a/3p.instrset/gnuarm-armcortex.instrset/win/bin/../lib/gcc/arm-none-eabi/9.3.1/../../../../arm-none-eabi/lib/thumb/v7e-m+fp/hard\libg.a(lib_a-lock.o)
                0x000092ec                __retarget_lock_acquire_recursive
 .text.__retarget_lock_release_recursive
                0x000092f0        0x4 c:/progra~3/matlab/supportpackages/r2022a/3p.instrset/gnuarm-armcortex.instrset/win/bin/../lib/gcc/arm-none-eabi/9.3.1/../../../../arm-none-eabi/lib/thumb/v7e-m+fp/hard\libg.a(lib_a-lock.o)
                0x000092f0                __retarget_lock_release_recursive
 .text.__swhatbuf_r
                0x000092f4       0x5c c:/progra~3/matlab/supportpackages/r2022a/3p.instrset/gnuarm-armcortex.instrset/win/bin/../lib/gcc/arm-none-eabi/9.3.1/../../../../arm-none-eabi/lib/thumb/v7e-m+fp/hard\libg.a(lib_a-makebuf.o)
                0x000092f4                __swhatbuf_r
 .text.__smakebuf_r
                0x00009350       0x98 c:/progra~3/matlab/supportpackages/r2022a/3p.instrset/gnuarm-armcortex.instrset/win/bin/../lib/gcc/arm-none-eabi/9.3.1/../../../../arm-none-eabi/lib/thumb/v7e-m+fp/hard\libg.a(lib_a-makebuf.o)
                0x00009350                __smakebuf_r
 .text.__ascii_mbtowc
                0x000093e8       0x2c c:/progra~3/matlab/supportpackages/r2022a/3p.instrset/gnuarm-armcortex.instrset/win/bin/../lib/gcc/arm-none-eabi/9.3.1/../../../../arm-none-eabi/lib/thumb/v7e-m+fp/hard\libg.a(lib_a-mbtowc_r.o)
                0x000093e8                __ascii_mbtowc
 .text.memmove  0x00009414       0xd8 c:/progra~3/matlab/supportpackages/r2022a/3p.instrset/gnuarm-armcortex.instrset/win/bin/../lib/gcc/arm-none-eabi/9.3.1/../../../../arm-none-eabi/lib/thumb/v7e-m+fp/hard\libg.a(lib_a-memmove.o)
                0x00009414                memmove
 .text._realloc_r
                0x000094ec      0x3e0 c:/progra~3/matlab/supportpackages/r2022a/3p.instrset/gnuarm-armcortex.instrset/win/bin/../lib/gcc/arm-none-eabi/9.3.1/../../../../arm-none-eabi/lib/thumb/v7e-m+fp/hard\libg.a(lib_a-reallocr.o)
                0x000094ec                _realloc_r
 .text.__sread  0x000098cc       0x24 c:/progra~3/matlab/supportpackages/r2022a/3p.instrset/gnuarm-armcortex.instrset/win/bin/../lib/gcc/arm-none-eabi/9.3.1/../../../../arm-none-eabi/lib/thumb/v7e-m+fp/hard\libg.a(lib_a-stdio.o)
                0x000098cc                __sread
 .text.__swrite
                0x000098f0       0x40 c:/progra~3/matlab/supportpackages/r2022a/3p.instrset/gnuarm-armcortex.instrset/win/bin/../lib/gcc/arm-none-eabi/9.3.1/../../../../arm-none-eabi/lib/thumb/v7e-m+fp/hard\libg.a(lib_a-stdio.o)
                0x000098f0                __swrite
 .text.__sseek  0x00009930       0x20 c:/progra~3/matlab/supportpackages/r2022a/3p.instrset/gnuarm-armcortex.instrset/win/bin/../lib/gcc/arm-none-eabi/9.3.1/../../../../arm-none-eabi/lib/thumb/v7e-m+fp/hard\libg.a(lib_a-stdio.o)
                0x00009930                __sseek
 .text.__sclose
                0x00009950        0x8 c:/progra~3/matlab/supportpackages/r2022a/3p.instrset/gnuarm-armcortex.instrset/win/bin/../lib/gcc/arm-none-eabi/9.3.1/../../../../arm-none-eabi/lib/thumb/v7e-m+fp/hard\libg.a(lib_a-stdio.o)
                0x00009950                __sclose
 .text.strncpy  0x00009958       0x68 c:/progra~3/matlab/supportpackages/r2022a/3p.instrset/gnuarm-armcortex.instrset/win/bin/../lib/gcc/arm-none-eabi/9.3.1/../../../../arm-none-eabi/lib/thumb/v7e-m+fp/hard\libg.a(lib_a-strncpy.o)
                0x00009958                strncpy
 .text.__swbuf_r
                0x000099c0       0xb0 c:/progra~3/matlab/supportpackages/r2022a/3p.instrset/gnuarm-armcortex.instrset/win/bin/../lib/gcc/arm-none-eabi/9.3.1/../../../../arm-none-eabi/lib/thumb/v7e-m+fp/hard\libg.a(lib_a-wbuf.o)
                0x000099c0                __swbuf_r
 .text._wcrtomb_r
                0x00009a70       0x3c c:/progra~3/matlab/supportpackages/r2022a/3p.instrset/gnuarm-armcortex.instrset/win/bin/../lib/gcc/arm-none-eabi/9.3.1/../../../../arm-none-eabi/lib/thumb/v7e-m+fp/hard\libg.a(lib_a-wcrtomb.o)
                0x00009a70                _wcrtomb_r
 .text.__ascii_wctomb
                0x00009aac       0x1c c:/progra~3/matlab/supportpackages/r2022a/3p.instrset/gnuarm-armcortex.instrset/win/bin/../lib/gcc/arm-none-eabi/9.3.1/../../../../arm-none-eabi/lib/thumb/v7e-m+fp/hard\libg.a(lib_a-wctomb_r.o)
                0x00009aac                __ascii_wctomb
 .text._write_r
                0x00009ac8       0x2c c:/progra~3/matlab/supportpackages/r2022a/3p.instrset/gnuarm-armcortex.instrset/win/bin/../lib/gcc/arm-none-eabi/9.3.1/../../../../arm-none-eabi/lib/thumb/v7e-m+fp/hard\libg.a(lib_a-writer.o)
                0x00009ac8                _write_r
 .text._close_r
                0x00009af4       0x24 c:/progra~3/matlab/supportpackages/r2022a/3p.instrset/gnuarm-armcortex.instrset/win/bin/../lib/gcc/arm-none-eabi/9.3.1/../../../../arm-none-eabi/lib/thumb/v7e-m+fp/hard\libg.a(lib_a-closer.o)
                0x00009af4                _close_r
 .text._fclose_r
                0x00009b18       0xcc c:/progra~3/matlab/supportpackages/r2022a/3p.instrset/gnuarm-armcortex.instrset/win/bin/../lib/gcc/arm-none-eabi/9.3.1/../../../../arm-none-eabi/lib/thumb/v7e-m+fp/hard\libg.a(lib_a-fclose.o)
                0x00009b18                _fclose_r
 .text._fstat_r
                0x00009be4       0x2c c:/progra~3/matlab/supportpackages/r2022a/3p.instrset/gnuarm-armcortex.instrset/win/bin/../lib/gcc/arm-none-eabi/9.3.1/../../../../arm-none-eabi/lib/thumb/v7e-m+fp/hard\libg.a(lib_a-fstatr.o)
                0x00009be4                _fstat_r
 .text._isatty_r
                0x00009c10       0x24 c:/progra~3/matlab/supportpackages/r2022a/3p.instrset/gnuarm-armcortex.instrset/win/bin/../lib/gcc/arm-none-eabi/9.3.1/../../../../arm-none-eabi/lib/thumb/v7e-m+fp/hard\libg.a(lib_a-isattyr.o)
                0x00009c10                _isatty_r
 .text._lseek_r
                0x00009c34       0x2c c:/progra~3/matlab/supportpackages/r2022a/3p.instrset/gnuarm-armcortex.instrset/win/bin/../lib/gcc/arm-none-eabi/9.3.1/../../../../arm-none-eabi/lib/thumb/v7e-m+fp/hard\libg.a(lib_a-lseekr.o)
                0x00009c34                _lseek_r
 .text._read_r  0x00009c60       0x2c c:/progra~3/matlab/supportpackages/r2022a/3p.instrset/gnuarm-armcortex.instrset/win/bin/../lib/gcc/arm-none-eabi/9.3.1/../../../../arm-none-eabi/lib/thumb/v7e-m+fp/hard\libg.a(lib_a-readr.o)
                0x00009c60                _read_r
 .text._close   0x00009c8c       0x10 c:/progra~3/matlab/supportpackages/r2022a/3p.instrset/gnuarm-armcortex.instrset/win/bin/../lib/gcc/arm-none-eabi/9.3.1/../../../../arm-none-eabi/lib/thumb/v7e-m+fp/hard\libnosys.a(close.o)
                0x00009c8c                _close
 .text._fstat   0x00009c9c       0x10 c:/progra~3/matlab/supportpackages/r2022a/3p.instrset/gnuarm-armcortex.instrset/win/bin/../lib/gcc/arm-none-eabi/9.3.1/../../../../arm-none-eabi/lib/thumb/v7e-m+fp/hard\libnosys.a(fstat.o)
                0x00009c9c                _fstat
 .text._getpid  0x00009cac       0x10 c:/progra~3/matlab/supportpackages/r2022a/3p.instrset/gnuarm-armcortex.instrset/win/bin/../lib/gcc/arm-none-eabi/9.3.1/../../../../arm-none-eabi/lib/thumb/v7e-m+fp/hard\libnosys.a(getpid.o)
                0x00009cac                _getpid
 .text._isatty  0x00009cbc       0x10 c:/progra~3/matlab/supportpackages/r2022a/3p.instrset/gnuarm-armcortex.instrset/win/bin/../lib/gcc/arm-none-eabi/9.3.1/../../../../arm-none-eabi/lib/thumb/v7e-m+fp/hard\libnosys.a(isatty.o)
                0x00009cbc                _isatty
 .text._kill    0x00009ccc       0x10 c:/progra~3/matlab/supportpackages/r2022a/3p.instrset/gnuarm-armcortex.instrset/win/bin/../lib/gcc/arm-none-eabi/9.3.1/../../../../arm-none-eabi/lib/thumb/v7e-m+fp/hard\libnosys.a(kill.o)
                0x00009ccc                _kill
 .text._lseek   0x00009cdc       0x10 c:/progra~3/matlab/supportpackages/r2022a/3p.instrset/gnuarm-armcortex.instrset/win/bin/../lib/gcc/arm-none-eabi/9.3.1/../../../../arm-none-eabi/lib/thumb/v7e-m+fp/hard\libnosys.a(lseek.o)
                0x00009cdc                _lseek
 .text._read    0x00009cec       0x10 c:/progra~3/matlab/supportpackages/r2022a/3p.instrset/gnuarm-armcortex.instrset/win/bin/../lib/gcc/arm-none-eabi/9.3.1/../../../../arm-none-eabi/lib/thumb/v7e-m+fp/hard\libnosys.a(read.o)
                0x00009cec                _read
 .text._write   0x00009cfc       0x10 c:/progra~3/matlab/supportpackages/r2022a/3p.instrset/gnuarm-armcortex.instrset/win/bin/../lib/gcc/arm-none-eabi/9.3.1/../../../../arm-none-eabi/lib/thumb/v7e-m+fp/hard\libnosys.a(write.o)
                0x00009cfc                _write
 .text._exit    0x00009d0c        0x4 c:/progra~3/matlab/supportpackages/r2022a/3p.instrset/gnuarm-armcortex.instrset/win/bin/../lib/gcc/arm-none-eabi/9.3.1/../../../../arm-none-eabi/lib/thumb/v7e-m+fp/hard\libnosys.a(_exit.o)
                0x00009d0c                _exit
 *(.rodata)
 .rodata        0x00009d10       0x44 MW_PWM.o
 .rodata        0x00009d54       0x50 board.o
 *(.rodata*)
 .rodata.__func__.7647
                0x00009da4       0x14 MW_PWM.o
 .rodata.AAI_M  0x00009db8        0x4 AAI.o
                0x00009db8                AAI_M
 .rodata.g_defaultClockConfigRun
                0x00009dbc       0x16 board.o
                0x00009dbc                g_defaultClockConfigRun
 *fill*         0x00009dd2        0x2 
 .rodata.__func__.7550
                0x00009dd4       0x14 board.o
 .rodata.os_maxtaskrun
                0x00009de8        0x2 RTX_Conf_CM.o
                0x00009de8                os_maxtaskrun
 *fill*         0x00009dea        0x2 
 .rodata.os_stackinfo
                0x00009dec        0x4 RTX_Conf_CM.o
                0x00009dec                os_stackinfo
 .rodata.os_trv
                0x00009df0        0x4 RTX_Conf_CM.o
                0x00009df0                os_trv
 .rodata.os_flags
                0x00009df4        0x1 RTX_Conf_CM.o
                0x00009df4                os_flags
 *fill*         0x00009df5        0x3 
 .rodata.os_clockrate
                0x00009df8        0x4 RTX_Conf_CM.o
                0x00009df8                os_clockrate
 .rodata.mp_tcb_size
                0x00009dfc        0x2 RTX_Conf_CM.o
                0x00009dfc                mp_tcb_size
 *fill*         0x00009dfe        0x2 
 .rodata.mp_stk_size
                0x00009e00        0x4 RTX_Conf_CM.o
                0x00009e00                mp_stk_size
 .rodata.os_stack_sz
                0x00009e04        0x4 RTX_Conf_CM.o
                0x00009e04                os_stack_sz
 .rodata.os_fifo_size
                0x00009e08        0x1 RTX_Conf_CM.o
                0x00009e08                os_fifo_size
 *fill*         0x00009e09        0x3 
 .rodata.os_thread_def_osTimerThread
                0x00009e0c       0x10 RTX_Conf_CM.o
                0x00009e0c                os_thread_def_osTimerThread
 .rodata.os_messageQ_def_osTimerMessageQ
                0x00009e1c        0x8 RTX_Conf_CM.o
                0x00009e1c                os_messageQ_def_osTimerMessageQ
 .rodata.mp_tmr_size
                0x00009e24        0x2 RTX_Conf_CM.o
                0x00009e24                mp_tmr_size
 *fill*         0x00009e26        0x2 
 .rodata.os_thread_def_main
                0x00009e28       0x10 RTX_Conf_CM.o
                0x00009e28                os_thread_def_main
 .rodata.OSA_SemaCreate.str1.1
                0x00009e38       0x46 C:/ProgramData/MATLAB/SupportPackages/R2022a/toolbox/target/supportpackages/freedomk64f/src/ksdk_armgcc_lib/bm/libksdk_platform.a(fsl_os_abstraction_bm.o)
 .rodata.__func__.9377
                0x00009e7e        0xd C:/ProgramData/MATLAB/SupportPackages/R2022a/toolbox/target/supportpackages/freedomk64f/src/ksdk_armgcc_lib/bm/libksdk_platform.a(fsl_os_abstraction_bm.o)
 .rodata.CLOCK_SYS_Init.str1.1
                0x00009e8b       0x73 C:/ProgramData/MATLAB/SupportPackages/R2022a/toolbox/target/supportpackages/freedomk64f/src/ksdk_armgcc_lib/bm/libksdk_platform.a(fsl_clock_manager.o)
 .rodata.CLOCK_SYS_OscDeinit.str1.1
                0x00009efe       0x1e C:/ProgramData/MATLAB/SupportPackages/R2022a/toolbox/target/supportpackages/freedomk64f/src/ksdk_armgcc_lib/bm/libksdk_platform.a(fsl_clock_manager.o)
 .rodata.CLOCK_SYS_RtcOscInit.str1.1
                0x00009f1c       0x1e C:/ProgramData/MATLAB/SupportPackages/R2022a/toolbox/target/supportpackages/freedomk64f/src/ksdk_armgcc_lib/bm/libksdk_platform.a(fsl_clock_manager.o)
 .rodata.__func__.9466
                0x00009f3a       0x12 C:/ProgramData/MATLAB/SupportPackages/R2022a/toolbox/target/supportpackages/freedomk64f/src/ksdk_armgcc_lib/bm/libksdk_platform.a(fsl_clock_manager.o)
 .rodata.__func__.9483
                0x00009f4c       0x15 C:/ProgramData/MATLAB/SupportPackages/R2022a/toolbox/target/supportpackages/freedomk64f/src/ksdk_armgcc_lib/bm/libksdk_platform.a(fsl_clock_manager.o)
 *fill*         0x00009f61        0x3 
 .rodata.g_oscBase
                0x00009f64        0x4 C:/ProgramData/MATLAB/SupportPackages/R2022a/toolbox/target/supportpackages/freedomk64f/src/ksdk_armgcc_lib/bm/libksdk_platform.a(fsl_clock_manager_common.o)
                0x00009f64                g_oscBase
 .rodata.CLOCK_SYS_SetConfiguration.str1.1
                0x00009f68       0x5d C:/ProgramData/MATLAB/SupportPackages/R2022a/toolbox/target/supportpackages/freedomk64f/src/ksdk_armgcc_lib/bm/libksdk_platform.a(fsl_clock_MK64F12.o)
 .rodata.CLOCK_SYS_EnablePortClock.str1.1
                0x00009fc5       0x3a C:/ProgramData/MATLAB/SupportPackages/R2022a/toolbox/target/supportpackages/freedomk64f/src/ksdk_armgcc_lib/bm/libksdk_platform.a(fsl_clock_MK64F12.o)
 .rodata.CLOCK_SYS_EnableFtmClock.str1.1
                0x00009fff       0x38 C:/ProgramData/MATLAB/SupportPackages/R2022a/toolbox/target/supportpackages/freedomk64f/src/ksdk_armgcc_lib/bm/libksdk_platform.a(fsl_clock_MK64F12.o)
 .rodata.__func__.9073
                0x0000a037       0x1b C:/ProgramData/MATLAB/SupportPackages/R2022a/toolbox/target/supportpackages/freedomk64f/src/ksdk_armgcc_lib/bm/libksdk_platform.a(fsl_clock_MK64F12.o)
 .rodata.__func__.9228
                0x0000a052       0x1a C:/ProgramData/MATLAB/SupportPackages/R2022a/toolbox/target/supportpackages/freedomk64f/src/ksdk_armgcc_lib/bm/libksdk_platform.a(fsl_clock_MK64F12.o)
 .rodata.__func__.9267